<html>
<body>
<pre>
<h1>µVision Build Log</h1>
<h2>Tool Versions:</h2>
IDE-Version: µVision V5.25.2.0
Copyright (C) 2018 ARM Ltd and ARM Germany GmbH. All rights reserved.
License Information: ij Administrator, uhiuhuh, LIC=----
 
Tool Versions:
Toolchain:       MDK-Lite  Version: 5.25.2.0
Toolchain Path:  E:\Program Files\keil\ARM\ARMCC\Bin
C Compiler:      Armcc.exe V5.06 update 6 (build 750)
Assembler:       Armasm.exe V5.06 update 6 (build 750)
Linker/Locator:  ArmLink.exe V5.06 update 6 (build 750)
Library Manager: ArmAr.exe V5.06 update 6 (build 750)
Hex Converter:   FromElf.exe V5.06 update 6 (build 750)
CPU DLL:         SARMCM3.DLL V5.25.2.0
Dialog DLL:      DCM.DLL V1.17.1.0
Target DLL:      lmidk-agdi.dll V???
Dialog DLL:      TCM.DLL V1.35.1.0
 
<h2>Project:</h2>
E:\ECE210 Final Project\ECE210-Video-Black\ECE210-Video - Black\ECE210_Video.uvprojx
Project File Date:  04/25/2018

<h2>Output:</h2>
*** Using Compiler 'V5.06 update 6 (build 750)', folder: 'E:\Program Files\keil\ARM\ARMCC\Bin'
Rebuild target 'ECE353-Test-Code'
compiling lab_buttons.c...
compiling main.c...
main.c(28): warning:  #1295-D: Deprecated declaration start - give arg types
  void start();
main.c(29): warning:  #1295-D: Deprecated declaration play - give arg types
  void play();
main.c(30): warning:  #1295-D: Deprecated declaration select - give arg types
  void select();
main.c(183): warning:  #177-D: variable "width_pixels"  was declared but never referenced
  		uint16_t	width_pixels = X_WIDTH_PXL;
main.c(184): warning:  #177-D: variable "height_pixels"  was declared but never referenced
  		uint16_t 	height_pixels = X_HEIGHT_PXL;
main.c(186): warning:  #177-D: variable "width_pixels"  was declared but never referenced
  		uint16_t	width_pixels = O_WIDTH_PXL;
main.c(187): warning:  #177-D: variable "height_pixels"  was declared but never referenced
  		uint16_t 	height_pixels = O_HEIGHT_PXL;
main.c(173): warning:  #177-D: variable "x_pos"  was declared but never referenced
  	uint16_t 	x_pos =  20	;// x_pos holds the x position of the right corner of the image
main.c(175): warning:  #177-D: variable "renderArray"  was declared but never referenced
  	uint16_t renderArray[9] = {0, 0, 0, 0, 0, 0, 0, 0, 0};
main.c(176): warning:  #177-D: variable "renderArrayPosX"  was declared but never referenced
    uint16_t renderArrayPosX[9] = {20, 100, 180,  20, 100, 180,  20, 100, 180};
main.c(177): warning:  #177-D: variable "renderArrayPosY"  was declared but never referenced
  	uint16_t renderArrayPosY[9] = {20,  20,  20, 120, 120, 120, 200, 200, 200};
main.c(178): warning:  #177-D: variable "direction"  was declared but never referenced
  	uint8_t direction;
main.c(179): warning:  #177-D: variable "curIndex"  was declared but never referenced
  	uint16_t curIndex = 0;
main.c: 13 warnings, 0 errors
compiling Logo.black.c...
assembling startup_TM4C123.s...
compiling O_IMAGE.c...
compiling x_IMAGE_BITMAP.c...
compiling system_TM4C123.c...
linking...
Program Size: Code=19540 RO-data=6692 RW-data=44 ZI-data=6652  
".\obj\ece353_base_project.axf" - 0 Error(s), 13 Warning(s).

<h2>Software Packages used:</h2>

Package Vendor: ARM
                http://www.keil.com/pack/ARM.CMSIS.5.3.0.pack
                ARM.CMSIS.5.3.0
                CMSIS (Cortex Microcontroller Software Interface Standard)
   * Component: CORE Version: 5.1.1

Package Vendor: Keil
                http://www.keil.com/pack/Keil.TM4C_DFP.1.1.0.pack
                Keil.TM4C_DFP.1.1.0
                Texas Instruments Tiva C Series Device Support and Examples
   * Component: Startup Version: 1.0.1

<h2>Collection of Component include folders:</h2>
  .\RTE\_ECE353-Test-Code
  E:\Program Files\keil\ARM\PACK\ARM\CMSIS\5.3.0\CMSIS\Include
  E:\Program Files\keil\ARM\PACK\Keil\TM4C_DFP\1.1.0\Device\Include\TM4C123

<h2>Collection of Component Files used:</h2>

   * Component: ARM::CMSIS:CORE:5.1.1

   * Component: Keil::Device:Startup:1.0.1
      Source file:   Device\Source\system_TM4C123.c
      Include file:  Device\Include\TM4C123\TM4C123.h
      Source file:   Device\Source\ARM\startup_TM4C123.s
Build Time Elapsed:  00:00:01
</pre>
</body>
</html>
