Component: ARM Compiler 5.06 update 6 (build 750) Tool: armlink [4d35ed]

==============================================================================

Section Cross References

    main.o(.text) refers to ece210_api.o(.text) for ece210_lcd_draw_rectangle
    main.o(.text) refers to lab_buttons.o(.text) for btn_right_pressed
    main.o(.text) refers to main.o(.data) for y_pos
    main.o(.text) refers to x_image_bitmap.o(.constdata) for X_bitmap
    main.o(.text) refers to o_image.o(.constdata) for O_bitmap
    main.o(.text) refers to logo.black.o(.constdata) for Logo_bitmap
    main.o(.text) refers to ece210_api.o(.data) for AlertButtons
    lab_buttons.o(.text) refers to ece210_api.o(.text) for ece210_buttons_read
    startup_tm4c123.o(RESET) refers to startup_tm4c123.o(STACK) for __initial_sp
    startup_tm4c123.o(RESET) refers to startup_tm4c123.o(.text) for Reset_Handler
    startup_tm4c123.o(RESET) refers to ece210_api.o(.text) for GPIOE_Handler
    startup_tm4c123.o(RESET) refers to serial_debug.o(.text) for UART0_Handler
    startup_tm4c123.o(RESET) refers to ps2.o(.text) for ADC0SS0_Handler
    startup_tm4c123.o(RESET) refers to mezz_audio.o(.text) for TIMER3A_Handler
    startup_tm4c123.o(.text) refers to system_tm4c123.o(.text) for SystemInit
    startup_tm4c123.o(.text) refers to entry.o(.ARM.Collect$$$$00000000) for __main
    system_tm4c123.o(.text) refers to system_tm4c123.o(.data) for SystemCoreClock
    ece210_api.o(.text) refers to io_expander.o(.text) for io_expander_read_reg
    ece210_api.o(.text) refers to ws2812b_1.o(FLASH) for WS2812B_write
    ece210_api.o(.text) refers to gptimer.o(.text) for gp_timer_set_32_bit_period
    ece210_api.o(.text) refers to ps2.o(.text) for ps2_get_x
    ece210_api.o(.text) refers to mezz_audio.o(.text) for mezz_audio_set_comparator_threshold
    ece210_api.o(.text) refers to lcd.o(.text) for lcd_draw_rectangle
    ece210_api.o(.text) refers to lcd_fonts.o(.text) for lcd_print_string
    ece210_api.o(.text) refers to wireless.o(.text) for wireless_configure_device
    ece210_api.o(.text) refers to serial_debug.o(.text) for init_serial_debug
    ece210_api.o(.text) refers to launchpad_io.o(.text) for lp_io_init
    ece210_api.o(.text) refers to ft6x06.o(.text) for ft6x06_init
    ece210_api.o(.text) refers to lcd_terminal.o(.text) for terminal_init_screen
    ece210_api.o(.text) refers to spi_select.o(.text) for spi_select_init
    ece210_api.o(.text) refers to ece210_api.o(.bss) for ws2812_leds
    ece210_api.o(.text) refers to ece210_api.o(.data) for DELAY_1MS
    ece210_api.o(.text) refers to lcd_fonts.o(.constdata) for calibri_14ptFontInfo
    ece210_api.o(.text) refers to mezz_audio.o(.data) for AUDIO_DATA
    ft6x06.o(.text) refers to i2c.o(.text) for I2CMasterBusy
    ft6x06.o(.text) refers to gpio_port.o(.text) for gpio_enable_port
    ft6x06.o(.text) refers to printf8.o(i.__0printf$8) for __2printf
    io_expander.o(.text) refers to i2c.o(.text) for i2cSetSlaveAddr
    io_expander.o(.text) refers to gpio_port.o(.text) for gpio_enable_port
    lcd.o(.text) refers to gpio_port.o(.text) for gpio_enable_port
    lcd_fonts.o(.text) refers to lcd.o(.text) for lcd_draw_char
    lcd_terminal.o(.text) refers to lcd.o(.text) for lcd_draw_box
    lcd_terminal.o(.text) refers to lcd_fonts.o(.text) for lcd_print_string
    lcd_terminal.o(.text) refers to memseta.o(.text) for __aeabi_memclr
    lcd_terminal.o(.text) refers to strcpy.o(.text) for strcpy
    lcd_terminal.o(.text) refers to malloc.o(i.malloc) for malloc
    lcd_terminal.o(.text) refers to malloc.o(i.free) for free
    lcd_terminal.o(.text) refers to lcd_fonts.o(.constdata) for calibri_14ptFontInfo
    lcd_terminal.o(.text) refers to lcd_terminal.o(.bss) for LCD_Terminal
    lcd_terminal.o(.text) refers to lcd_terminal.o(.data) for User_Input_Index
    ps2.o(.text) refers to gpio_port.o(.text) for gpio_enable_port
    ps2.o(.text) refers to gptimer.o(.text) for gp_timer_config
    ps2.o(.text) refers to ps2.o(.data) for PS2_X_DATA
    serial_debug.o(.text) refers to pc_buffer.o(.text) for pc_buffer_empty
    serial_debug.o(.text) refers to ece210_api.o(.text) for DisableInterrupts
    serial_debug.o(.text) refers to uart.o(.text) for uart_tx_poll
    serial_debug.o(.text) refers to gpio_port.o(.text) for gpio_enable_port
    serial_debug.o(.text) refers to serial_debug.o(.data) for Tx_Interrupts_Enabled
    serial_debug.o(.text) refers to serial_debug.o(.bss) for UART0_Tx_Buffer
    serial_debug.o(.text) refers to stdout.o(.data) for __stdout
    spi_select.o(.text) refers to gpio_port.o(.text) for gpio_enable_port
    wireless.o(.text) refers to spi.o(.text) for spiTx
    wireless.o(.text) refers to gpio_port.o(.text) for gpio_enable_port
    wireless.o(.data) refers to wireless.o(.conststring) for .conststring
    mezz_audio.o(.text) refers to adc.o(.text) for adc_get_rcgc_mask
    mezz_audio.o(.text) refers to gpio_port.o(.text) for gpio_enable_port
[...]
    printf4.o(i.__0sprintf$4) refers to printf4.o(i._printf_core) for _printf_core
    printf4.o(i.__0sprintf$4) refers to printf4.o(i._sputc) for _sputc
    printf4.o(i.__0vfprintf$4) refers to printf4.o(i._printf_core) for _printf_core
    printf4.o(i.__0vfprintf$4) refers to serial_debug.o(.text) for fputc
    printf4.o(i.__0vprintf$4) refers to printf4.o(i._printf_core) for _printf_core
    printf4.o(i.__0vprintf$4) refers to serial_debug.o(.text) for fputc
    printf4.o(i.__0vprintf$4) refers to stdout.o(.data) for __stdout
    printf4.o(i.__0vsnprintf$4) refers to printf4.o(i._printf_core) for _printf_core
    printf4.o(i.__0vsnprintf$4) refers to printf4.o(i._snputc) for _snputc
    printf4.o(i.__0vsprintf$4) refers to printf4.o(i._printf_core) for _printf_core
    printf4.o(i.__0vsprintf$4) refers to printf4.o(i._sputc) for _sputc
    printf4.o(i._printf_core) refers to uldiv.o(.text) for __aeabi_uldivmod
    printf5.o(i.__0fprintf$5) refers to printf5.o(i._printf_core) for _printf_core
    printf5.o(i.__0fprintf$5) refers to serial_debug.o(.text) for fputc
    printf5.o(i.__0printf$5) refers to printf5.o(i._printf_core) for _printf_core
    printf5.o(i.__0printf$5) refers to serial_debug.o(.text) for fputc
    printf5.o(i.__0printf$5) refers to stdout.o(.data) for __stdout
    printf5.o(i.__0snprintf$5) refers to printf5.o(i._printf_core) for _printf_core
    printf5.o(i.__0snprintf$5) refers to printf5.o(i._snputc) for _snputc
    printf5.o(i.__0sprintf$5) refers to printf5.o(i._printf_core) for _printf_core
    printf5.o(i.__0sprintf$5) refers to printf5.o(i._sputc) for _sputc
    printf5.o(i.__0vfprintf$5) refers to printf5.o(i._printf_core) for _printf_core
    printf5.o(i.__0vfprintf$5) refers to serial_debug.o(.text) for fputc
    printf5.o(i.__0vprintf$5) refers to printf5.o(i._printf_core) for _printf_core
    printf5.o(i.__0vprintf$5) refers to serial_debug.o(.text) for fputc
    printf5.o(i.__0vprintf$5) refers to stdout.o(.data) for __stdout
    printf5.o(i.__0vsnprintf$5) refers to printf5.o(i._printf_core) for _printf_core
    printf5.o(i.__0vsnprintf$5) refers to printf5.o(i._snputc) for _snputc
    printf5.o(i.__0vsprintf$5) refers to printf5.o(i._printf_core) for _printf_core
    printf5.o(i.__0vsprintf$5) refers to printf5.o(i._sputc) for _sputc
    printf5.o(i._printf_core) refers to uldiv.o(.text) for __aeabi_uldivmod
    printf6.o(i.__0fprintf$6) refers to printf6.o(i._printf_core) for _printf_core
    printf6.o(i.__0fprintf$6) refers to serial_debug.o(.text) for fputc
    printf6.o(i.__0printf$6) refers to printf6.o(i._printf_core) for _printf_core
    printf6.o(i.__0printf$6) refers to serial_debug.o(.text) for fputc
    printf6.o(i.__0printf$6) refers to stdout.o(.data) for __stdout
    printf6.o(i.__0snprintf$6) refers to printf6.o(i._printf_core) for _printf_core
    printf6.o(i.__0snprintf$6) refers to printf6.o(i._snputc) for _snputc
    printf6.o(i.__0sprintf$6) refers to printf6.o(i._printf_core) for _printf_core
    printf6.o(i.__0sprintf$6) refers to printf6.o(i._sputc) for _sputc
    printf6.o(i.__0vfprintf$6) refers to printf6.o(i._printf_core) for _printf_core
    printf6.o(i.__0vfprintf$6) refers to serial_debug.o(.text) for fputc
    printf6.o(i.__0vprintf$6) refers to printf6.o(i._printf_core) for _printf_core
    printf6.o(i.__0vprintf$6) refers to serial_debug.o(.text) for fputc
    printf6.o(i.__0vprintf$6) refers to stdout.o(.data) for __stdout
    printf6.o(i.__0vsnprintf$6) refers to printf6.o(i._printf_core) for _printf_core
    printf6.o(i.__0vsnprintf$6) refers to printf6.o(i._snputc) for _snputc
    printf6.o(i.__0vsprintf$6) refers to printf6.o(i._printf_core) for _printf_core
    printf6.o(i.__0vsprintf$6) refers to printf6.o(i._sputc) for _sputc
    printf6.o(i._printf_core) refers to printf6.o(i._printf_pre_padding) for _printf_pre_padding
    printf6.o(i._printf_core) refers to uidiv.o(.text) for __aeabi_uidivmod
    printf6.o(i._printf_core) refers to printf6.o(i._printf_post_padding) for _printf_post_padding
    printf7.o(i.__0fprintf$7) refers to printf7.o(i._printf_core) for _printf_core
    printf7.o(i.__0fprintf$7) refers to serial_debug.o(.text) for fputc
    printf7.o(i.__0printf$7) refers to printf7.o(i._printf_core) for _printf_core
    printf7.o(i.__0printf$7) refers to serial_debug.o(.text) for fputc
    printf7.o(i.__0printf$7) refers to stdout.o(.data) for __stdout
    printf7.o(i.__0snprintf$7) refers to printf7.o(i._printf_core) for _printf_core
    printf7.o(i.__0snprintf$7) refers to printf7.o(i._snputc) for _snputc
    printf7.o(i.__0sprintf$7) refers to printf7.o(i._printf_core) for _printf_core
    printf7.o(i.__0sprintf$7) refers to printf7.o(i._sputc) for _sputc
    printf7.o(i.__0vfprintf$7) refers to printf7.o(i._printf_core) for _printf_core
    printf7.o(i.__0vfprintf$7) refers to serial_debug.o(.text) for fputc
    printf7.o(i.__0vprintf$7) refers to printf7.o(i._printf_core) for _printf_core
    printf7.o(i.__0vprintf$7) refers to serial_debug.o(.text) for fputc
    printf7.o(i.__0vprintf$7) refers to stdout.o(.data) for __stdout
    printf7.o(i.__0vsnprintf$7) refers to printf7.o(i._printf_core) for _printf_core
    printf7.o(i.__0vsnprintf$7) refers to printf7.o(i._snputc) for _snputc
    printf7.o(i.__0vsprintf$7) refers to printf7.o(i._printf_core) for _printf_core
    printf7.o(i.__0vsprintf$7) refers to printf7.o(i._sputc) for _sputc
    printf7.o(i._printf_core) refers to printf7.o(i._printf_pre_padding) for _printf_pre_padding
    printf7.o(i._printf_core) refers to uldiv.o(.text) for __aeabi_uldivmod
    printf7.o(i._printf_core) refers to printf7.o(i._printf_post_padding) for _printf_post_padding
    printf8.o(i.__0fprintf$8) refers to printf8.o(i._printf_core) for _printf_core
    printf8.o(i.__0fprintf$8) refers to serial_debug.o(.text) for fputc
    printf8.o(i.__0printf$8) refers to printf8.o(i._printf_core) for _printf_core
    printf8.o(i.__0printf$8) refers to serial_debug.o(.text) for fputc
    printf8.o(i.__0printf$8) refers to stdout.o(.data) for __stdout
    printf8.o(i.__0snprintf$8) refers to printf8.o(i._printf_core) for _printf_core
    printf8.o(i.__0snprintf$8) refers to printf8.o(i._snputc) for _snputc
    printf8.o(i.__0sprintf$8) refers to printf8.o(i._printf_core) for _printf_core
    printf8.o(i.__0sprintf$8) refers to printf8.o(i._sputc) for _sputc
    printf8.o(i.__0vfprintf$8) refers to printf8.o(i._printf_core) for _printf_core
    printf8.o(i.__0vfprintf$8) refers to serial_debug.o(.text) for fputc
    printf8.o(i.__0vprintf$8) refers to printf8.o(i._printf_core) for _printf_core
    printf8.o(i.__0vprintf$8) refers to serial_debug.o(.text) for fputc
    printf8.o(i.__0vprintf$8) refers to stdout.o(.data) for __stdout
    printf8.o(i.__0vsnprintf$8) refers to printf8.o(i._printf_core) for _printf_core
    printf8.o(i.__0vsnprintf$8) refers to printf8.o(i._snputc) for _snputc
    printf8.o(i.__0vsprintf$8) refers to printf8.o(i._printf_core) for _printf_core
    printf8.o(i.__0vsprintf$8) refers to printf8.o(i._sputc) for _sputc
    printf8.o(i._printf_core) refers to printf8.o(i._printf_pre_padding) for _printf_pre_padding
    printf8.o(i._printf_core) refers to uldiv.o(.text) for __aeabi_uldivmod
    printf8.o(i._printf_core) refers to printf8.o(i._printf_post_padding) for _printf_post_padding
    printfa.o(i.__0fprintf) refers (Special) to iusefp.o(.text) for __I$use$fp
    printfa.o(i.__0fprintf) refers to printfa.o(i._printf_core) for _printf_core
    printfa.o(i.__0fprintf) refers to serial_debug.o(.text) for fputc
    printfa.o(i.__0printf) refers (Special) to iusefp.o(.text) for __I$use$fp
    printfa.o(i.__0printf) refers to printfa.o(i._printf_core) for _printf_core
    printfa.o(i.__0printf) refers to serial_debug.o(.text) for fputc
    printfa.o(i.__0printf) refers to stdout.o(.data) for __stdout
    printfa.o(i.__0snprintf) refers (Special) to iusefp.o(.text) for __I$use$fp
    printfa.o(i.__0snprintf) refers to printfa.o(i._printf_core) for _printf_core
    printfa.o(i.__0snprintf) refers to printfa.o(i._snputc) for _snputc
    printfa.o(i.__0sprintf) refers (Special) to iusefp.o(.text) for __I$use$fp
    printfa.o(i.__0sprintf) refers to printfa.o(i._printf_core) for _printf_core
    printfa.o(i.__0sprintf) refers to printfa.o(i._sputc) for _sputc
    printfa.o(i.__0vfprintf) refers (Special) to iusefp.o(.text) for __I$use$fp
    printfa.o(i.__0vfprintf) refers to printfa.o(i._printf_core) for _printf_core
    printfa.o(i.__0vfprintf) refers to serial_debug.o(.text) for fputc
    printfa.o(i.__0vprintf) refers (Special) to iusefp.o(.text) for __I$use$fp
    printfa.o(i.__0vprintf) refers to printfa.o(i._printf_core) for _printf_core
    printfa.o(i.__0vprintf) refers to serial_debug.o(.text) for fputc
    printfa.o(i.__0vprintf) refers to stdout.o(.data) for __stdout
    printfa.o(i.__0vsnprintf) refers (Special) to iusefp.o(.text) for __I$use$fp
    printfa.o(i.__0vsnprintf) refers to printfa.o(i._printf_core) for _printf_core
    printfa.o(i.__0vsnprintf) refers to printfa.o(i._snputc) for _snputc
    printfa.o(i.__0vsprintf) refers (Special) to iusefp.o(.text) for __I$use$fp
    printfa.o(i.__0vsprintf) refers to printfa.o(i._printf_core) for _printf_core
    printfa.o(i.__0vsprintf) refers to printfa.o(i._sputc) for _sputc
    printfa.o(i._fp_digits) refers (Special) to iusefp.o(.text) for __I$use$fp
    printfa.o(i._fp_digits) refers to dmul.o(.text) for __aeabi_dmul
    printfa.o(i._fp_digits) refers to ddiv.o(.text) for __aeabi_ddiv
    printfa.o(i._fp_digits) refers to cdrcmple.o(.text) for __aeabi_cdrcmple
    printfa.o(i._fp_digits) refers to dadd.o(.text) for __aeabi_dadd
    printfa.o(i._fp_digits) refers to dfixul.o(.text) for __aeabi_d2ulz
    printfa.o(i._fp_digits) refers to uldiv.o(.text) for __aeabi_uldivmod
    printfa.o(i._printf_core) refers (Special) to iusefp.o(.text) for __I$use$fp
    printfa.o(i._printf_core) refers to printfa.o(i._printf_pre_padding) for _printf_pre_padding
    printfa.o(i._printf_core) refers to uldiv.o(.text) for __aeabi_uldivmod
    printfa.o(i._printf_core) refers to printfa.o(i._printf_post_padding) for _printf_post_padding
    printfa.o(i._printf_core) refers to printfa.o(i._fp_digits) for _fp_digits
    printfa.o(i._printf_core) refers to uidiv.o(.text) for __aeabi_uidivmod
    printfa.o(i._printf_post_padding) refers (Special) to iusefp.o(.text) for __I$use$fp
    printfa.o(i._printf_pre_padding) refers (Special) to iusefp.o(.text) for __I$use$fp
    printfa.o(i._snputc) refers (Special) to iusefp.o(.text) for __I$use$fp
    printfa.o(i._sputc) refers (Special) to iusefp.o(.text) for __I$use$fp
    malloc.o(i.free) refers to mvars.o(.data) for __microlib_freelist
    malloc.o(i.malloc) refers to mvars.o(.data) for __microlib_freelist_initialised
    malloc.o(i.malloc) refers to mvars.o(.data) for __microlib_freelist
    malloc.o(i.malloc) refers to startup_tm4c123.o(HEAP) for __heap_base
    mallocr.o(i.__free$realloc) refers to mvars.o(.data) for __microlib_freelist
    mallocr.o(i.__malloc$realloc) refers to mallocr.o(i.internal_alloc) for internal_alloc
    mallocr.o(i.__malloc$realloc) refers to mvars.o(.data) for __microlib_freelist_initialised
    mallocr.o(i.__malloc$realloc) refers to startup_tm4c123.o(HEAP) for __heap_base
    mallocr.o(i.__malloc$realloc) refers to mvars.o(.data) for __microlib_freelist
    mallocr.o(i.internal_alloc) refers to memcpya.o(.text) for __aeabi_memcpy
    mallocr.o(i.internal_alloc) refers to mvars.o(.data) for __microlib_freelist
    mallocr.o(i.realloc) refers to mallocr.o(i.__free$realloc) for __free$realloc
    mallocr.o(i.realloc) refers to mallocr.o(i.internal_alloc) for internal_alloc
    mallocr.o(i.realloc) refers to mallocr.o(i.__malloc$realloc) for __malloc$realloc
    mallocr.o(i.realloc) refers to mvars.o(.data) for __microlib_freelist
    malloca.o(i.__aligned_malloc) refers to mvars.o(.data) for __microlib_freelist_initialised
    malloca.o(i.__aligned_malloc) refers to mvars.o(.data) for __microlib_freelist
    malloca.o(i.__aligned_malloc) refers to startup_tm4c123.o(HEAP) for __heap_base
    malloca.o(i.__free$memalign) refers to mvars.o(.data) for __microlib_freelist
    malloca.o(i.__malloc$memalign) refers to malloca.o(i.__aligned_malloc) for __aligned_malloc
    mallocra.o(i.__aligned_malloc$realloc) refers to mallocra.o(i.internal_alloc) for internal_alloc
    mallocra.o(i.__aligned_malloc$realloc) refers to mvars.o(.data) for __microlib_freelist_initialised
    mallocra.o(i.__aligned_malloc$realloc) refers to startup_tm4c123.o(HEAP) for __heap_base
    mallocra.o(i.__aligned_malloc$realloc) refers to mvars.o(.data) for __microlib_freelist
    mallocra.o(i.__free$realloc$memalign) refers to mvars.o(.data) for __microlib_freelist
    mallocra.o(i.__malloc$realloc$memalign) refers to mallocra.o(i.__aligned_malloc$realloc) for __aligned_malloc$realloc
    mallocra.o(i.__realloc$memalign) refers to mallocra.o(i.__free$realloc$memalign) for __free$realloc$memalign
    mallocra.o(i.__realloc$memalign) refers to mallocra.o(i.internal_alloc) for internal_alloc
    mallocra.o(i.__realloc$memalign) refers to mallocra.o(i.__malloc$realloc$memalign) for __malloc$realloc$memalign
    mallocra.o(i.__realloc$memalign) refers to mvars.o(.data) for __microlib_freelist
    mallocra.o(i.internal_alloc) refers to memcpya.o(.text) for __aeabi_memcpy
    mallocra.o(i.internal_alloc) refers to mvars.o(.data) for __microlib_freelist
    entry2.o(.ARM.Collect$$$$00000001) refers to entry2.o(.ARM.Collect$$$$00002712) for __lit__00000000
    entry2.o(.ARM.Collect$$$$00002712) refers to startup_tm4c123.o(STACK) for __initial_sp
    entry2.o(__vectab_stack_and_reset_area) refers to startup_tm4c123.o(STACK) for __initial_sp
    entry2.o(__vectab_stack_and_reset_area) refers to entry.o(.ARM.Collect$$$$00000000) for __main
    entry5.o(.ARM.Collect$$$$00000004) refers to init.o(.text) for __scatterload
    entry9a.o(.ARM.Collect$$$$0000000B) refers to main.o(.text) for main
    entry9b.o(.ARM.Collect$$$$0000000C) refers to main.o(.text) for main
    uldiv.o(.text) refers to llushr.o(.text) for __aeabi_llsr
    uldiv.o(.text) refers to llshl.o(.text) for __aeabi_llsl
    dadd.o(.text) refers to llshl.o(.text) for __aeabi_llsl
    dadd.o(.text) refers to llsshr.o(.text) for __aeabi_lasr
    dadd.o(.text) refers to depilogue.o(.text) for _double_epilogue
    dmul.o(.text) refers to depilogue.o(.text) for _double_epilogue
    ddiv.o(.text) refers to depilogue.o(.text) for _double_round
    dfixul.o(.text) refers to llushr.o(.text) for __aeabi_llsr
    dfixul.o(.text) refers to llshl.o(.text) for __aeabi_llsl
    init.o(.text) refers to entry5.o(.ARM.Collect$$$$00000004) for __main_after_scatterload
    depilogue.o(.text) refers to llshl.o(.text) for __aeabi_llsl
    depilogue.o(.text) refers to llushr.o(.text) for __aeabi_llsr


==============================================================================

Removing Unused input sections from the image.

    Removing main.o(.rev16_text), (4 bytes).
    Removing main.o(.revsh_text), (4 bytes).
    Removing main.o(.rrx_text), (6 bytes).
    Removing lab_buttons.o(.rev16_text), (4 bytes).
    Removing lab_buttons.o(.revsh_text), (4 bytes).
    Removing lab_buttons.o(.rrx_text), (6 bytes).
    Removing logo.black.o(.rev16_text), (4 bytes).
    Removing logo.black.o(.revsh_text), (4 bytes).
    Removing logo.black.o(.rrx_text), (6 bytes).
    Removing o_image.o(.rev16_text), (4 bytes).
    Removing o_image.o(.revsh_text), (4 bytes).
    Removing o_image.o(.rrx_text), (6 bytes).
    Removing x_image_bitmap.o(.rev16_text), (4 bytes).
    Removing x_image_bitmap.o(.revsh_text), (4 bytes).
    Removing x_image_bitmap.o(.rrx_text), (6 bytes).
    Removing system_tm4c123.o(.rev16_text), (4 bytes).
    Removing system_tm4c123.o(.revsh_text), (4 bytes).
    Removing system_tm4c123.o(.rrx_text), (6 bytes).
    Removing ece210_api.o(.rev16_text), (4 bytes).
    Removing ece210_api.o(.revsh_text), (4 bytes).
    Removing ece210_api.o(.rrx_text), (6 bytes).
    Removing gptimer.o(.rev16_text), (4 bytes).
    Removing gptimer.o(.revsh_text), (4 bytes).
    Removing gptimer.o(.rrx_text), (6 bytes).
    Removing ft6x06.o(.rev16_text), (4 bytes).
    Removing ft6x06.o(.revsh_text), (4 bytes).
    Removing ft6x06.o(.rrx_text), (6 bytes).
    Removing io_expander.o(.rev16_text), (4 bytes).
    Removing io_expander.o(.revsh_text), (4 bytes).
    Removing io_expander.o(.rrx_text), (6 bytes).
    Removing lcd.o(.rev16_text), (4 bytes).
    Removing lcd.o(.revsh_text), (4 bytes).
    Removing lcd.o(.rrx_text), (6 bytes).
    Removing lcd_fonts.o(.rev16_text), (4 bytes).
    Removing lcd_fonts.o(.revsh_text), (4 bytes).
    Removing lcd_fonts.o(.rrx_text), (6 bytes).
    Removing lcd_terminal.o(.rev16_text), (4 bytes).
    Removing lcd_terminal.o(.revsh_text), (4 bytes).
    Removing lcd_terminal.o(.rrx_text), (6 bytes).
    Removing ps2.o(.rev16_text), (4 bytes).
    Removing ps2.o(.revsh_text), (4 bytes).
    Removing ps2.o(.rrx_text), (6 bytes).
    Removing serial_debug.o(.rev16_text), (4 bytes).
    Removing serial_debug.o(.revsh_text), (4 bytes).
    Removing serial_debug.o(.rrx_text), (6 bytes).
    Removing spi_select.o(.rev16_text), (4 bytes).
    Removing spi_select.o(.revsh_text), (4 bytes).
    Removing spi_select.o(.rrx_text), (6 bytes).
    Removing wireless.o(.rev16_text), (4 bytes).
    Removing wireless.o(.revsh_text), (4 bytes).
    Removing wireless.o(.rrx_text), (6 bytes).
    Removing wireless.o(.conststring), (125 bytes).
    Removing wireless.o(.data), (24 bytes).
    Removing launchpad_io.o(.rev16_text), (4 bytes).
    Removing launchpad_io.o(.revsh_text), (4 bytes).
    Removing launchpad_io.o(.rrx_text), (6 bytes).
    Removing mezz_audio.o(.rev16_text), (4 bytes).
    Removing mezz_audio.o(.revsh_text), (4 bytes).
    Removing mezz_audio.o(.rrx_text), (6 bytes).
    Removing adc.o(.rev16_text), (4 bytes).
    Removing adc.o(.revsh_text), (4 bytes).
    Removing adc.o(.rrx_text), (6 bytes).
    Removing gpio_port.o(.rev16_text), (4 bytes).
    Removing gpio_port.o(.revsh_text), (4 bytes).
    Removing gpio_port.o(.rrx_text), (6 bytes).
    Removing i2c.o(.rev16_text), (4 bytes).
    Removing i2c.o(.revsh_text), (4 bytes).
    Removing i2c.o(.rrx_text), (6 bytes).
    Removing spi.o(.rev16_text), (4 bytes).
    Removing spi.o(.revsh_text), (4 bytes).
    Removing spi.o(.rrx_text), (6 bytes).
    Removing uart.o(.rev16_text), (4 bytes).
    Removing uart.o(.revsh_text), (4 bytes).
    Removing uart.o(.rrx_text), (6 bytes).
    Removing mcp47fvbxx.o(.rev16_text), (4 bytes).
    Removing mcp47fvbxx.o(.revsh_text), (4 bytes).
    Removing mcp47fvbxx.o(.rrx_text), (6 bytes).
    Removing dadd.o(.text), (334 bytes).
    Removing dmul.o(.text), (228 bytes).
    Removing ddiv.o(.text), (222 bytes).
    Removing dfixul.o(.text), (48 bytes).
    Removing cdrcmple.o(.text), (48 bytes).
    Removing depilogue.o(.text), (186 bytes).

83 unused section(s) (total 1565 bytes) removed from the image.

==============================================================================

Image Symbol Table

    Local Symbols

    Symbol Name                              Value     Ov Type        Size  Object(Section)

    RESET                                    0x00000000   Section      620  startup_tm4c123.o(RESET)
    ../clib/microlib/division.c              0x00000000   Number         0  uldiv.o ABSOLUTE
    ../clib/microlib/division.c              0x00000000   Number         0  uidiv.o ABSOLUTE
    ../clib/microlib/init/entry.s            0x00000000   Number         0  entry10b.o ABSOLUTE
    ../clib/microlib/init/entry.s            0x00000000   Number         0  entry5.o ABSOLUTE
    ../clib/microlib/init/entry.s            0x00000000   Number         0  entry2.o ABSOLUTE
    ../clib/microlib/init/entry.s            0x00000000   Number         0  entry.o ABSOLUTE
    ../clib/microlib/init/entry.s            0x00000000   Number         0  entry11b.o ABSOLUTE
    ../clib/microlib/init/entry.s            0x00000000   Number         0  entry11a.o ABSOLUTE
    ../clib/microlib/init/entry.s            0x00000000   Number         0  entry10a.o ABSOLUTE
    ../clib/microlib/init/entry.s            0x00000000   Number         0  entry9b.o ABSOLUTE
    ../clib/microlib/init/entry.s            0x00000000   Number         0  entry9a.o ABSOLUTE
    ../clib/microlib/init/entry.s            0x00000000   Number         0  entry8b.o ABSOLUTE
    ../clib/microlib/init/entry.s            0x00000000   Number         0  entry8a.o ABSOLUTE
    ../clib/microlib/init/entry.s            0x00000000   Number         0  entry7b.o ABSOLUTE
    ../clib/microlib/init/entry.s            0x00000000   Number         0  entry7a.o ABSOLUTE
    ../clib/microlib/longlong.c              0x00000000   Number         0  llshl.o ABSOLUTE
    ../clib/microlib/longlong.c              0x00000000   Number         0  llushr.o ABSOLUTE
    ../clib/microlib/longlong.c              0x00000000   Number         0  llsshr.o ABSOLUTE
    ../clib/microlib/malloc/malloc.c         0x00000000   Number         0  mallocra.o ABSOLUTE
    ../clib/microlib/malloc/malloc.c         0x00000000   Number         0  malloc.o ABSOLUTE
    ../clib/microlib/malloc/malloc.c         0x00000000   Number         0  malloca.o ABSOLUTE
    ../clib/microlib/malloc/malloc.c         0x00000000   Number         0  mallocr.o ABSOLUTE
    ../clib/microlib/malloc/mvars.c          0x00000000   Number         0  mvars.o ABSOLUTE
    ../clib/microlib/printf/printf.c         0x00000000   Number         0  printfa.o ABSOLUTE
    ../clib/microlib/printf/printf.c         0x00000000   Number         0  printf8.o ABSOLUTE
    ../clib/microlib/printf/printf.c         0x00000000   Number         0  printf7.o ABSOLUTE
    ../clib/microlib/printf/printf.c         0x00000000   Number         0  printf6.o ABSOLUTE
    ../clib/microlib/printf/printf.c         0x00000000   Number         0  printf5.o ABSOLUTE
    ../clib/microlib/printf/printf.c         0x00000000   Number         0  printf4.o ABSOLUTE
    ../clib/microlib/printf/printf.c         0x00000000   Number         0  printf3.o ABSOLUTE
    ../clib/microlib/printf/printf.c         0x00000000   Number         0  printf2.o ABSOLUTE
    ../clib/microlib/printf/printf.c         0x00000000   Number         0  printf1.o ABSOLUTE
    ../clib/microlib/printf/printf.c         0x00000000   Number         0  printf0.o ABSOLUTE
    ../clib/microlib/printf/printf.c         0x00000000   Number         0  printfb.o ABSOLUTE
    ../clib/microlib/printf/stubs.s          0x00000000   Number         0  stubs.o ABSOLUTE
    ../clib/microlib/stdio/streams.c         0x00000000   Number         0  stdout.o ABSOLUTE
    ../clib/microlib/string/memcpy.c         0x00000000   Number         0  memcpyb.o ABSOLUTE
    ../clib/microlib/string/memcpy.c         0x00000000   Number         0  memcpya.o ABSOLUTE
    ../clib/microlib/string/memset.c         0x00000000   Number         0  memseta.o ABSOLUTE
    ../clib/microlib/string/strcpy.c         0x00000000   Number         0  strcpy.o ABSOLUTE
    ../clib/microlib/stubs.s                 0x00000000   Number         0  iusefp.o ABSOLUTE
    ../fplib/microlib/fpadd.c                0x00000000   Number         0  dadd.o ABSOLUTE
    ../fplib/microlib/fpdiv.c                0x00000000   Number         0  ddiv.o ABSOLUTE
    ../fplib/microlib/fpepilogue.c           0x00000000   Number         0  depilogue.o ABSOLUTE
    ../fplib/microlib/fpfix.c                0x00000000   Number         0  dfixul.o ABSOLUTE
    ../fplib/microlib/fpmul.c                0x00000000   Number         0  dmul.o ABSOLUTE
    ..\\drivers\\c\\adc.c                    0x00000000   Number         0  adc.o ABSOLUTE
    ..\\drivers\\c\\gpio_port.c              0x00000000   Number         0  gpio_port.o ABSOLUTE
    ..\\drivers\\c\\gptimer.c                0x00000000   Number         0  gptimer.o ABSOLUTE
    ..\\drivers\\c\\i2c.c                    0x00000000   Number         0  i2c.o ABSOLUTE
    ..\\drivers\\c\\spi.c                    0x00000000   Number         0  spi.o ABSOLUTE
    ..\\drivers\\c\\uart.c                   0x00000000   Number         0  uart.o ABSOLUTE
    ..\\peripherals\\c\\ece210_api.c         0x00000000   Number         0  ece210_api.o ABSOLUTE
    ..\\peripherals\\c\\ft6x06.c             0x00000000   Number         0  ft6x06.o ABSOLUTE
    ..\\peripherals\\c\\io_expander.c        0x00000000   Number         0  io_expander.o ABSOLUTE
    ..\\peripherals\\c\\launchpad_io.c       0x00000000   Number         0  launchpad_io.o ABSOLUTE
    ..\\peripherals\\c\\lcd.c                0x00000000   Number         0  lcd.o ABSOLUTE
    ..\\peripherals\\c\\lcd_fonts.c          0x00000000   Number         0  lcd_fonts.o ABSOLUTE
    ..\\peripherals\\c\\lcd_terminal.c       0x00000000   Number         0  lcd_terminal.o ABSOLUTE
    ..\\peripherals\\c\\mcp47fvbxx.c         0x00000000   Number         0  mcp47fvbxx.o ABSOLUTE
    ..\\peripherals\\c\\mezz_audio.c         0x00000000   Number         0  mezz_audio.o ABSOLUTE
    ..\\peripherals\\c\\ps2.c                0x00000000   Number         0  ps2.o ABSOLUTE
    ..\\peripherals\\c\\serial_debug.c       0x00000000   Number         0  serial_debug.o ABSOLUTE
    ..\\peripherals\\c\\spi_select.c         0x00000000   Number         0  spi_select.o ABSOLUTE
    ..\\peripherals\\c\\wireless.c           0x00000000   Number         0  wireless.o ABSOLUTE
    ..\drivers\c\adc.c                       0x00000000   Number         0  adc.o ABSOLUTE
    ..\drivers\c\gpio_port.c                 0x00000000   Number         0  gpio_port.o ABSOLUTE
    ..\drivers\c\gptimer.c                   0x00000000   Number         0  gptimer.o ABSOLUTE
    ..\drivers\c\i2c.c                       0x00000000   Number         0  i2c.o ABSOLUTE
    ..\drivers\c\pc_buffer.c                 0x00000000   Number         0  pc_buffer.o ABSOLUTE
    ..\drivers\c\spi.c                       0x00000000   Number         0  spi.o ABSOLUTE
    ..\drivers\c\uart.c                      0x00000000   Number         0  uart.o ABSOLUTE
    ..\peripherals\c\ece210_api.c            0x00000000   Number         0  ece210_api.o ABSOLUTE
    ..\peripherals\c\ft6x06.c                0x00000000   Number         0  ft6x06.o ABSOLUTE
    ..\peripherals\c\io_expander.c           0x00000000   Number         0  io_expander.o ABSOLUTE
    ..\peripherals\c\launchpad_io.c          0x00000000   Number         0  launchpad_io.o ABSOLUTE
    ..\peripherals\c\lcd.c                   0x00000000   Number         0  lcd.o ABSOLUTE
    ..\peripherals\c\lcd_fonts.c             0x00000000   Number         0  lcd_fonts.o ABSOLUTE
    ..\peripherals\c\lcd_terminal.c          0x00000000   Number         0  lcd_terminal.o ABSOLUTE
    ..\peripherals\c\mcp47fvbxx.c            0x00000000   Number         0  mcp47fvbxx.o ABSOLUTE
    ..\peripherals\c\mezz_audio.c            0x00000000   Number         0  mezz_audio.o ABSOLUTE
    ..\peripherals\c\ps2.c                   0x00000000   Number         0  ps2.o ABSOLUTE
    ..\peripherals\c\serial_debug.c          0x00000000   Number         0  serial_debug.o ABSOLUTE
    ..\peripherals\c\spi_select.c            0x00000000   Number         0  spi_select.o ABSOLUTE
    ..\peripherals\c\wireless.c              0x00000000   Number         0  wireless.o ABSOLUTE
    ..\peripherals\c\ws2812b.s               0x00000000   Number         0  ws2812b_1.o ABSOLUTE
    Logo.black.c                             0x00000000   Number         0  logo.black.o ABSOLUTE
    Logo.black.c                             0x00000000   Number         0  logo.black.o ABSOLUTE
    O_IMAGE.c                                0x00000000   Number         0  o_image.o ABSOLUTE
    O_IMAGE.c                                0x00000000   Number         0  o_image.o ABSOLUTE
    RTE\Device\TM4C123GH6PM\startup_TM4C123.s 0x00000000   Number         0  startup_tm4c123.o ABSOLUTE
    RTE\Device\TM4C123GH6PM\system_TM4C123.c 0x00000000   Number         0  system_tm4c123.o ABSOLUTE
    RTE\\Device\\TM4C123GH6PM\\system_TM4C123.c 0x00000000   Number         0  system_tm4c123.o ABSOLUTE
    cdrcmple.s                               0x00000000   Number         0  cdrcmple.o ABSOLUTE
    dc.s                                     0x00000000   Number         0  dc.o ABSOLUTE
    handlers.s                               0x00000000   Number         0  handlers.o ABSOLUTE
    init.s                                   0x00000000   Number         0  init.o ABSOLUTE
    lab_buttons.c                            0x00000000   Number         0  lab_buttons.o ABSOLUTE
    lab_buttons.c                            0x00000000   Number         0  lab_buttons.o ABSOLUTE
    main.c                                   0x00000000   Number         0  main.o ABSOLUTE
    main.c                                   0x00000000   Number         0  main.o ABSOLUTE
    x_IMAGE_BITMAP.c                         0x00000000   Number         0  x_image_bitmap.o ABSOLUTE
    x_IMAGE_BITMAP.c                         0x00000000   Number         0  x_image_bitmap.o ABSOLUTE
    .ARM.Collect$$$$00000000                 0x0000026c   Section        0  entry.o(.ARM.Collect$$$$00000000)
    .ARM.Collect$$$$00000001                 0x0000026c   Section        4  entry2.o(.ARM.Collect$$$$00000001)
    .ARM.Collect$$$$00000004                 0x00000270   Section        4  entry5.o(.ARM.Collect$$$$00000004)
    .ARM.Collect$$$$00000008                 0x00000274   Section        0  entry7b.o(.ARM.Collect$$$$00000008)
    .ARM.Collect$$$$0000000A                 0x00000274   Section        0  entry8b.o(.ARM.Collect$$$$0000000A)
    .ARM.Collect$$$$0000000B                 0x00000274   Section        8  entry9a.o(.ARM.Collect$$$$0000000B)
    .ARM.Collect$$$$0000000D                 0x0000027c   Section        0  entry10a.o(.ARM.Collect$$$$0000000D)
    .ARM.Collect$$$$0000000F                 0x0000027c   Section        0  entry11a.o(.ARM.Collect$$$$0000000F)
    .ARM.Collect$$$$00002712                 0x0000027c   Section        4  entry2.o(.ARM.Collect$$$$00002712)
    __lit__00000000                          0x0000027c   Data           4  entry2.o(.ARM.Collect$$$$00002712)
    .text                                    0x00000280   Section        0  main.o(.text)
    .text                                    0x000007b0   Section        0  lab_buttons.o(.text)
    .text                                    0x00000808   Section      252  startup_tm4c123.o(.text)
    $v0                                      0x00000808   Number         0  startup_tm4c123.o(.text)
    .text                                    0x00000904   Section        0  system_tm4c123.o(.text)
    getOscClk                                0x00000905   Thumb Code   182  system_tm4c123.o(.text)
    .text                                    0x00000b50   Section        0  ece210_api.o(.text)
    ws2812b_init                             0x00000b51   Thumb Code    70  ece210_api.o(.text)
    platform_timers_init                     0x00000c7f   Thumb Code    80  ece210_api.o(.text)
    .text                                    0x00000fd8   Section        0  gptimer.o(.text)
    NVIC_SetPriority                         0x00000fd9   Thumb Code    32  gptimer.o(.text)
    NVIC_EnableIRQ                           0x0000130f   Thumb Code    22  gptimer.o(.text)
    .text                                    0x00001340   Section        0  ft6x06.o(.text)
    .text                                    0x000015f8   Section        0  io_expander.o(.text)
    .text                                    0x00001788   Section        0  lcd.o(.text)
    lcd_write_cmd_u8                         0x000017a3   Thumb Code    34  lcd.o(.text)
    lcd_write_data_u8                        0x000017c5   Thumb Code    36  lcd.o(.text)
    lcd_write_data_u16                       0x000017e9   Thumb Code    60  lcd.o(.text)
    .text                                    0x00002296   Section        0  lcd_fonts.o(.text)
    .text                                    0x0000241c   Section        0  lcd_terminal.o(.text)
    terminal_clear_line                      0x0000241d   Thumb Code    46  lcd_terminal.o(.text)
    terminal_update_line                     0x0000244b   Thumb Code    62  lcd_terminal.o(.text)
    .text                                    0x00002f34   Section        0  ps2.o(.text)
    initialize_adc_gpio_pins                 0x00002f35   Thumb Code    34  ps2.o(.text)
    ps2_configure_adc                        0x00002f57   Thumb Code    88  ps2.o(.text)
    ps2_configure_digital_comparitors        0x00002faf   Thumb Code   124  ps2.o(.text)
    initialize_adc_timer                     0x00003083   Thumb Code    80  ps2.o(.text)
    NVIC_EnableIRQ                           0x000031db   Thumb Code    22  ps2.o(.text)
    .text                                    0x0000322c   Section        0  serial_debug.o(.text)
    .text                                    0x0000343c   Section        0  spi_select.o(.text)
    .text                                    0x000034e0   Section        0  wireless.o(.text)
    wireless_reg_read                        0x000034ef   Thumb Code    40  wireless.o(.text)
    wireless_reg_write                       0x00003517   Thumb Code    40  wireless.o(.text)
    wireless_rx_data_payload                 0x0000353f   Thumb Code    80  wireless.o(.text)
    wireless_set_rx_addr                     0x0000358f   Thumb Code   118  wireless.o(.text)
    wireless_get_status                      0x00003605   Thumb Code    32  wireless.o(.text)
    wireless_CSN_low                         0x00003969   Thumb Code    18  wireless.o(.text)
    wireless_CSN_high                        0x0000397b   Thumb Code    18  wireless.o(.text)
    wireless_CE_low                          0x0000398d   Thumb Code    16  wireless.o(.text)
    wireless_CE_high                         0x0000399d   Thumb Code    16  wireless.o(.text)
    wireless_flush_tx_fifo                   0x000039ad   Thumb Code    28  wireless.o(.text)
    wireless_flush_rx_fifo                   0x000039c9   Thumb Code    28  wireless.o(.text)
    wireless_rx_fifo_empty                   0x000039e5   Thumb Code    24  wireless.o(.text)
    wireless_status_tx_ds_asserted           0x000039fd   Thumb Code    16  wireless.o(.text)
    wireless_status_tx_full_asserted         0x00003a0d   Thumb Code    16  wireless.o(.text)
    wireless_clear_max_rt                    0x00003a1d   Thumb Code    12  wireless.o(.text)
    .text                                    0x00003a38   Section        0  launchpad_io.o(.text)
    .text                                    0x00003afc   Section        0  mezz_audio.o(.text)
    mezz_audio_comparator_gpio_init          0x00003c81   Thumb Code    34  mezz_audio.o(.text)
    mezz_audio_gpio_init                     0x00003ca3   Thumb Code    40  mezz_audio.o(.text)
    initialize_adc_timer                     0x00003ccb   Thumb Code    78  mezz_audio.o(.text)
    NVIC_EnableIRQ                           0x00003d79   Thumb Code    22  mezz_audio.o(.text)
    .text                                    0x00003dbc   Section        0  adc.o(.text)
    verify_base_addr                         0x00003dbd   Thumb Code    26  adc.o(.text)
    .text                                    0x00003ee4   Section        0  gpio_port.o(.text)
    verify_base_addr                         0x00003ee5   Thumb Code    64  gpio_port.o(.text)
    .text                                    0x000041a8   Section        0  i2c.o(.text)
    .text                                    0x000043b0   Section        0  pc_buffer.o(.text)
    .text                                    0x0000442c   Section        0  spi.o(.text)
    .text                                    0x000045b8   Section        0  uart.o(.text)
    .text                                    0x00004828   Section        0  mcp47fvbxx.o(.text)
    .text                                    0x000049ac   Section        0  memseta.o(.text)
    .text                                    0x000049d0   Section        0  strcpy.o(.text)
    .text                                    0x000049e2   Section        0  uldiv.o(.text)
    .text                                    0x00004a44   Section       36  init.o(.text)
    .text                                    0x00004a68   Section        0  llshl.o(.text)
    .text                                    0x00004a86   Section        0  llushr.o(.text)
    FLASH                                    0x00004aa8   Section      160  ws2812b_1.o(FLASH)
    $v0                                      0x00004aa8   Number         0  ws2812b_1.o(FLASH)
    i.__0printf$8                            0x00004b48   Section        0  printf8.o(i.__0printf$8)
    i.__scatterload_copy                     0x00004b68   Section       14  handlers.o(i.__scatterload_copy)
    i.__scatterload_null                     0x00004b76   Section        2  handlers.o(i.__scatterload_null)
    i.__scatterload_zeroinit                 0x00004b78   Section       14  handlers.o(i.__scatterload_zeroinit)
    i._printf_core                           0x00004b88   Section        0  printf8.o(i._printf_core)
    _printf_core                             0x00004b89   Thumb Code   996  printf8.o(i._printf_core)
    i._printf_post_padding                   0x00004f98   Section        0  printf8.o(i._printf_post_padding)
    _printf_post_padding                     0x00004f99   Thumb Code    36  printf8.o(i._printf_post_padding)
    i._printf_pre_padding                    0x00004fbc   Section        0  printf8.o(i._printf_pre_padding)
    _printf_pre_padding                      0x00004fbd   Thumb Code    46  printf8.o(i._printf_pre_padding)
    i.free                                   0x00004fec   Section        0  malloc.o(i.free)
    i.malloc                                 0x0000503c   Section        0  malloc.o(i.malloc)
    .constdata                               0x000050a8   Section     1100  logo.black.o(.constdata)
    .constdata                               0x000054f4   Section      350  o_image.o(.constdata)
    .constdata                               0x00005652   Section      350  x_image_bitmap.o(.constdata)
    .constdata                               0x000057b0   Section     4200  lcd_fonts.o(.constdata)
    .data                                    0x20000000   Section       76  main.o(.data)
    .data                                    0x2000004c   Section        4  system_tm4c123.o(.data)
    .data                                    0x20000050   Section       10  ece210_api.o(.data)
    DELAY_1MS                                0x20000051   Data           1  ece210_api.o(.data)
    LAST_RX_VALUE                            0x20000054   Data           4  ece210_api.o(.data)
    .data                                    0x2000005a   Section        1  lcd_terminal.o(.data)
    .data                                    0x2000005c   Section        5  ps2.o(.data)
    PS2_X_DATA                               0x2000005c   Data           2  ps2.o(.data)
    PS2_Y_DATA                               0x2000005e   Data           2  ps2.o(.data)
    PS2_DIR                                  0x20000060   Data           1  ps2.o(.data)
    .data                                    0x20000061   Section        2  serial_debug.o(.data)
    Rx_Interrupts_Enabled                    0x20000061   Data           1  serial_debug.o(.data)
    Tx_Interrupts_Enabled                    0x20000062   Data           1  serial_debug.o(.data)
    .data                                    0x20000064   Section        3  mezz_audio.o(.data)
    .data                                    0x20000068   Section        4  stdout.o(.data)
    .data                                    0x2000006c   Section        4  mvars.o(.data)
    .data                                    0x20000070   Section        4  mvars.o(.data)
    .bss                                     0x20000074   Section       24  ece210_api.o(.bss)
    ws2812_leds                              0x20000074   Data          24  ece210_api.o(.bss)
    .bss                                     0x2000008c   Section     2500  lcd_terminal.o(.bss)
    .bss                                     0x20000a50   Section       28  serial_debug.o(.bss)
    HEAP                                     0x20000a70   Section        0  startup_tm4c123.o(HEAP)
    STACK                                    0x20000a70   Section     4096  startup_tm4c123.o(STACK)

    Global Symbols

    Symbol Name                              Value     Ov Type        Size  Object(Section)

    BuildAttributes$$THM_ISAv4$E$P$D$K$B$S$7EM$VFPi3$EXTD16$VFPS$VFMA$PE$A:L22UL41UL21$X:L11$S22US41US21$IEEE1$IW$USESV6$~STKCKD$USESV7$~SHL$OSPACE$ROPI$EBA8$MICROLIB$REQ8$EABIv2 0x00000000   Number         0  anon$$obj.o ABSOLUTE
    __ARM_use_no_argv                        0x00000000   Number         0  main.o ABSOLUTE
    __Vectors                                0x00000000   Data           4  startup_tm4c123.o(RESET)
    _printf_a                                0x00000000   Number         0  stubs.o ABSOLUTE
    _printf_c                                0x00000000   Number         0  stubs.o ABSOLUTE
    _printf_charcount                        0x00000000   Number         0  stubs.o ABSOLUTE
    _printf_d                                0x00000000   Number         0  stubs.o ABSOLUTE
    _printf_e                                0x00000000   Number         0  stubs.o ABSOLUTE
    _printf_f                                0x00000000   Number         0  stubs.o ABSOLUTE
    _printf_flags                            0x00000000   Number         0  stubs.o ABSOLUTE
    _printf_fp_dec                           0x00000000   Number         0  stubs.o ABSOLUTE
    _printf_fp_hex                           0x00000000   Number         0  stubs.o ABSOLUTE
    _printf_g                                0x00000000   Number         0  stubs.o ABSOLUTE
    _printf_i                                0x00000000   Number         0  stubs.o ABSOLUTE
    _printf_int_dec                          0x00000000   Number         0  stubs.o ABSOLUTE
    _printf_l                                0x00000000   Number         0  stubs.o ABSOLUTE
    _printf_lc                               0x00000000   Number         0  stubs.o ABSOLUTE
    _printf_ll                               0x00000000   Number         0  stubs.o ABSOLUTE
    _printf_lld                              0x00000000   Number         0  stubs.o ABSOLUTE
    _printf_lli                              0x00000000   Number         0  stubs.o ABSOLUTE
    _printf_llo                              0x00000000   Number         0  stubs.o ABSOLUTE
    _printf_llu                              0x00000000   Number         0  stubs.o ABSOLUTE
    _printf_llx                              0x00000000   Number         0  stubs.o ABSOLUTE
    _printf_longlong_dec                     0x00000000   Number         0  stubs.o ABSOLUTE
    _printf_longlong_hex                     0x00000000   Number         0  stubs.o ABSOLUTE
    _printf_longlong_oct                     0x00000000   Number         0  stubs.o ABSOLUTE
    _printf_ls                               0x00000000   Number         0  stubs.o ABSOLUTE
    _printf_mbtowc                           0x00000000   Number         0  stubs.o ABSOLUTE
    _printf_n                                0x00000000   Number         0  stubs.o ABSOLUTE
    _printf_o                                0x00000000   Number         0  stubs.o ABSOLUTE
    _printf_p                                0x00000000   Number         0  stubs.o ABSOLUTE
    _printf_percent                          0x00000000   Number         0  stubs.o ABSOLUTE
    _printf_pre_padding                      0x00000000   Number         0  stubs.o ABSOLUTE
    _printf_return_value                     0x00000000   Number         0  stubs.o ABSOLUTE
    _printf_s                                0x00000000   Number         0  stubs.o ABSOLUTE
    _printf_sizespec                         0x00000000   Number         0  stubs.o ABSOLUTE
    _printf_str                              0x00000000   Number         0  stubs.o ABSOLUTE
    _printf_truncate_signed                  0x00000000   Number         0  stubs.o ABSOLUTE
    _printf_truncate_unsigned                0x00000000   Number         0  stubs.o ABSOLUTE
    _printf_u                                0x00000000   Number         0  stubs.o ABSOLUTE
    _printf_wc                               0x00000000   Number         0  stubs.o ABSOLUTE
    _printf_wctomb                           0x00000000   Number         0  stubs.o ABSOLUTE
    _printf_widthprec                        0x00000000   Number         0  stubs.o ABSOLUTE
    _printf_x                                0x00000000   Number         0  stubs.o ABSOLUTE
    __cpp_initialize__aeabi_                  - Undefined Weak Reference
    __cxa_finalize                            - Undefined Weak Reference
    __decompress                              - Undefined Weak Reference
    _clock_init                               - Undefined Weak Reference
    _microlib_exit                            - Undefined Weak Reference
    __Vectors_End                            0x0000026c   Data           0  startup_tm4c123.o(RESET)
    __Vectors_Size                           0x0000026c   Number         0  startup_tm4c123.o ABSOLUTE
    __main                                   0x0000026d   Thumb Code     0  entry.o(.ARM.Collect$$$$00000000)
    _main_stk                                0x0000026d   Thumb Code     0  entry2.o(.ARM.Collect$$$$00000001)
    _main_scatterload                        0x00000271   Thumb Code     0  entry5.o(.ARM.Collect$$$$00000004)
    __main_after_scatterload                 0x00000275   Thumb Code     0  entry5.o(.ARM.Collect$$$$00000004)
    _main_clock                              0x00000275   Thumb Code     0  entry7b.o(.ARM.Collect$$$$00000008)
    _main_cpp_init                           0x00000275   Thumb Code     0  entry8b.o(.ARM.Collect$$$$0000000A)
    _main_init                               0x00000275   Thumb Code     0  entry9a.o(.ARM.Collect$$$$0000000B)
    __rt_final_cpp                           0x0000027d   Thumb Code     0  entry10a.o(.ARM.Collect$$$$0000000D)
    __rt_final_exit                          0x0000027d   Thumb Code     0  entry11a.o(.ARM.Collect$$$$0000000F)
    render_board                             0x00000281   Thumb Code   188  main.o(.text)
    selection                                0x0000033d   Thumb Code    24  main.o(.text)
    render_selection                         0x00000355   Thumb Code   416  main.o(.text)
    play                                     0x000004f5   Thumb Code    38  main.o(.text)
    select                                   0x0000051b   Thumb Code   302  main.o(.text)
    start                                    0x00000649   Thumb Code   284  main.o(.text)
    main                                     0x00000765   Thumb Code    16  main.o(.text)
    btn_up_pressed                           0x000007b1   Thumb Code    20  lab_buttons.o(.text)
    btn_down_pressed                         0x000007c5   Thumb Code    22  lab_buttons.o(.text)
    btn_left_pressed                         0x000007db   Thumb Code    22  lab_buttons.o(.text)
    btn_right_pressed                        0x000007f1   Thumb Code    22  lab_buttons.o(.text)
    Reset_Handler                            0x00000809   Thumb Code     8  startup_tm4c123.o(.text)
    NMI_Handler                              0x00000811   Thumb Code     2  startup_tm4c123.o(.text)
    HardFault_Handler                        0x00000813   Thumb Code     2  startup_tm4c123.o(.text)
    MemManage_Handler                        0x00000815   Thumb Code     2  startup_tm4c123.o(.text)
    BusFault_Handler                         0x00000817   Thumb Code     2  startup_tm4c123.o(.text)
    UsageFault_Handler                       0x00000819   Thumb Code     2  startup_tm4c123.o(.text)
    SVC_Handler                              0x0000081b   Thumb Code     2  startup_tm4c123.o(.text)
    DebugMon_Handler                         0x0000081d   Thumb Code     2  startup_tm4c123.o(.text)
    PendSV_Handler                           0x0000081f   Thumb Code     2  startup_tm4c123.o(.text)
    SysTick_Handler                          0x00000821   Thumb Code     2  startup_tm4c123.o(.text)
    GPIOA_Handler                            0x00000823   Thumb Code     2  startup_tm4c123.o(.text)
    GPIOB_Handler                            0x00000825   Thumb Code     2  startup_tm4c123.o(.text)
    GPIOC_Handler                            0x00000827   Thumb Code     2  startup_tm4c123.o(.text)
    GPIOD_Handler                            0x00000829   Thumb Code     2  startup_tm4c123.o(.text)
    UART1_Handler                            0x0000082f   Thumb Code     2  startup_tm4c123.o(.text)
    SSI0_Handler                             0x00000831   Thumb Code     2  startup_tm4c123.o(.text)
    I2C0_Handler                             0x00000833   Thumb Code     2  startup_tm4c123.o(.text)
    PMW0_FAULT_Handler                       0x00000835   Thumb Code     2  startup_tm4c123.o(.text)
    PWM0_0_Handler                           0x00000837   Thumb Code     2  startup_tm4c123.o(.text)
    PWM0_1_Handler                           0x00000839   Thumb Code     2  startup_tm4c123.o(.text)
    PWM0_2_Handler                           0x0000083b   Thumb Code     2  startup_tm4c123.o(.text)
    QEI0_Handler                             0x0000083d   Thumb Code     2  startup_tm4c123.o(.text)
    ADC0SS1_Handler                          0x00000841   Thumb Code     2  startup_tm4c123.o(.text)
    ADC0SS3_Handler                          0x00000845   Thumb Code     2  startup_tm4c123.o(.text)
    WDT0_Handler                             0x00000847   Thumb Code     2  startup_tm4c123.o(.text)
    TIMER0A_Handler                          0x00000849   Thumb Code     2  startup_tm4c123.o(.text)
    TIMER0B_Handler                          0x0000084b   Thumb Code     2  startup_tm4c123.o(.text)
    TIMER1B_Handler                          0x0000084f   Thumb Code     2  startup_tm4c123.o(.text)
    TIMER2A_Handler                          0x00000851   Thumb Code     2  startup_tm4c123.o(.text)
    TIMER2B_Handler                          0x00000853   Thumb Code     2  startup_tm4c123.o(.text)
    COMP0_Handler                            0x00000855   Thumb Code     2  startup_tm4c123.o(.text)
    COMP1_Handler                            0x00000857   Thumb Code     2  startup_tm4c123.o(.text)
    COMP2_Handler                            0x00000859   Thumb Code     2  startup_tm4c123.o(.text)
    SYSCTL_Handler                           0x0000085b   Thumb Code     2  startup_tm4c123.o(.text)
    FLASH_Handler                            0x0000085d   Thumb Code     2  startup_tm4c123.o(.text)
    GPIOG_Handler                            0x00000861   Thumb Code     2  startup_tm4c123.o(.text)
    GPIOH_Handler                            0x00000863   Thumb Code     2  startup_tm4c123.o(.text)
    UART2_Handler                            0x00000865   Thumb Code     2  startup_tm4c123.o(.text)
    SSI1_Handler                             0x00000867   Thumb Code     2  startup_tm4c123.o(.text)
    TIMER3B_Handler                          0x0000086b   Thumb Code     2  startup_tm4c123.o(.text)
    I2C1_Handler                             0x0000086d   Thumb Code     2  startup_tm4c123.o(.text)
    QEI1_Handler                             0x0000086f   Thumb Code     2  startup_tm4c123.o(.text)
    CAN0_Handler                             0x00000871   Thumb Code     2  startup_tm4c123.o(.text)
    CAN1_Handler                             0x00000873   Thumb Code     2  startup_tm4c123.o(.text)
    CAN2_Handler                             0x00000875   Thumb Code     2  startup_tm4c123.o(.text)
    HIB_Handler                              0x00000877   Thumb Code     2  startup_tm4c123.o(.text)
    USB0_Handler                             0x00000879   Thumb Code     2  startup_tm4c123.o(.text)
    PWM0_3_Handler                           0x0000087b   Thumb Code     2  startup_tm4c123.o(.text)
    UDMA_Handler                             0x0000087d   Thumb Code     2  startup_tm4c123.o(.text)
    UDMAERR_Handler                          0x0000087f   Thumb Code     2  startup_tm4c123.o(.text)
    ADC1SS0_Handler                          0x00000881   Thumb Code     2  startup_tm4c123.o(.text)
    ADC1SS1_Handler                          0x00000883   Thumb Code     2  startup_tm4c123.o(.text)
    ADC1SS3_Handler                          0x00000887   Thumb Code     2  startup_tm4c123.o(.text)
    GPIOJ_Handler                            0x00000889   Thumb Code     2  startup_tm4c123.o(.text)
    GPIOK_Handler                            0x0000088b   Thumb Code     2  startup_tm4c123.o(.text)
    GPIOL_Handler                            0x0000088d   Thumb Code     2  startup_tm4c123.o(.text)
    SSI2_Handler                             0x0000088f   Thumb Code     2  startup_tm4c123.o(.text)
    SSI3_Handler                             0x00000891   Thumb Code     2  startup_tm4c123.o(.text)
    UART3_Handler                            0x00000893   Thumb Code     2  startup_tm4c123.o(.text)
    UART4_Handler                            0x00000895   Thumb Code     2  startup_tm4c123.o(.text)
    UART5_Handler                            0x00000897   Thumb Code     2  startup_tm4c123.o(.text)
    UART6_Handler                            0x00000899   Thumb Code     2  startup_tm4c123.o(.text)
    UART7_Handler                            0x0000089b   Thumb Code     2  startup_tm4c123.o(.text)
    I2C2_Handler                             0x0000089d   Thumb Code     2  startup_tm4c123.o(.text)
    I2C3_Handler                             0x0000089f   Thumb Code     2  startup_tm4c123.o(.text)
    TIMER4A_Handler                          0x000008a1   Thumb Code     2  startup_tm4c123.o(.text)
    TIMER4B_Handler                          0x000008a3   Thumb Code     2  startup_tm4c123.o(.text)
    TIMER5B_Handler                          0x000008a7   Thumb Code     2  startup_tm4c123.o(.text)
    WTIMER0A_Handler                         0x000008a9   Thumb Code     2  startup_tm4c123.o(.text)
    WTIMER0B_Handler                         0x000008ab   Thumb Code     2  startup_tm4c123.o(.text)
    WTIMER1A_Handler                         0x000008ad   Thumb Code     2  startup_tm4c123.o(.text)
    WTIMER1B_Handler                         0x000008af   Thumb Code     2  startup_tm4c123.o(.text)
    WTIMER2A_Handler                         0x000008b1   Thumb Code     2  startup_tm4c123.o(.text)
    WTIMER2B_Handler                         0x000008b3   Thumb Code     2  startup_tm4c123.o(.text)
    WTIMER3A_Handler                         0x000008b5   Thumb Code     2  startup_tm4c123.o(.text)
    WTIMER3B_Handler                         0x000008b7   Thumb Code     2  startup_tm4c123.o(.text)
    WTIMER4A_Handler                         0x000008b9   Thumb Code     2  startup_tm4c123.o(.text)
    WTIMER4B_Handler                         0x000008bb   Thumb Code     2  startup_tm4c123.o(.text)
    WTIMER5A_Handler                         0x000008bd   Thumb Code     2  startup_tm4c123.o(.text)
    WTIMER5B_Handler                         0x000008bf   Thumb Code     2  startup_tm4c123.o(.text)
    FPU_Handler                              0x000008c1   Thumb Code     2  startup_tm4c123.o(.text)
    I2C4_Handler                             0x000008c3   Thumb Code     2  startup_tm4c123.o(.text)
    I2C5_Handler                             0x000008c5   Thumb Code     2  startup_tm4c123.o(.text)
    GPIOM_Handler                            0x000008c7   Thumb Code     2  startup_tm4c123.o(.text)
    GPION_Handler                            0x000008c9   Thumb Code     2  startup_tm4c123.o(.text)
    QEI2_Handler                             0x000008cb   Thumb Code     2  startup_tm4c123.o(.text)
    GPIOP0_Handler                           0x000008cd   Thumb Code     2  startup_tm4c123.o(.text)
    GPIOP1_Handler                           0x000008cf   Thumb Code     2  startup_tm4c123.o(.text)
    GPIOP2_Handler                           0x000008d1   Thumb Code     2  startup_tm4c123.o(.text)
    GPIOP3_Handler                           0x000008d3   Thumb Code     2  startup_tm4c123.o(.text)
    GPIOP4_Handler                           0x000008d5   Thumb Code     2  startup_tm4c123.o(.text)
    GPIOP5_Handler                           0x000008d7   Thumb Code     2  startup_tm4c123.o(.text)
    GPIOP6_Handler                           0x000008d9   Thumb Code     2  startup_tm4c123.o(.text)
    GPIOP7_Handler                           0x000008db   Thumb Code     2  startup_tm4c123.o(.text)
    GPIOQ0_Handler                           0x000008dd   Thumb Code     2  startup_tm4c123.o(.text)
    GPIOQ1_Handler                           0x000008df   Thumb Code     2  startup_tm4c123.o(.text)
    GPIOQ2_Handler                           0x000008e1   Thumb Code     2  startup_tm4c123.o(.text)
    GPIOQ3_Handler                           0x000008e3   Thumb Code     2  startup_tm4c123.o(.text)
    GPIOQ4_Handler                           0x000008e5   Thumb Code     2  startup_tm4c123.o(.text)
    GPIOQ5_Handler                           0x000008e7   Thumb Code     2  startup_tm4c123.o(.text)
    GPIOQ6_Handler                           0x000008e9   Thumb Code     2  startup_tm4c123.o(.text)
    GPIOQ7_Handler                           0x000008eb   Thumb Code     2  startup_tm4c123.o(.text)
    GPIOR_Handler                            0x000008ed   Thumb Code     2  startup_tm4c123.o(.text)
    GPIOS_Handler                            0x000008ef   Thumb Code     2  startup_tm4c123.o(.text)
    PMW1_0_Handler                           0x000008f1   Thumb Code     2  startup_tm4c123.o(.text)
    PWM1_1_Handler                           0x000008f3   Thumb Code     2  startup_tm4c123.o(.text)
    PWM1_2_Handler                           0x000008f5   Thumb Code     2  startup_tm4c123.o(.text)
    PWM1_3_Handler                           0x000008f7   Thumb Code     2  startup_tm4c123.o(.text)
    PWM1_FAULT_Handler                       0x000008f9   Thumb Code     2  startup_tm4c123.o(.text)
    SystemCoreClockUpdate                    0x000009bb   Thumb Code   184  system_tm4c123.o(.text)
    SystemInit                               0x00000a73   Thumb Code   112  system_tm4c123.o(.text)
    ece210_buttons_read                      0x00000b97   Thumb Code    58  ece210_api.o(.text)
    ece210_switches_read                     0x00000bd1   Thumb Code    16  ece210_api.o(.text)
    ece210_red_leds_write                    0x00000be1   Thumb Code    14  ece210_api.o(.text)
    ece210_tiva_rgb_write                    0x00000bef   Thumb Code    18  ece210_api.o(.text)
    EnableInterrupts                         0x00000c01   Thumb Code     4  ece210_api.o(.text)
    DisableInterrupts                        0x00000c05   Thumb Code     4  ece210_api.o(.text)
    ece210_ws2812b_write                     0x00000c09   Thumb Code    78  ece210_api.o(.text)
    ece210_wait_mSec                         0x00000c57   Thumb Code    40  ece210_api.o(.text)
    ece210_ps2_read_x                        0x00000ccf   Thumb Code     8  ece210_api.o(.text)
    ece210_ps2_read_y                        0x00000cd7   Thumb Code     8  ece210_api.o(.text)
    ece210_ps2_read_position                 0x00000cdf   Thumb Code    58  ece210_api.o(.text)
    ece210_audio_set_comparator_threshold    0x00000d19   Thumb Code    12  ece210_api.o(.text)
    ece210_audio_comparator_above_threshold  0x00000d25   Thumb Code     8  ece210_api.o(.text)
    ece210_audio_headphone_out               0x00000d2d   Thumb Code    12  ece210_api.o(.text)
    ece210_draw_pixel                        0x00000d39   Thumb Code    24  ece210_api.o(.text)
    ece210_lcd_draw_pixel                    0x00000d51   Thumb Code    24  ece210_api.o(.text)
    ece210_lcd_draw_line                     0x00000d69   Thumb Code    36  ece210_api.o(.text)
    ece210_lcd_draw_circle                   0x00000d8d   Thumb Code    28  ece210_api.o(.text)
    ece210_lcd_print_string                  0x00000da9   Thumb Code    46  ece210_api.o(.text)
    ece210_audio_init                        0x00000dd7   Thumb Code    12  ece210_api.o(.text)
    ece210_audio_read                        0x00000de3   Thumb Code     6  ece210_api.o(.text)
    ece210_wireless_init                     0x00000de9   Thumb Code    68  ece210_api.o(.text)
    ece210_wireless_send                     0x00000e2d   Thumb Code    26  ece210_api.o(.text)
    ece210_wireless_data_avaiable            0x00000e47   Thumb Code    30  ece210_api.o(.text)
    ece210_wireless_get                      0x00000e65   Thumb Code     6  ece210_api.o(.text)
    ece210_initialize_board                  0x00000e6b   Thumb Code    96  ece210_api.o(.text)
    ece210_lcd_add_msg                       0x00000ecb   Thumb Code    20  ece210_api.o(.text)
    ece210_lcd_draw_rectangle                0x00000edf   Thumb Code    36  ece210_api.o(.text)
    ece210_lcd_draw_image                    0x00000f03   Thumb Code    40  ece210_api.o(.text)
    TIMER1A_Handler                          0x00000f2b   Thumb Code    74  ece210_api.o(.text)
    GPIOE_Handler                            0x00000f75   Thumb Code    14  ece210_api.o(.text)
    GPIOF_Handler                            0x00000f83   Thumb Code    66  ece210_api.o(.text)
    timer0Init                               0x00000ff9   Thumb Code   124  gptimer.o(.text)
    gp_timer_enable_clock                    0x00001075   Thumb Code   232  gptimer.o(.text)
    gp_timer_PWM                             0x0000115d   Thumb Code    66  gptimer.o(.text)
    gp_timer_start_count                     0x0000119f   Thumb Code    52  gptimer.o(.text)
    gp_timer_stop_count                      0x000011d3   Thumb Code    18  gptimer.o(.text)
    gp_timer_configA                         0x000011e5   Thumb Code    62  gptimer.o(.text)
    gp_timer_configB                         0x00001223   Thumb Code    66  gptimer.o(.text)
    gp_timer_config                          0x00001265   Thumb Code    68  gptimer.o(.text)
    gp_timer_enable                          0x000012a9   Thumb Code    30  gptimer.o(.text)
    gp_timer_disable                         0x000012c7   Thumb Code    30  gptimer.o(.text)
    gp_timer_get_count                       0x000012e5   Thumb Code     8  gptimer.o(.text)
    gp_timer_set_32_bit_period               0x000012ed   Thumb Code    34  gptimer.o(.text)
    ft6x06_set_addr                          0x00001341   Thumb Code    58  ft6x06.o(.text)
    ft6x06_write_data                        0x0000137b   Thumb Code    82  ft6x06.o(.text)
    ft6x06_read_data                         0x000013cd   Thumb Code    58  ft6x06.o(.text)
    ft6x06_init                              0x00001407   Thumb Code   240  ft6x06.o(.text)
    test_ft6x06                              0x000014f7   Thumb Code    98  ft6x06.o(.text)
    io_expander_write_reg                    0x000015f9   Thumb Code    38  io_expander.o(.text)
    io_expander_read_reg                     0x0000161f   Thumb Code    50  io_expander.o(.text)
    io_expander_configure_portA              0x00001651   Thumb Code    12  io_expander.o(.text)
    io_expander_configure_portB              0x0000165d   Thumb Code    36  io_expander.o(.text)
    io_expander_init                         0x00001681   Thumb Code   256  io_expander.o(.text)
    delayms                                  0x00001789   Thumb Code    26  lcd.o(.text)
    lcd_set_pos                              0x00001825   Thumb Code    58  lcd.o(.text)
    lcd_clear_screen                         0x0000185f   Thumb Code    52  lcd.o(.text)
    lcd_draw_box                             0x00001893   Thumb Code   138  lcd.o(.text)
    lcd_draw_rectangle                       0x0000191d   Thumb Code    82  lcd.o(.text)
    lcd_draw_pixel                           0x0000196f   Thumb Code    28  lcd.o(.text)
    lcd_draw_char                            0x0000198b   Thumb Code   558  lcd.o(.text)
    lcd_draw_image_right                     0x00001bb9   Thumb Code   184  lcd.o(.text)
    lcd_draw_image                           0x00001c71   Thumb Code   242  lcd.o(.text)
    lcd_config_gpio                          0x00001d63   Thumb Code   222  lcd.o(.text)
    lcd_config_screen                        0x00001e41   Thumb Code   544  lcd.o(.text)
    lcd_draw_line                            0x00002061   Thumb Code   200  lcd.o(.text)
    lcd_draw_circle                          0x00002129   Thumb Code   366  lcd.o(.text)
    lcd_print_char                           0x00002297   Thumb Code   140  lcd_fonts.o(.text)
    lcd_print_string                         0x00002323   Thumb Code   248  lcd_fonts.o(.text)
    terminal_init_screen                     0x00002489   Thumb Code    50  lcd_terminal.o(.text)
    terminal_get_strings                     0x000024bb   Thumb Code   202  lcd_terminal.o(.text)
    terminal_scroll                          0x00002585   Thumb Code   230  lcd_terminal.o(.text)
    terminal_add_msg                         0x0000266b   Thumb Code   224  lcd_terminal.o(.text)
    terminal_bubble_message                  0x0000274b   Thumb Code   252  lcd_terminal.o(.text)
    terminal_input_print_char                0x00002847   Thumb Code   158  lcd_terminal.o(.text)
    terminal_init_input_box                  0x000028e5   Thumb Code   190  lcd_terminal.o(.text)
    terminal_input_rotate_char               0x000029a3   Thumb Code   410  lcd_terminal.o(.text)
    terminal_input_next_char                 0x00002b3d   Thumb Code   322  lcd_terminal.o(.text)
    terminal_input_prev_char                 0x00002c7f   Thumb Code   154  lcd_terminal.o(.text)
    terminal_input_upper_case                0x00002d19   Thumb Code    92  lcd_terminal.o(.text)
    terminal_input_lower_case                0x00002d75   Thumb Code    92  lcd_terminal.o(.text)
    terminal_input_symbols                   0x00002dd1   Thumb Code    94  lcd_terminal.o(.text)
    terminal_input_clear                     0x00002e2f   Thumb Code   202  lcd_terminal.o(.text)
    terminal_input_get_string                0x00002ef9   Thumb Code    48  lcd_terminal.o(.text)
    ps2_initialize_adc                       0x0000302b   Thumb Code    88  ps2.o(.text)
    ps2_initialize                           0x000030d3   Thumb Code    16  ps2.o(.text)
    ps2_get_x                                0x000030e3   Thumb Code     6  ps2.o(.text)
    ps2_get_y                                0x000030e9   Thumb Code     6  ps2.o(.text)
    ps2_get_direction                        0x000030ef   Thumb Code    12  ps2.o(.text)
    TIMER5A_Handler                          0x000030fb   Thumb Code    30  ps2.o(.text)
    ADC0SS0_Handler                          0x00003119   Thumb Code   154  ps2.o(.text)
    ADC0SS2_Handler                          0x000031b3   Thumb Code    40  ps2.o(.text)
    serial_debug_rx                          0x0000322d   Thumb Code    46  serial_debug.o(.text)
    serial_debug_tx                          0x0000325b   Thumb Code    72  serial_debug.o(.text)
    fputc                                    0x000032a3   Thumb Code    66  serial_debug.o(.text)
    fgetc                                    0x000032e5   Thumb Code    50  serial_debug.o(.text)
    init_serial_debug                        0x00003317   Thumb Code   132  serial_debug.o(.text)
    UART0_Handler                            0x0000339b   Thumb Code   136  serial_debug.o(.text)
    spi_select                               0x0000343d   Thumb Code    62  spi_select.o(.text)
    spi_select_init                          0x0000347b   Thumb Code    92  spi_select.o(.text)
    wait_uS_15                               0x000034e1   Thumb Code    14  wireless.o(.text)
    wireless_send_32                         0x00003625   Thumb Code   302  wireless.o(.text)
    wireless_get_32                          0x00003753   Thumb Code   130  wireless.o(.text)
    wireless_configure_device                0x000037d5   Thumb Code   202  wireless.o(.text)
    wireless_initialize                      0x0000389f   Thumb Code   202  wireless.o(.text)
    lp_io_set_pin                            0x00003a39   Thumb Code    18  launchpad_io.o(.text)
    lp_io_clear_pin                          0x00003a4b   Thumb Code    18  launchpad_io.o(.text)
    lp_io_read_pin                           0x00003a5d   Thumb Code    22  launchpad_io.o(.text)
    lp_io_init                               0x00003a73   Thumb Code   112  launchpad_io.o(.text)
    mezz_initialize_adc                      0x00003afd   Thumb Code   182  mezz_audio.o(.text)
    mezz_audio_dac_init                      0x00003bb3   Thumb Code   156  mezz_audio.o(.text)
    mezz_audio_set_headphone                 0x00003c4f   Thumb Code    16  mezz_audio.o(.text)
    mezz_audio_set_comparator_threshold      0x00003c5f   Thumb Code    16  mezz_audio.o(.text)
    mezz_audio_comparator_above_threshold    0x00003c6f   Thumb Code    18  mezz_audio.o(.text)
    mezz_audio_init                          0x00003d19   Thumb Code    40  mezz_audio.o(.text)
    TIMER3A_Handler                          0x00003d41   Thumb Code    26  mezz_audio.o(.text)
    ADC1SS2_Handler                          0x00003d5b   Thumb Code    30  mezz_audio.o(.text)
    adc_get_irq_num                          0x00003dd7   Thumb Code    32  adc.o(.text)
    adc_get_rcgc_mask                        0x00003df7   Thumb Code    28  adc.o(.text)
    adc_get_pr_mask                          0x00003e13   Thumb Code    28  adc.o(.text)
    initialize_adc                           0x00003e2f   Thumb Code   110  adc.o(.text)
    get_adc_value                            0x00003e9d   Thumb Code    58  adc.o(.text)
    gpio_get_irq_num                         0x00003f25   Thumb Code    74  gpio_port.o(.text)
    gpio_enable_port                         0x00003f6f   Thumb Code   156  gpio_port.o(.text)
    gpio_config_digital_enable               0x0000400b   Thumb Code    34  gpio_port.o(.text)
    gpio_config_enable_output                0x0000402d   Thumb Code    34  gpio_port.o(.text)
    gpio_config_enable_input                 0x0000404f   Thumb Code    34  gpio_port.o(.text)
    gpio_config_enable_pullup                0x00004071   Thumb Code    34  gpio_port.o(.text)
    gpio_config_enable_pulldown              0x00004093   Thumb Code    34  gpio_port.o(.text)
    gpio_config_analog_enable                0x000040b5   Thumb Code    34  gpio_port.o(.text)
    gpio_config_alternate_function           0x000040d7   Thumb Code    34  gpio_port.o(.text)
    gpio_config_port_control                 0x000040f9   Thumb Code    54  gpio_port.o(.text)
    gpio_config_open_drain                   0x0000412f   Thumb Code    34  gpio_port.o(.text)
    gpio_config_falling_edge_irq             0x00004151   Thumb Code    56  gpio_port.o(.text)
    initializeI2CMaster                      0x000041a9   Thumb Code   160  i2c.o(.text)
    i2cVerifyBaseAddr                        0x00004249   Thumb Code    36  i2c.o(.text)
    i2cSetSlaveAddr                          0x0000426d   Thumb Code    30  i2c.o(.text)
    i2cStop                                  0x0000428b   Thumb Code    26  i2c.o(.text)
    I2CMasterBusy                            0x000042a5   Thumb Code    34  i2c.o(.text)
    I2CMasterAdrAck                          0x000042c7   Thumb Code    34  i2c.o(.text)
    I2CMasterDatAck                          0x000042e9   Thumb Code    34  i2c.o(.text)
    i2cSendByte                              0x0000430b   Thumb Code    82  i2c.o(.text)
    i2cGetByte                               0x0000435d   Thumb Code    60  i2c.o(.text)
    pc_buffer_init                           0x000043b1   Thumb Code    26  pc_buffer.o(.text)
    pc_buffer_add                            0x000043cb   Thumb Code    28  pc_buffer.o(.text)
    pc_buffer_remove                         0x000043e7   Thumb Code    30  pc_buffer.o(.text)
    pc_buffer_empty                          0x00004405   Thumb Code    18  pc_buffer.o(.text)
    pc_buffer_full                           0x00004417   Thumb Code    22  pc_buffer.o(.text)
    spiVerifyBaseAddr                        0x0000442d   Thumb Code    34  spi.o(.text)
    initialize_spi                           0x0000444f   Thumb Code   244  spi.o(.text)
    spiTx                                    0x00004543   Thumb Code    94  spi.o(.text)
    verify_uart_base                         0x000045b9   Thumb Code    54  uart.o(.text)
    uart_get_rcgc_mask                       0x000045ef   Thumb Code    68  uart.o(.text)
    uart_get_pr_mask                         0x00004633   Thumb Code    68  uart.o(.text)
    uart_get_irq_num                         0x00004677   Thumb Code    68  uart.o(.text)
    uart_tx_poll                             0x000046bb   Thumb Code    38  uart.o(.text)
    uart_tx_poll_string                      0x000046e1   Thumb Code    50  uart.o(.text)
    uart_rx_poll                             0x00004713   Thumb Code    70  uart.o(.text)
    uart_init                                0x00004759   Thumb Code   190  uart.o(.text)
    dac_byte_write                           0x00004829   Thumb Code    96  mcp47fvbxx.o(.text)
    dac_byte_read                            0x00004889   Thumb Code   132  mcp47fvbxx.o(.text)
    dac_init                                 0x0000490d   Thumb Code   154  mcp47fvbxx.o(.text)
    __aeabi_memset                           0x000049ad   Thumb Code    14  memseta.o(.text)
    __aeabi_memset4                          0x000049ad   Thumb Code     0  memseta.o(.text)
    __aeabi_memset8                          0x000049ad   Thumb Code     0  memseta.o(.text)
    __aeabi_memclr                           0x000049bb   Thumb Code     4  memseta.o(.text)
    __aeabi_memclr4                          0x000049bb   Thumb Code     0  memseta.o(.text)
    __aeabi_memclr8                          0x000049bb   Thumb Code     0  memseta.o(.text)
    _memset$wrapper                          0x000049bf   Thumb Code    18  memseta.o(.text)
    strcpy                                   0x000049d1   Thumb Code    18  strcpy.o(.text)
    __aeabi_uldivmod                         0x000049e3   Thumb Code    98  uldiv.o(.text)
    __scatterload                            0x00004a45   Thumb Code    28  init.o(.text)
    __scatterload_rt2                        0x00004a45   Thumb Code     0  init.o(.text)
    __aeabi_llsl                             0x00004a69   Thumb Code    30  llshl.o(.text)
    _ll_shift_l                              0x00004a69   Thumb Code     0  llshl.o(.text)
    __aeabi_llsr                             0x00004a87   Thumb Code    32  llushr.o(.text)
    _ll_ushift_r                             0x00004a87   Thumb Code     0  llushr.o(.text)
    WS2812B_write                            0x00004aa9   Thumb Code   160  ws2812b_1.o(FLASH)
    __0printf$8                              0x00004b49   Thumb Code    22  printf8.o(i.__0printf$8)
    __1printf$8                              0x00004b49   Thumb Code     0  printf8.o(i.__0printf$8)
    __2printf                                0x00004b49   Thumb Code     0  printf8.o(i.__0printf$8)
    __scatterload_copy                       0x00004b69   Thumb Code    14  handlers.o(i.__scatterload_copy)
    __scatterload_null                       0x00004b77   Thumb Code     2  handlers.o(i.__scatterload_null)
    __scatterload_zeroinit                   0x00004b79   Thumb Code    14  handlers.o(i.__scatterload_zeroinit)
    free                                     0x00004fed   Thumb Code    76  malloc.o(i.free)
    malloc                                   0x0000503d   Thumb Code    92  malloc.o(i.malloc)
    Logo_bitmap                              0x000050a8   Data        1100  logo.black.o(.constdata)
    O_bitmap                                 0x000054f4   Data         350  o_image.o(.constdata)
    X_bitmap                                 0x00005652   Data         350  x_image_bitmap.o(.constdata)
    calibri_14ptBitmaps                      0x000057b0   Data        2074  lcd_fonts.o(.constdata)
    calibri_14ptDescriptors                  0x00005fca   Data         380  lcd_fonts.o(.constdata)
    calibri_14ptFontInfo                     0x00006148   Data          12  lcd_fonts.o(.constdata)
    calibri_48ptBitmaps                      0x00006154   Data        1680  lcd_fonts.o(.constdata)
    calibri_48ptDescriptors                  0x000067e4   Data          40  lcd_fonts.o(.constdata)
    calibri_48ptFontInfo                     0x0000680c   Data          12  lcd_fonts.o(.constdata)
    Region$$Table$$Base                      0x00006818   Number         0  anon$$obj.o(Region$$Table)
    Region$$Table$$Limit                     0x00006838   Number         0  anon$$obj.o(Region$$Table)
    playindex                                0x20000000   Data           2  main.o(.data)
    character                                0x20000004   Data           4  main.o(.data)
    x_pos                                    0x20000008   Data           2  main.o(.data)
    y_pos                                    0x2000000a   Data           2  main.o(.data)
    width_pixels                             0x2000000c   Data           2  main.o(.data)
    height_pixels                            0x2000000e   Data           2  main.o(.data)
    renderArray                              0x20000010   Data          18  main.o(.data)
    renderArrayPosX                          0x20000022   Data          18  main.o(.data)
    renderArrayPosY                          0x20000034   Data          18  main.o(.data)
    direction                                0x20000046   Data           1  main.o(.data)
    image                                    0x20000048   Data           4  main.o(.data)
    SystemCoreClock                          0x2000004c   Data           4  system_tm4c123.o(.data)
    ALERT_AUDIO_COMP                         0x20000050   Data           1  ece210_api.o(.data)
    AlertTouch                               0x20000058   Data           1  ece210_api.o(.data)
    AlertButtons                             0x20000059   Data           1  ece210_api.o(.data)
    User_Input_Index                         0x2000005a   Data           1  lcd_terminal.o(.data)
    AUDIO_DATA                               0x20000064   Data           2  mezz_audio.o(.data)
    ALERT_ADC                                0x20000066   Data           1  mezz_audio.o(.data)
    __stdout                                 0x20000068   Data           4  stdout.o(.data)
    __microlib_freelist                      0x2000006c   Data           4  mvars.o(.data)
    __microlib_freelist_initialised          0x20000070   Data           4  mvars.o(.data)
    LCD_Terminal                             0x2000008c   Data        1540  lcd_terminal.o(.bss)
    User_Input                               0x20000690   Data         960  lcd_terminal.o(.bss)
    UART0_Tx_Buffer                          0x20000a50   Data          14  serial_debug.o(.bss)
    UART0_Rx_Buffer                          0x20000a5e   Data          14  serial_debug.o(.bss)
    __heap_base                              0x20000a70   Data           0  startup_tm4c123.o(HEAP)
    __heap_limit                             0x20000a70   Data           0  startup_tm4c123.o(HEAP)
    __initial_sp                             0x20001a70   Data           0  startup_tm4c123.o(STACK)



==============================================================================

Memory Map of the image

  Image Entry point : 0x00000809

  Load Region LR_1 (Base: 0x00000000, Size: 0x000068ac, Max: 0xffffffff, ABSOLUTE)

    Execution Region ER_RO (Exec base: 0x00000000, Load base: 0x00000000, Size: 0x00006838, Max: 0xffffffff, ABSOLUTE)

    Exec Addr    Load Addr    Size         Type   Attr      Idx    E Section Name        Object

    0x00000000   0x00000000   0x0000026c   Data   RO          181    RESET               startup_tm4c123.o
    0x0000026c   0x0000026c   0x00000000   Code   RO          875  * .ARM.Collect$$$$00000000  mc_w.l(entry.o)
    0x0000026c   0x0000026c   0x00000004   Code   RO         1172    .ARM.Collect$$$$00000001  mc_w.l(entry2.o)
    0x00000270   0x00000270   0x00000004   Code   RO         1175    .ARM.Collect$$$$00000004  mc_w.l(entry5.o)
    0x00000274   0x00000274   0x00000000   Code   RO         1177    .ARM.Collect$$$$00000008  mc_w.l(entry7b.o)
    0x00000274   0x00000274   0x00000000   Code   RO         1179    .ARM.Collect$$$$0000000A  mc_w.l(entry8b.o)
    0x00000274   0x00000274   0x00000008   Code   RO         1180    .ARM.Collect$$$$0000000B  mc_w.l(entry9a.o)
    0x0000027c   0x0000027c   0x00000000   Code   RO         1182    .ARM.Collect$$$$0000000D  mc_w.l(entry10a.o)
    0x0000027c   0x0000027c   0x00000000   Code   RO         1184    .ARM.Collect$$$$0000000F  mc_w.l(entry11a.o)
    0x0000027c   0x0000027c   0x00000004   Code   RO         1173    .ARM.Collect$$$$00002712  mc_w.l(entry2.o)
    0x00000280   0x00000280   0x00000530   Code   RO            4    .text               main.o
    0x000007b0   0x000007b0   0x00000056   Code   RO           95    .text               lab_buttons.o
    0x00000806   0x00000806   0x00000002   PAD
    0x00000808   0x00000808   0x000000fc   Code   RO          182  * .text               startup_tm4c123.o
    0x00000904   0x00000904   0x0000024c   Code   RO          189    .text               system_tm4c123.o
    0x00000b50   0x00000b50   0x00000488   Code   RO          219    .text               ece210.lib(ece210_api.o)
    0x00000fd8   0x00000fd8   0x00000368   Code   RO          360    .text               ece210.lib(gptimer.o)
    0x00001340   0x00001340   0x000002b8   Code   RO          392    .text               ece210.lib(ft6x06.o)
    0x000015f8   0x000015f8   0x00000190   Code   RO          420    .text               ece210.lib(io_expander.o)
    0x00001788   0x00001788   0x00000b0e   Code   RO          451    .text               ece210.lib(lcd.o)
    0x00002296   0x00002296   0x00000184   Code   RO          475    .text               ece210.lib(lcd_fonts.o)
    0x0000241a   0x0000241a   0x00000002   PAD
    0x0000241c   0x0000241c   0x00000b18   Code   RO          505    .text               ece210.lib(lcd_terminal.o)
    0x00002f34   0x00002f34   0x000002f8   Code   RO          543    .text               ece210.lib(ps2.o)
    0x0000322c   0x0000322c   0x00000210   Code   RO          573    .text               ece210.lib(serial_debug.o)
    0x0000343c   0x0000343c   0x000000a4   Code   RO          609    .text               ece210.lib(spi_select.o)
    0x000034e0   0x000034e0   0x00000558   Code   RO          633    .text               ece210.lib(wireless.o)
    0x00003a38   0x00003a38   0x000000c4   Code   RO          668    .text               ece210.lib(launchpad_io.o)
    0x00003afc   0x00003afc   0x000002c0   Code   RO          692    .text               ece210.lib(mezz_audio.o)
    0x00003dbc   0x00003dbc   0x00000128   Code   RO          722    .text               ece210.lib(adc.o)
    0x00003ee4   0x00003ee4   0x000002c4   Code   RO          746    .text               ece210.lib(gpio_port.o)
    0x000041a8   0x000041a8   0x00000208   Code   RO          770    .text               ece210.lib(i2c.o)
    0x000043b0   0x000043b0   0x0000007c   Code   RO          791    .text               ece210.lib(pc_buffer.o)
    0x0000442c   0x0000442c   0x0000018c   Code   RO          806    .text               ece210.lib(spi.o)
    0x000045b8   0x000045b8   0x00000270   Code   RO          830    .text               ece210.lib(uart.o)
    0x00004828   0x00004828   0x00000184   Code   RO          854    .text               ece210.lib(mcp47fvbxx.o)
    0x000049ac   0x000049ac   0x00000024   Code   RO          879    .text               mc_w.l(memseta.o)
    0x000049d0   0x000049d0   0x00000012   Code   RO          881    .text               mc_w.l(strcpy.o)
    0x000049e2   0x000049e2   0x00000062   Code   RO         1188    .text               mc_w.l(uldiv.o)
    0x00004a44   0x00004a44   0x00000024   Code   RO         1207    .text               mc_w.l(init.o)
    0x00004a68   0x00004a68   0x0000001e   Code   RO         1209    .text               mc_w.l(llshl.o)
    0x00004a86   0x00004a86   0x00000020   Code   RO         1211    .text               mc_w.l(llushr.o)
    0x00004aa6   0x00004aa6   0x00000002   PAD
    0x00004aa8   0x00004aa8   0x000000a0   Code   RO          661    FLASH               ece210.lib(ws2812b_1.o)
    0x00004b48   0x00004b48   0x00000020   Code   RO         1090    i.__0printf$8       mc_w.l(printf8.o)
    0x00004b68   0x00004b68   0x0000000e   Code   RO         1219    i.__scatterload_copy  mc_w.l(handlers.o)
    0x00004b76   0x00004b76   0x00000002   Code   RO         1220    i.__scatterload_null  mc_w.l(handlers.o)
    0x00004b78   0x00004b78   0x0000000e   Code   RO         1221    i.__scatterload_zeroinit  mc_w.l(handlers.o)
    0x00004b86   0x00004b86   0x00000002   PAD
    0x00004b88   0x00004b88   0x00000410   Code   RO         1097    i._printf_core      mc_w.l(printf8.o)
    0x00004f98   0x00004f98   0x00000024   Code   RO         1098    i._printf_post_padding  mc_w.l(printf8.o)
    0x00004fbc   0x00004fbc   0x0000002e   Code   RO         1099    i._printf_pre_padding  mc_w.l(printf8.o)
    0x00004fea   0x00004fea   0x00000002   PAD
    0x00004fec   0x00004fec   0x00000050   Code   RO         1144    i.free              mc_w.l(malloc.o)
    0x0000503c   0x0000503c   0x0000006c   Code   RO         1145    i.malloc            mc_w.l(malloc.o)
    0x000050a8   0x000050a8   0x0000044c   Data   RO          119    .constdata          logo.black.o
    0x000054f4   0x000054f4   0x0000015e   Data   RO          140    .constdata          o_image.o
    0x00005652   0x00005652   0x0000015e   Data   RO          161    .constdata          x_image_bitmap.o
    0x000057b0   0x000057b0   0x00001068   Data   RO          476    .constdata          ece210.lib(lcd_fonts.o)
    0x00006818   0x00006818   0x00000020   Data   RO         1217    Region$$Table       anon$$obj.o


    Execution Region ER_RW (Exec base: 0x20000000, Load base: 0x00006838, Size: 0x00000074, Max: 0xffffffff, ABSOLUTE)

    Exec Addr    Load Addr    Size         Type   Attr      Idx    E Section Name        Object

    0x20000000   0x00006838   0x0000004c   Data   RW            5    .data               main.o
    0x2000004c   0x00006884   0x00000004   Data   RW          190    .data               system_tm4c123.o
    0x20000050   0x00006888   0x0000000a   Data   RW          221    .data               ece210.lib(ece210_api.o)
    0x2000005a   0x00006892   0x00000001   Data   RW          507    .data               ece210.lib(lcd_terminal.o)
    0x2000005b   0x00006893   0x00000001   PAD
    0x2000005c   0x00006894   0x00000005   Data   RW          544    .data               ece210.lib(ps2.o)
    0x20000061   0x00006899   0x00000002   Data   RW          575    .data               ece210.lib(serial_debug.o)
    0x20000063   0x0000689b   0x00000001   PAD
    0x20000064   0x0000689c   0x00000003   Data   RW          693    .data               ece210.lib(mezz_audio.o)
    0x20000067   0x0000689f   0x00000001   PAD
    0x20000068   0x000068a0   0x00000004   Data   RW          878    .data               mc_w.l(stdout.o)
    0x2000006c   0x000068a4   0x00000004   Data   RW         1194    .data               mc_w.l(mvars.o)
    0x20000070   0x000068a8   0x00000004   Data   RW         1195    .data               mc_w.l(mvars.o)


    Execution Region ER_ZI (Exec base: 0x20000074, Load base: 0x000068ac, Size: 0x000019fc, Max: 0xffffffff, ABSOLUTE)

    Exec Addr    Load Addr    Size         Type   Attr      Idx    E Section Name        Object

    0x20000074        -       0x00000018   Zero   RW          220    .bss                ece210.lib(ece210_api.o)
    0x2000008c        -       0x000009c4   Zero   RW          506    .bss                ece210.lib(lcd_terminal.o)
    0x20000a50        -       0x0000001c   Zero   RW          574    .bss                ece210.lib(serial_debug.o)
    0x20000a6c   0x000068ac   0x00000004   PAD
    0x20000a70        -       0x00000000   Zero   RW          180    HEAP                startup_tm4c123.o
    0x20000a70        -       0x00001000   Zero   RW          179    STACK               startup_tm4c123.o


==============================================================================

Image component sizes


      Code (inc. data)   RO Data    RW Data    ZI Data      Debug   Object Name

        86          0          0          0          0       1249   lab_buttons.o
         0          0       1100          0          0        494   logo.black.o
      1328        222          0         76          0       7798   main.o
         0          0        350          0          0        479   o_image.o
       252         10        620          0       4096       5448   startup_tm4c123.o
       588        134          0          4          0       1569   system_tm4c123.o
         0          0        350          0          0        499   x_image_bitmap.o

    ----------------------------------------------------------------------
      2256        366       2452         80       4096      17536   Object Totals
         0          0         32          0          0          0   (incl. Generated)
         2          0          0          0          0          0   (incl. Padding)

    ----------------------------------------------------------------------

      Code (inc. data)   RO Data    RW Data    ZI Data      Debug   Library Member Name

       296         14          0          0          0       2641   adc.o
      1160         74          0         10         24      50238   ece210_api.o
       696        160          0          0          0      29084   ft6x06.o
       708         32          0          0          0       5170   gpio_port.o
       872         28          0          0          0      31273   gptimer.o
       520         24          0          0          0       3685   i2c.o
       400          8          0          0          0       1670   io_expander.o
       196         26          0          0          0       1834   launchpad_io.o
      2830         38          0          0          0       7764   lcd.o
       388          0       4200          0          0       3494   lcd_fonts.o
      2840         40          0          1       2500       6101   lcd_terminal.o
       388          6          0          0          0       1768   mcp47fvbxx.o
       704         46          0          3          0       3796   mezz_audio.o
       124          0          0          0          0       1951   pc_buffer.o
       760         60          0          5          0      29881   ps2.o
       528         26          0          2         28       5553   serial_debug.o
       396         24          0          0          0       1881   spi.o
       164         10          0          0          0        881   spi_select.o
       624         50          0          0          0       3376   uart.o
      1368         28          0          0          0      12392   wireless.o
       160          0          0          0          0        480   ws2812b_1.o
         0          0          0          0          0          0   entry.o
         0          0          0          0          0          0   entry10a.o
         0          0          0          0          0          0   entry11a.o
         8          4          0          0          0          0   entry2.o
         4          0          0          0          0          0   entry5.o
         0          0          0          0          0          0   entry7b.o
         0          0          0          0          0          0   entry8b.o
         8          4          0          0          0          0   entry9a.o
        30          0          0          0          0          0   handlers.o
        36          8          0          0          0         68   init.o
        30          0          0          0          0         68   llshl.o
        32          0          0          0          0         68   llushr.o
       188         20          0          0          0        160   malloc.o
        36          0          0          0          0        108   memseta.o
         0          0          0          8          0          0   mvars.o
      1154         54          0          0          0        352   printf8.o
         0          0          0          4          0          0   stdout.o
        18          0          0          0          0         68   strcpy.o
        98          0          0          0          0         92   uldiv.o

    ----------------------------------------------------------------------
     17772        784       4200         36       2556     205897   Library Totals
         8          0          0          3          4          0   (incl. Padding)

    ----------------------------------------------------------------------

      Code (inc. data)   RO Data    RW Data    ZI Data      Debug   Library Name

     16122        694       4200         21       2552     204913   ece210.lib
      1642         90          0         12          0        984   mc_w.l

    ----------------------------------------------------------------------
     17772        784       4200         36       2556     205897   Library Totals

    ----------------------------------------------------------------------

==============================================================================


      Code (inc. data)   RO Data    RW Data    ZI Data      Debug   

     20028       1150       6652        116       6652     218969   Grand Totals
     20028       1150       6652        116       6652     218969   ELF Image Totals
     20028       1150       6652        116          0          0   ROM Totals

==============================================================================

    Total RO  Size (Code + RO Data)                26680 (  26.05kB)
    Total RW  Size (RW Data + ZI Data)              6768 (   6.61kB)
    Total ROM Size (Code + RO Data + RW Data)      26796 (  26.17kB)

==============================================================================

