Component: ARM Compiler 5.06 update 6 (build 750) Tool: armlink [4d35ed]

==============================================================================

Section Cross References

    main.o(.text) refers to memseta.o(.text) for __aeabi_memclr4
    main.o(.text) refers to memcpya.o(.text) for __aeabi_memcpy4
    main.o(.text) refers to ece210_api.o(.text) for ece210_lcd_draw_rectangle
    main.o(.text) refers to lab_buttons.o(.text) for btn_right_pressed
    main.o(.text) refers to main.o(.constdata) for .constdata
    main.o(.text) refers to main.o(.data) for character
    main.o(.text) refers to x_image_bitmap.o(.constdata) for X_bitmap
    main.o(.text) refers to o_image.o(.constdata) for O_bitmap
    main.o(.text) refers to ece210_api.o(.data) for AlertButtons
    main.o(.text) refers to logo.black.o(.constdata) for Logo_bitmap
    lab_buttons.o(.text) refers to ece210_api.o(.text) for ece210_buttons_read
    startup_tm4c123.o(RESET) refers to startup_tm4c123.o(STACK) for __initial_sp
    startup_tm4c123.o(RESET) refers to startup_tm4c123.o(.text) for Reset_Handler
    startup_tm4c123.o(RESET) refers to ece210_api.o(.text) for GPIOE_Handler
    startup_tm4c123.o(RESET) refers to serial_debug.o(.text) for UART0_Handler
    startup_tm4c123.o(RESET) refers to ps2.o(.text) for ADC0SS0_Handler
    startup_tm4c123.o(RESET) refers to mezz_audio.o(.text) for TIMER3A_Handler
    startup_tm4c123.o(.text) refers to system_tm4c123.o(.text) for SystemInit
    startup_tm4c123.o(.text) refers to entry.o(.ARM.Collect$$$$00000000) for __main
    system_tm4c123.o(.text) refers to system_tm4c123.o(.data) for SystemCoreClock
    ece210_api.o(.text) refers to io_expander.o(.text) for io_expander_read_reg
    ece210_api.o(.text) refers to ws2812b_1.o(FLASH) for WS2812B_write
    ece210_api.o(.text) refers to gptimer.o(.text) for gp_timer_set_32_bit_period
    ece210_api.o(.text) refers to ps2.o(.text) for ps2_get_x
    ece210_api.o(.text) refers to mezz_audio.o(.text) for mezz_audio_set_comparator_threshold
    ece210_api.o(.text) refers to lcd.o(.text) for lcd_draw_rectangle
    ece210_api.o(.text) refers to lcd_fonts.o(.text) for lcd_print_string
    ece210_api.o(.text) refers to wireless.o(.text) for wireless_configure_device
    ece210_api.o(.text) refers to serial_debug.o(.text) for init_serial_debug
    ece210_api.o(.text) refers to launchpad_io.o(.text) for lp_io_init
    ece210_api.o(.text) refers to ft6x06.o(.text) for ft6x06_init
    ece210_api.o(.text) refers to lcd_terminal.o(.text) for terminal_init_screen
    ece210_api.o(.text) refers to spi_select.o(.text) for spi_select_init
    ece210_api.o(.text) refers to ece210_api.o(.bss) for ws2812_leds
    ece210_api.o(.text) refers to ece210_api.o(.data) for DELAY_1MS
    ece210_api.o(.text) refers to lcd_fonts.o(.constdata) for calibri_14ptFontInfo
    ece210_api.o(.text) refers to mezz_audio.o(.data) for AUDIO_DATA
    ft6x06.o(.text) refers to i2c.o(.text) for I2CMasterBusy
    ft6x06.o(.text) refers to gpio_port.o(.text) for gpio_enable_port
    ft6x06.o(.text) refers to printf8.o(i.__0printf$8) for __2printf
    io_expander.o(.text) refers to i2c.o(.text) for i2cSetSlaveAddr
    io_expander.o(.text) refers to gpio_port.o(.text) for gpio_enable_port
    lcd.o(.text) refers to gpio_port.o(.text) for gpio_enable_port
    lcd_fonts.o(.text) refers to lcd.o(.text) for lcd_draw_char
    lcd_terminal.o(.text) refers to lcd.o(.text) for lcd_draw_box
    lcd_terminal.o(.text) refers to lcd_fonts.o(.text) for lcd_print_string
    lcd_terminal.o(.text) refers to memseta.o(.text) for __aeabi_memclr
    lcd_terminal.o(.text) refers to strcpy.o(.text) for strcpy
    lcd_terminal.o(.text) refers to malloc.o(i.malloc) for malloc
    lcd_terminal.o(.text) refers to malloc.o(i.free) for free
    lcd_terminal.o(.text) refers to lcd_fonts.o(.constdata) for calibri_14ptFontInfo
    lcd_terminal.o(.text) refers to lcd_terminal.o(.bss) for LCD_Terminal
    lcd_terminal.o(.text) refers to lcd_terminal.o(.data) for User_Input_Index
    ps2.o(.text) refers to gpio_port.o(.text) for gpio_enable_port
    ps2.o(.text) refers to gptimer.o(.text) for gp_timer_config
    ps2.o(.text) refers to ps2.o(.data) for PS2_X_DATA
    serial_debug.o(.text) refers to pc_buffer.o(.text) for pc_buffer_empty
    serial_debug.o(.text) refers to ece210_api.o(.text) for DisableInterrupts
    serial_debug.o(.text) refers to uart.o(.text) for uart_tx_poll
    serial_debug.o(.text) refers to gpio_port.o(.text) for gpio_enable_port
    serial_debug.o(.text) refers to serial_debug.o(.data) for Tx_Interrupts_Enabled
    serial_debug.o(.text) refers to serial_debug.o(.bss) for UART0_Tx_Buffer
    serial_debug.o(.text) refers to stdout.o(.data) for __stdout
    spi_select.o(.text) refers to gpio_port.o(.text) for gpio_enable_port
    wireless.o(.text) refers to spi.o(.text) for spiTx
    wireless.o(.text) refers to gpio_port.o(.text) for gpio_enable_port
[...]
    printf4.o(i.__0printf$4) refers to printf4.o(i._printf_core) for _printf_core
    printf4.o(i.__0printf$4) refers to serial_debug.o(.text) for fputc
    printf4.o(i.__0printf$4) refers to stdout.o(.data) for __stdout
    printf4.o(i.__0snprintf$4) refers to printf4.o(i._printf_core) for _printf_core
    printf4.o(i.__0snprintf$4) refers to printf4.o(i._snputc) for _snputc
    printf4.o(i.__0sprintf$4) refers to printf4.o(i._printf_core) for _printf_core
    printf4.o(i.__0sprintf$4) refers to printf4.o(i._sputc) for _sputc
    printf4.o(i.__0vfprintf$4) refers to printf4.o(i._printf_core) for _printf_core
    printf4.o(i.__0vfprintf$4) refers to serial_debug.o(.text) for fputc
    printf4.o(i.__0vprintf$4) refers to printf4.o(i._printf_core) for _printf_core
    printf4.o(i.__0vprintf$4) refers to serial_debug.o(.text) for fputc
    printf4.o(i.__0vprintf$4) refers to stdout.o(.data) for __stdout
    printf4.o(i.__0vsnprintf$4) refers to printf4.o(i._printf_core) for _printf_core
    printf4.o(i.__0vsnprintf$4) refers to printf4.o(i._snputc) for _snputc
    printf4.o(i.__0vsprintf$4) refers to printf4.o(i._printf_core) for _printf_core
    printf4.o(i.__0vsprintf$4) refers to printf4.o(i._sputc) for _sputc
    printf4.o(i._printf_core) refers to uldiv.o(.text) for __aeabi_uldivmod
    printf5.o(i.__0fprintf$5) refers to printf5.o(i._printf_core) for _printf_core
    printf5.o(i.__0fprintf$5) refers to serial_debug.o(.text) for fputc
    printf5.o(i.__0printf$5) refers to printf5.o(i._printf_core) for _printf_core
    printf5.o(i.__0printf$5) refers to serial_debug.o(.text) for fputc
    printf5.o(i.__0printf$5) refers to stdout.o(.data) for __stdout
    printf5.o(i.__0snprintf$5) refers to printf5.o(i._printf_core) for _printf_core
    printf5.o(i.__0snprintf$5) refers to printf5.o(i._snputc) for _snputc
    printf5.o(i.__0sprintf$5) refers to printf5.o(i._printf_core) for _printf_core
    printf5.o(i.__0sprintf$5) refers to printf5.o(i._sputc) for _sputc
    printf5.o(i.__0vfprintf$5) refers to printf5.o(i._printf_core) for _printf_core
    printf5.o(i.__0vfprintf$5) refers to serial_debug.o(.text) for fputc
    printf5.o(i.__0vprintf$5) refers to printf5.o(i._printf_core) for _printf_core
    printf5.o(i.__0vprintf$5) refers to serial_debug.o(.text) for fputc
    printf5.o(i.__0vprintf$5) refers to stdout.o(.data) for __stdout
    printf5.o(i.__0vsnprintf$5) refers to printf5.o(i._printf_core) for _printf_core
    printf5.o(i.__0vsnprintf$5) refers to printf5.o(i._snputc) for _snputc
    printf5.o(i.__0vsprintf$5) refers to printf5.o(i._printf_core) for _printf_core
    printf5.o(i.__0vsprintf$5) refers to printf5.o(i._sputc) for _sputc
    printf5.o(i._printf_core) refers to uldiv.o(.text) for __aeabi_uldivmod
    printf6.o(i.__0fprintf$6) refers to printf6.o(i._printf_core) for _printf_core
    printf6.o(i.__0fprintf$6) refers to serial_debug.o(.text) for fputc
    printf6.o(i.__0printf$6) refers to printf6.o(i._printf_core) for _printf_core
    printf6.o(i.__0printf$6) refers to serial_debug.o(.text) for fputc
    printf6.o(i.__0printf$6) refers to stdout.o(.data) for __stdout
    printf6.o(i.__0snprintf$6) refers to printf6.o(i._printf_core) for _printf_core
    printf6.o(i.__0snprintf$6) refers to printf6.o(i._snputc) for _snputc
    printf6.o(i.__0sprintf$6) refers to printf6.o(i._printf_core) for _printf_core
    printf6.o(i.__0sprintf$6) refers to printf6.o(i._sputc) for _sputc
    printf6.o(i.__0vfprintf$6) refers to printf6.o(i._printf_core) for _printf_core
    printf6.o(i.__0vfprintf$6) refers to serial_debug.o(.text) for fputc
    printf6.o(i.__0vprintf$6) refers to printf6.o(i._printf_core) for _printf_core
    printf6.o(i.__0vprintf$6) refers to serial_debug.o(.text) for fputc
    printf6.o(i.__0vprintf$6) refers to stdout.o(.data) for __stdout
    printf6.o(i.__0vsnprintf$6) refers to printf6.o(i._printf_core) for _printf_core
    printf6.o(i.__0vsnprintf$6) refers to printf6.o(i._snputc) for _snputc
    printf6.o(i.__0vsprintf$6) refers to printf6.o(i._printf_core) for _printf_core
    printf6.o(i.__0vsprintf$6) refers to printf6.o(i._sputc) for _sputc
    printf6.o(i._printf_core) refers to printf6.o(i._printf_pre_padding) for _printf_pre_padding
    printf6.o(i._printf_core) refers to uidiv.o(.text) for __aeabi_uidivmod
    printf6.o(i._printf_core) refers to printf6.o(i._printf_post_padding) for _printf_post_padding
    printf7.o(i.__0fprintf$7) refers to printf7.o(i._printf_core) for _printf_core
    printf7.o(i.__0fprintf$7) refers to serial_debug.o(.text) for fputc
    printf7.o(i.__0printf$7) refers to printf7.o(i._printf_core) for _printf_core
    printf7.o(i.__0printf$7) refers to serial_debug.o(.text) for fputc
    printf7.o(i.__0printf$7) refers to stdout.o(.data) for __stdout
    printf7.o(i.__0snprintf$7) refers to printf7.o(i._printf_core) for _printf_core
    printf7.o(i.__0snprintf$7) refers to printf7.o(i._snputc) for _snputc
    printf7.o(i.__0sprintf$7) refers to printf7.o(i._printf_core) for _printf_core
    printf7.o(i.__0sprintf$7) refers to printf7.o(i._sputc) for _sputc
    printf7.o(i.__0vfprintf$7) refers to printf7.o(i._printf_core) for _printf_core
    printf7.o(i.__0vfprintf$7) refers to serial_debug.o(.text) for fputc
    printf7.o(i.__0vprintf$7) refers to printf7.o(i._printf_core) for _printf_core
    printf7.o(i.__0vprintf$7) refers to serial_debug.o(.text) for fputc
    printf7.o(i.__0vprintf$7) refers to stdout.o(.data) for __stdout
    printf7.o(i.__0vsnprintf$7) refers to printf7.o(i._printf_core) for _printf_core
    printf7.o(i.__0vsnprintf$7) refers to printf7.o(i._snputc) for _snputc
    printf7.o(i.__0vsprintf$7) refers to printf7.o(i._printf_core) for _printf_core
    printf7.o(i.__0vsprintf$7) refers to printf7.o(i._sputc) for _sputc
    printf7.o(i._printf_core) refers to printf7.o(i._printf_pre_padding) for _printf_pre_padding
    printf7.o(i._printf_core) refers to uldiv.o(.text) for __aeabi_uldivmod
    printf7.o(i._printf_core) refers to printf7.o(i._printf_post_padding) for _printf_post_padding
    printf8.o(i.__0fprintf$8) refers to printf8.o(i._printf_core) for _printf_core
    printf8.o(i.__0fprintf$8) refers to serial_debug.o(.text) for fputc
    printf8.o(i.__0printf$8) refers to printf8.o(i._printf_core) for _printf_core
    printf8.o(i.__0printf$8) refers to serial_debug.o(.text) for fputc
    printf8.o(i.__0printf$8) refers to stdout.o(.data) for __stdout
    printf8.o(i.__0snprintf$8) refers to printf8.o(i._printf_core) for _printf_core
    printf8.o(i.__0snprintf$8) refers to printf8.o(i._snputc) for _snputc
    printf8.o(i.__0sprintf$8) refers to printf8.o(i._printf_core) for _printf_core
    printf8.o(i.__0sprintf$8) refers to printf8.o(i._sputc) for _sputc
    printf8.o(i.__0vfprintf$8) refers to printf8.o(i._printf_core) for _printf_core
    printf8.o(i.__0vfprintf$8) refers to serial_debug.o(.text) for fputc
    printf8.o(i.__0vprintf$8) refers to printf8.o(i._printf_core) for _printf_core
    printf8.o(i.__0vprintf$8) refers to serial_debug.o(.text) for fputc
    printf8.o(i.__0vprintf$8) refers to stdout.o(.data) for __stdout
    printf8.o(i.__0vsnprintf$8) refers to printf8.o(i._printf_core) for _printf_core
    printf8.o(i.__0vsnprintf$8) refers to printf8.o(i._snputc) for _snputc
    printf8.o(i.__0vsprintf$8) refers to printf8.o(i._printf_core) for _printf_core
    printf8.o(i.__0vsprintf$8) refers to printf8.o(i._sputc) for _sputc
    printf8.o(i._printf_core) refers to printf8.o(i._printf_pre_padding) for _printf_pre_padding
    printf8.o(i._printf_core) refers to uldiv.o(.text) for __aeabi_uldivmod
    printf8.o(i._printf_core) refers to printf8.o(i._printf_post_padding) for _printf_post_padding
    printfa.o(i.__0fprintf) refers (Special) to iusefp.o(.text) for __I$use$fp
    printfa.o(i.__0fprintf) refers to printfa.o(i._printf_core) for _printf_core
    printfa.o(i.__0fprintf) refers to serial_debug.o(.text) for fputc
    printfa.o(i.__0printf) refers (Special) to iusefp.o(.text) for __I$use$fp
    printfa.o(i.__0printf) refers to printfa.o(i._printf_core) for _printf_core
    printfa.o(i.__0printf) refers to serial_debug.o(.text) for fputc
    printfa.o(i.__0printf) refers to stdout.o(.data) for __stdout
    printfa.o(i.__0snprintf) refers (Special) to iusefp.o(.text) for __I$use$fp
    printfa.o(i.__0snprintf) refers to printfa.o(i._printf_core) for _printf_core
    printfa.o(i.__0snprintf) refers to printfa.o(i._snputc) for _snputc
    printfa.o(i.__0sprintf) refers (Special) to iusefp.o(.text) for __I$use$fp
    printfa.o(i.__0sprintf) refers to printfa.o(i._printf_core) for _printf_core
    printfa.o(i.__0sprintf) refers to printfa.o(i._sputc) for _sputc
    printfa.o(i.__0vfprintf) refers (Special) to iusefp.o(.text) for __I$use$fp
    printfa.o(i.__0vfprintf) refers to printfa.o(i._printf_core) for _printf_core
    printfa.o(i.__0vfprintf) refers to serial_debug.o(.text) for fputc
    printfa.o(i.__0vprintf) refers (Special) to iusefp.o(.text) for __I$use$fp
    printfa.o(i.__0vprintf) refers to printfa.o(i._printf_core) for _printf_core
    printfa.o(i.__0vprintf) refers to serial_debug.o(.text) for fputc
    printfa.o(i.__0vprintf) refers to stdout.o(.data) for __stdout
    printfa.o(i.__0vsnprintf) refers (Special) to iusefp.o(.text) for __I$use$fp
    printfa.o(i.__0vsnprintf) refers to printfa.o(i._printf_core) for _printf_core
    printfa.o(i.__0vsnprintf) refers to printfa.o(i._snputc) for _snputc
    printfa.o(i.__0vsprintf) refers (Special) to iusefp.o(.text) for __I$use$fp
    printfa.o(i.__0vsprintf) refers to printfa.o(i._printf_core) for _printf_core
    printfa.o(i.__0vsprintf) refers to printfa.o(i._sputc) for _sputc
    printfa.o(i._fp_digits) refers (Special) to iusefp.o(.text) for __I$use$fp
    printfa.o(i._fp_digits) refers to dmul.o(.text) for __aeabi_dmul
    printfa.o(i._fp_digits) refers to ddiv.o(.text) for __aeabi_ddiv
    printfa.o(i._fp_digits) refers to cdrcmple.o(.text) for __aeabi_cdrcmple
    printfa.o(i._fp_digits) refers to dadd.o(.text) for __aeabi_dadd
    printfa.o(i._fp_digits) refers to dfixul.o(.text) for __aeabi_d2ulz
    printfa.o(i._fp_digits) refers to uldiv.o(.text) for __aeabi_uldivmod
    printfa.o(i._printf_core) refers (Special) to iusefp.o(.text) for __I$use$fp
    printfa.o(i._printf_core) refers to printfa.o(i._printf_pre_padding) for _printf_pre_padding
    printfa.o(i._printf_core) refers to uldiv.o(.text) for __aeabi_uldivmod
    printfa.o(i._printf_core) refers to printfa.o(i._printf_post_padding) for _printf_post_padding
    printfa.o(i._printf_core) refers to printfa.o(i._fp_digits) for _fp_digits
    printfa.o(i._printf_core) refers to uidiv.o(.text) for __aeabi_uidivmod
    printfa.o(i._printf_post_padding) refers (Special) to iusefp.o(.text) for __I$use$fp
    printfa.o(i._printf_pre_padding) refers (Special) to iusefp.o(.text) for __I$use$fp
    printfa.o(i._snputc) refers (Special) to iusefp.o(.text) for __I$use$fp
    printfa.o(i._sputc) refers (Special) to iusefp.o(.text) for __I$use$fp
    malloc.o(i.free) refers to mvars.o(.data) for __microlib_freelist
    malloc.o(i.malloc) refers to mvars.o(.data) for __microlib_freelist_initialised
    malloc.o(i.malloc) refers to mvars.o(.data) for __microlib_freelist
    malloc.o(i.malloc) refers to startup_tm4c123.o(HEAP) for __heap_base
    mallocr.o(i.__free$realloc) refers to mvars.o(.data) for __microlib_freelist
    mallocr.o(i.__malloc$realloc) refers to mallocr.o(i.internal_alloc) for internal_alloc
    mallocr.o(i.__malloc$realloc) refers to mvars.o(.data) for __microlib_freelist_initialised
    mallocr.o(i.__malloc$realloc) refers to startup_tm4c123.o(HEAP) for __heap_base
    mallocr.o(i.__malloc$realloc) refers to mvars.o(.data) for __microlib_freelist
    mallocr.o(i.internal_alloc) refers to memcpya.o(.text) for __aeabi_memcpy
    mallocr.o(i.internal_alloc) refers to mvars.o(.data) for __microlib_freelist
    mallocr.o(i.realloc) refers to mallocr.o(i.__free$realloc) for __free$realloc
    mallocr.o(i.realloc) refers to mallocr.o(i.internal_alloc) for internal_alloc
    mallocr.o(i.realloc) refers to mallocr.o(i.__malloc$realloc) for __malloc$realloc
    mallocr.o(i.realloc) refers to mvars.o(.data) for __microlib_freelist
    malloca.o(i.__aligned_malloc) refers to mvars.o(.data) for __microlib_freelist_initialised
    malloca.o(i.__aligned_malloc) refers to mvars.o(.data) for __microlib_freelist
    malloca.o(i.__aligned_malloc) refers to startup_tm4c123.o(HEAP) for __heap_base
    malloca.o(i.__free$memalign) refers to mvars.o(.data) for __microlib_freelist
    malloca.o(i.__malloc$memalign) refers to malloca.o(i.__aligned_malloc) for __aligned_malloc
    mallocra.o(i.__aligned_malloc$realloc) refers to mallocra.o(i.internal_alloc) for internal_alloc
    mallocra.o(i.__aligned_malloc$realloc) refers to mvars.o(.data) for __microlib_freelist_initialised
    mallocra.o(i.__aligned_malloc$realloc) refers to startup_tm4c123.o(HEAP) for __heap_base
    mallocra.o(i.__aligned_malloc$realloc) refers to mvars.o(.data) for __microlib_freelist
    mallocra.o(i.__free$realloc$memalign) refers to mvars.o(.data) for __microlib_freelist
    mallocra.o(i.__malloc$realloc$memalign) refers to mallocra.o(i.__aligned_malloc$realloc) for __aligned_malloc$realloc
    mallocra.o(i.__realloc$memalign) refers to mallocra.o(i.__free$realloc$memalign) for __free$realloc$memalign
    mallocra.o(i.__realloc$memalign) refers to mallocra.o(i.internal_alloc) for internal_alloc
    mallocra.o(i.__realloc$memalign) refers to mallocra.o(i.__malloc$realloc$memalign) for __malloc$realloc$memalign
    mallocra.o(i.__realloc$memalign) refers to mvars.o(.data) for __microlib_freelist
    mallocra.o(i.internal_alloc) refers to memcpya.o(.text) for __aeabi_memcpy
    mallocra.o(i.internal_alloc) refers to mvars.o(.data) for __microlib_freelist
    entry2.o(.ARM.Collect$$$$00000001) refers to entry2.o(.ARM.Collect$$$$00002712) for __lit__00000000
    entry2.o(.ARM.Collect$$$$00002712) refers to startup_tm4c123.o(STACK) for __initial_sp
    entry2.o(__vectab_stack_and_reset_area) refers to startup_tm4c123.o(STACK) for __initial_sp
    entry2.o(__vectab_stack_and_reset_area) refers to entry.o(.ARM.Collect$$$$00000000) for __main
    entry5.o(.ARM.Collect$$$$00000004) refers to init.o(.text) for __scatterload
    entry9a.o(.ARM.Collect$$$$0000000B) refers to main.o(.text) for main
    entry9b.o(.ARM.Collect$$$$0000000C) refers to main.o(.text) for main
    uldiv.o(.text) refers to llushr.o(.text) for __aeabi_llsr
    uldiv.o(.text) refers to llshl.o(.text) for __aeabi_llsl
    dadd.o(.text) refers to llshl.o(.text) for __aeabi_llsl
    dadd.o(.text) refers to llsshr.o(.text) for __aeabi_lasr
    dadd.o(.text) refers to depilogue.o(.text) for _double_epilogue
    dmul.o(.text) refers to depilogue.o(.text) for _double_epilogue
    ddiv.o(.text) refers to depilogue.o(.text) for _double_round
    dfixul.o(.text) refers to llushr.o(.text) for __aeabi_llsr
    dfixul.o(.text) refers to llshl.o(.text) for __aeabi_llsl
    init.o(.text) refers to entry5.o(.ARM.Collect$$$$00000004) for __main_after_scatterload
    depilogue.o(.text) refers to llshl.o(.text) for __aeabi_llsl
    depilogue.o(.text) refers to llushr.o(.text) for __aeabi_llsr


==============================================================================

Removing Unused input sections from the image.

    Removing main.o(.rev16_text), (4 bytes).
    Removing main.o(.revsh_text), (4 bytes).
    Removing main.o(.rrx_text), (6 bytes).
    Removing lab_buttons.o(.rev16_text), (4 bytes).
    Removing lab_buttons.o(.revsh_text), (4 bytes).
    Removing lab_buttons.o(.rrx_text), (6 bytes).
    Removing logo.black.o(.rev16_text), (4 bytes).
    Removing logo.black.o(.revsh_text), (4 bytes).
    Removing logo.black.o(.rrx_text), (6 bytes).
    Removing o_image.o(.rev16_text), (4 bytes).
    Removing o_image.o(.revsh_text), (4 bytes).
    Removing o_image.o(.rrx_text), (6 bytes).
    Removing x_image_bitmap.o(.rev16_text), (4 bytes).
    Removing x_image_bitmap.o(.revsh_text), (4 bytes).
    Removing x_image_bitmap.o(.rrx_text), (6 bytes).
    Removing system_tm4c123.o(.rev16_text), (4 bytes).
    Removing system_tm4c123.o(.revsh_text), (4 bytes).
    Removing system_tm4c123.o(.rrx_text), (6 bytes).
    Removing ece210_api.o(.rev16_text), (4 bytes).
    Removing ece210_api.o(.revsh_text), (4 bytes).
    Removing ece210_api.o(.rrx_text), (6 bytes).
    Removing gptimer.o(.rev16_text), (4 bytes).
    Removing gptimer.o(.revsh_text), (4 bytes).
    Removing gptimer.o(.rrx_text), (6 bytes).
    Removing ft6x06.o(.rev16_text), (4 bytes).
    Removing ft6x06.o(.revsh_text), (4 bytes).
    Removing ft6x06.o(.rrx_text), (6 bytes).
    Removing io_expander.o(.rev16_text), (4 bytes).
    Removing io_expander.o(.revsh_text), (4 bytes).
    Removing io_expander.o(.rrx_text), (6 bytes).
    Removing lcd.o(.rev16_text), (4 bytes).
    Removing lcd.o(.revsh_text), (4 bytes).
    Removing lcd.o(.rrx_text), (6 bytes).
    Removing lcd_fonts.o(.rev16_text), (4 bytes).
    Removing lcd_fonts.o(.revsh_text), (4 bytes).
    Removing lcd_fonts.o(.rrx_text), (6 bytes).
    Removing lcd_terminal.o(.rev16_text), (4 bytes).
    Removing lcd_terminal.o(.revsh_text), (4 bytes).
    Removing lcd_terminal.o(.rrx_text), (6 bytes).
    Removing ps2.o(.rev16_text), (4 bytes).
    Removing ps2.o(.revsh_text), (4 bytes).
    Removing ps2.o(.rrx_text), (6 bytes).
    Removing serial_debug.o(.rev16_text), (4 bytes).
    Removing serial_debug.o(.revsh_text), (4 bytes).
    Removing serial_debug.o(.rrx_text), (6 bytes).
    Removing spi_select.o(.rev16_text), (4 bytes).
    Removing spi_select.o(.revsh_text), (4 bytes).
    Removing spi_select.o(.rrx_text), (6 bytes).
    Removing wireless.o(.rev16_text), (4 bytes).
    Removing wireless.o(.revsh_text), (4 bytes).
    Removing wireless.o(.rrx_text), (6 bytes).
    Removing wireless.o(.conststring), (125 bytes).
    Removing wireless.o(.data), (24 bytes).
    Removing launchpad_io.o(.rev16_text), (4 bytes).
    Removing launchpad_io.o(.revsh_text), (4 bytes).
    Removing launchpad_io.o(.rrx_text), (6 bytes).
    Removing mezz_audio.o(.rev16_text), (4 bytes).
    Removing mezz_audio.o(.revsh_text), (4 bytes).
    Removing mezz_audio.o(.rrx_text), (6 bytes).
    Removing adc.o(.rev16_text), (4 bytes).
    Removing adc.o(.revsh_text), (4 bytes).
    Removing adc.o(.rrx_text), (6 bytes).
    Removing gpio_port.o(.rev16_text), (4 bytes).
    Removing gpio_port.o(.revsh_text), (4 bytes).
    Removing gpio_port.o(.rrx_text), (6 bytes).
    Removing i2c.o(.rev16_text), (4 bytes).
    Removing i2c.o(.revsh_text), (4 bytes).
    Removing i2c.o(.rrx_text), (6 bytes).
    Removing spi.o(.rev16_text), (4 bytes).
    Removing spi.o(.revsh_text), (4 bytes).
    Removing spi.o(.rrx_text), (6 bytes).
    Removing uart.o(.rev16_text), (4 bytes).
    Removing uart.o(.revsh_text), (4 bytes).
    Removing uart.o(.rrx_text), (6 bytes).
    Removing mcp47fvbxx.o(.rev16_text), (4 bytes).
    Removing mcp47fvbxx.o(.revsh_text), (4 bytes).
    Removing mcp47fvbxx.o(.rrx_text), (6 bytes).
    Removing dadd.o(.text), (334 bytes).
    Removing dmul.o(.text), (228 bytes).
    Removing ddiv.o(.text), (222 bytes).
    Removing dfixul.o(.text), (48 bytes).
    Removing cdrcmple.o(.text), (48 bytes).
    Removing depilogue.o(.text), (186 bytes).

83 unused section(s) (total 1565 bytes) removed from the image.

==============================================================================

Image Symbol Table

    Local Symbols

    Symbol Name                              Value     Ov Type        Size  Object(Section)

    RESET                                    0x00000000   Section      620  startup_tm4c123.o(RESET)
    ../clib/microlib/division.c              0x00000000   Number         0  uidiv.o ABSOLUTE
    ../clib/microlib/division.c              0x00000000   Number         0  uldiv.o ABSOLUTE
    ../clib/microlib/init/entry.s            0x00000000   Number         0  entry7b.o ABSOLUTE
    ../clib/microlib/init/entry.s            0x00000000   Number         0  entry8a.o ABSOLUTE
    ../clib/microlib/init/entry.s            0x00000000   Number         0  entry8b.o ABSOLUTE
    ../clib/microlib/init/entry.s            0x00000000   Number         0  entry9a.o ABSOLUTE
    ../clib/microlib/init/entry.s            0x00000000   Number         0  entry9b.o ABSOLUTE
    ../clib/microlib/init/entry.s            0x00000000   Number         0  entry10a.o ABSOLUTE
    ../clib/microlib/init/entry.s            0x00000000   Number         0  entry10b.o ABSOLUTE
    ../clib/microlib/init/entry.s            0x00000000   Number         0  entry7a.o ABSOLUTE
    ../clib/microlib/init/entry.s            0x00000000   Number         0  entry11a.o ABSOLUTE
    ../clib/microlib/init/entry.s            0x00000000   Number         0  entry11b.o ABSOLUTE
    ../clib/microlib/init/entry.s            0x00000000   Number         0  entry.o ABSOLUTE
    ../clib/microlib/init/entry.s            0x00000000   Number         0  entry2.o ABSOLUTE
    ../clib/microlib/init/entry.s            0x00000000   Number         0  entry5.o ABSOLUTE
    ../clib/microlib/longlong.c              0x00000000   Number         0  llushr.o ABSOLUTE
    ../clib/microlib/longlong.c              0x00000000   Number         0  llsshr.o ABSOLUTE
    ../clib/microlib/longlong.c              0x00000000   Number         0  llshl.o ABSOLUTE
    ../clib/microlib/malloc/malloc.c         0x00000000   Number         0  malloc.o ABSOLUTE
    ../clib/microlib/malloc/malloc.c         0x00000000   Number         0  mallocr.o ABSOLUTE
    ../clib/microlib/malloc/malloc.c         0x00000000   Number         0  malloca.o ABSOLUTE
    ../clib/microlib/malloc/malloc.c         0x00000000   Number         0  mallocra.o ABSOLUTE
    ../clib/microlib/malloc/mvars.c          0x00000000   Number         0  mvars.o ABSOLUTE
    ../clib/microlib/printf/printf.c         0x00000000   Number         0  printf7.o ABSOLUTE
    ../clib/microlib/printf/printf.c         0x00000000   Number         0  printf6.o ABSOLUTE
    ../clib/microlib/printf/printf.c         0x00000000   Number         0  printf5.o ABSOLUTE
    ../clib/microlib/printf/printf.c         0x00000000   Number         0  printf4.o ABSOLUTE
    ../clib/microlib/printf/printf.c         0x00000000   Number         0  printfb.o ABSOLUTE
    ../clib/microlib/printf/printf.c         0x00000000   Number         0  printf8.o ABSOLUTE
    ../clib/microlib/printf/printf.c         0x00000000   Number         0  printf3.o ABSOLUTE
    ../clib/microlib/printf/printf.c         0x00000000   Number         0  printf2.o ABSOLUTE
    ../clib/microlib/printf/printf.c         0x00000000   Number         0  printfa.o ABSOLUTE
    ../clib/microlib/printf/printf.c         0x00000000   Number         0  printf1.o ABSOLUTE
    ../clib/microlib/printf/printf.c         0x00000000   Number         0  printf0.o ABSOLUTE
    ../clib/microlib/printf/stubs.s          0x00000000   Number         0  stubs.o ABSOLUTE
    ../clib/microlib/stdio/streams.c         0x00000000   Number         0  stdout.o ABSOLUTE
    ../clib/microlib/string/memcpy.c         0x00000000   Number         0  memcpyb.o ABSOLUTE
    ../clib/microlib/string/memcpy.c         0x00000000   Number         0  memcpya.o ABSOLUTE
    ../clib/microlib/string/memset.c         0x00000000   Number         0  memseta.o ABSOLUTE
    ../clib/microlib/string/strcpy.c         0x00000000   Number         0  strcpy.o ABSOLUTE
    ../clib/microlib/stubs.s                 0x00000000   Number         0  iusefp.o ABSOLUTE
    ../fplib/microlib/fpadd.c                0x00000000   Number         0  dadd.o ABSOLUTE
    ../fplib/microlib/fpdiv.c                0x00000000   Number         0  ddiv.o ABSOLUTE
    ../fplib/microlib/fpepilogue.c           0x00000000   Number         0  depilogue.o ABSOLUTE
    ../fplib/microlib/fpfix.c                0x00000000   Number         0  dfixul.o ABSOLUTE
    ../fplib/microlib/fpmul.c                0x00000000   Number         0  dmul.o ABSOLUTE
    ..\\drivers\\c\\adc.c                    0x00000000   Number         0  adc.o ABSOLUTE
    ..\\drivers\\c\\gpio_port.c              0x00000000   Number         0  gpio_port.o ABSOLUTE
    ..\\drivers\\c\\gptimer.c                0x00000000   Number         0  gptimer.o ABSOLUTE
    ..\\drivers\\c\\i2c.c                    0x00000000   Number         0  i2c.o ABSOLUTE
    ..\\drivers\\c\\spi.c                    0x00000000   Number         0  spi.o ABSOLUTE
    ..\\drivers\\c\\uart.c                   0x00000000   Number         0  uart.o ABSOLUTE
    ..\\peripherals\\c\\ece210_api.c         0x00000000   Number         0  ece210_api.o ABSOLUTE
    ..\\peripherals\\c\\ft6x06.c             0x00000000   Number         0  ft6x06.o ABSOLUTE
    ..\\peripherals\\c\\io_expander.c        0x00000000   Number         0  io_expander.o ABSOLUTE
    ..\\peripherals\\c\\launchpad_io.c       0x00000000   Number         0  launchpad_io.o ABSOLUTE
    ..\\peripherals\\c\\lcd.c                0x00000000   Number         0  lcd.o ABSOLUTE
    ..\\peripherals\\c\\lcd_fonts.c          0x00000000   Number         0  lcd_fonts.o ABSOLUTE
    ..\\peripherals\\c\\lcd_terminal.c       0x00000000   Number         0  lcd_terminal.o ABSOLUTE
    ..\\peripherals\\c\\mcp47fvbxx.c         0x00000000   Number         0  mcp47fvbxx.o ABSOLUTE
    ..\\peripherals\\c\\mezz_audio.c         0x00000000   Number         0  mezz_audio.o ABSOLUTE
    ..\\peripherals\\c\\ps2.c                0x00000000   Number         0  ps2.o ABSOLUTE
    ..\\peripherals\\c\\serial_debug.c       0x00000000   Number         0  serial_debug.o ABSOLUTE
    ..\\peripherals\\c\\spi_select.c         0x00000000   Number         0  spi_select.o ABSOLUTE
    ..\\peripherals\\c\\wireless.c           0x00000000   Number         0  wireless.o ABSOLUTE
    ..\drivers\c\adc.c                       0x00000000   Number         0  adc.o ABSOLUTE
    ..\drivers\c\gpio_port.c                 0x00000000   Number         0  gpio_port.o ABSOLUTE
    ..\drivers\c\gptimer.c                   0x00000000   Number         0  gptimer.o ABSOLUTE
    ..\drivers\c\i2c.c                       0x00000000   Number         0  i2c.o ABSOLUTE
    ..\drivers\c\pc_buffer.c                 0x00000000   Number         0  pc_buffer.o ABSOLUTE
    ..\drivers\c\spi.c                       0x00000000   Number         0  spi.o ABSOLUTE
    ..\drivers\c\uart.c                      0x00000000   Number         0  uart.o ABSOLUTE
    ..\peripherals\c\ece210_api.c            0x00000000   Number         0  ece210_api.o ABSOLUTE
    ..\peripherals\c\ft6x06.c                0x00000000   Number         0  ft6x06.o ABSOLUTE
    ..\peripherals\c\io_expander.c           0x00000000   Number         0  io_expander.o ABSOLUTE
    ..\peripherals\c\launchpad_io.c          0x00000000   Number         0  launchpad_io.o ABSOLUTE
    ..\peripherals\c\lcd.c                   0x00000000   Number         0  lcd.o ABSOLUTE
    ..\peripherals\c\lcd_fonts.c             0x00000000   Number         0  lcd_fonts.o ABSOLUTE
    ..\peripherals\c\lcd_terminal.c          0x00000000   Number         0  lcd_terminal.o ABSOLUTE
    ..\peripherals\c\mcp47fvbxx.c            0x00000000   Number         0  mcp47fvbxx.o ABSOLUTE
    ..\peripherals\c\mezz_audio.c            0x00000000   Number         0  mezz_audio.o ABSOLUTE
    ..\peripherals\c\ps2.c                   0x00000000   Number         0  ps2.o ABSOLUTE
    ..\peripherals\c\serial_debug.c          0x00000000   Number         0  serial_debug.o ABSOLUTE
    ..\peripherals\c\spi_select.c            0x00000000   Number         0  spi_select.o ABSOLUTE
    ..\peripherals\c\wireless.c              0x00000000   Number         0  wireless.o ABSOLUTE
    ..\peripherals\c\ws2812b.s               0x00000000   Number         0  ws2812b_1.o ABSOLUTE
    Logo.black.c                             0x00000000   Number         0  logo.black.o ABSOLUTE
    Logo.black.c                             0x00000000   Number         0  logo.black.o ABSOLUTE
    O_IMAGE.c                                0x00000000   Number         0  o_image.o ABSOLUTE
    O_IMAGE.c                                0x00000000   Number         0  o_image.o ABSOLUTE
    RTE\Device\TM4C123GH6PM\startup_TM4C123.s 0x00000000   Number         0  startup_tm4c123.o ABSOLUTE
    RTE\Device\TM4C123GH6PM\system_TM4C123.c 0x00000000   Number         0  system_tm4c123.o ABSOLUTE
    RTE\\Device\\TM4C123GH6PM\\system_TM4C123.c 0x00000000   Number         0  system_tm4c123.o ABSOLUTE
    cdrcmple.s                               0x00000000   Number         0  cdrcmple.o ABSOLUTE
    dc.s                                     0x00000000   Number         0  dc.o ABSOLUTE
    handlers.s                               0x00000000   Number         0  handlers.o ABSOLUTE
    init.s                                   0x00000000   Number         0  init.o ABSOLUTE
    lab_buttons.c                            0x00000000   Number         0  lab_buttons.o ABSOLUTE
    lab_buttons.c                            0x00000000   Number         0  lab_buttons.o ABSOLUTE
    main.c                                   0x00000000   Number         0  main.o ABSOLUTE
    main.c                                   0x00000000   Number         0  main.o ABSOLUTE
    x_IMAGE_BITMAP.c                         0x00000000   Number         0  x_image_bitmap.o ABSOLUTE
    x_IMAGE_BITMAP.c                         0x00000000   Number         0  x_image_bitmap.o ABSOLUTE
    .ARM.Collect$$$$00000000                 0x0000026c   Section        0  entry.o(.ARM.Collect$$$$00000000)
    .ARM.Collect$$$$00000001                 0x0000026c   Section        4  entry2.o(.ARM.Collect$$$$00000001)
    .ARM.Collect$$$$00000004                 0x00000270   Section        4  entry5.o(.ARM.Collect$$$$00000004)
    .ARM.Collect$$$$00000008                 0x00000274   Section        0  entry7b.o(.ARM.Collect$$$$00000008)
    .ARM.Collect$$$$0000000A                 0x00000274   Section        0  entry8b.o(.ARM.Collect$$$$0000000A)
    .ARM.Collect$$$$0000000B                 0x00000274   Section        8  entry9a.o(.ARM.Collect$$$$0000000B)
    .ARM.Collect$$$$0000000D                 0x0000027c   Section        0  entry10a.o(.ARM.Collect$$$$0000000D)
    .ARM.Collect$$$$0000000F                 0x0000027c   Section        0  entry11a.o(.ARM.Collect$$$$0000000F)
    .ARM.Collect$$$$00002712                 0x0000027c   Section        4  entry2.o(.ARM.Collect$$$$00002712)
    __lit__00000000                          0x0000027c   Data           4  entry2.o(.ARM.Collect$$$$00002712)
    .text                                    0x00000280   Section        0  main.o(.text)
    .text                                    0x000005a4   Section        0  lab_buttons.o(.text)
    .text                                    0x000005fc   Section      252  startup_tm4c123.o(.text)
    $v0                                      0x000005fc   Number         0  startup_tm4c123.o(.text)
    .text                                    0x000006f8   Section        0  system_tm4c123.o(.text)
    getOscClk                                0x000006f9   Thumb Code   182  system_tm4c123.o(.text)
    .text                                    0x00000944   Section        0  ece210_api.o(.text)
    ws2812b_init                             0x00000945   Thumb Code    70  ece210_api.o(.text)
    platform_timers_init                     0x00000a73   Thumb Code    80  ece210_api.o(.text)
    .text                                    0x00000dcc   Section        0  gptimer.o(.text)
    NVIC_SetPriority                         0x00000dcd   Thumb Code    32  gptimer.o(.text)
    NVIC_EnableIRQ                           0x00001103   Thumb Code    22  gptimer.o(.text)
    .text                                    0x00001134   Section        0  ft6x06.o(.text)
    .text                                    0x000013ec   Section        0  io_expander.o(.text)
    .text                                    0x0000157c   Section        0  lcd.o(.text)
    lcd_write_cmd_u8                         0x00001597   Thumb Code    34  lcd.o(.text)
    lcd_write_data_u8                        0x000015b9   Thumb Code    36  lcd.o(.text)
    lcd_write_data_u16                       0x000015dd   Thumb Code    60  lcd.o(.text)
    .text                                    0x0000208a   Section        0  lcd_fonts.o(.text)
    .text                                    0x00002210   Section        0  lcd_terminal.o(.text)
    terminal_clear_line                      0x00002211   Thumb Code    46  lcd_terminal.o(.text)
    terminal_update_line                     0x0000223f   Thumb Code    62  lcd_terminal.o(.text)
    .text                                    0x00002d28   Section        0  ps2.o(.text)
    initialize_adc_gpio_pins                 0x00002d29   Thumb Code    34  ps2.o(.text)
    ps2_configure_adc                        0x00002d4b   Thumb Code    88  ps2.o(.text)
    ps2_configure_digital_comparitors        0x00002da3   Thumb Code   124  ps2.o(.text)
    initialize_adc_timer                     0x00002e77   Thumb Code    80  ps2.o(.text)
    NVIC_EnableIRQ                           0x00002fcf   Thumb Code    22  ps2.o(.text)
    .text                                    0x00003020   Section        0  serial_debug.o(.text)
    .text                                    0x00003230   Section        0  spi_select.o(.text)
    .text                                    0x000032d4   Section        0  wireless.o(.text)
    wireless_reg_read                        0x000032e3   Thumb Code    40  wireless.o(.text)
    wireless_reg_write                       0x0000330b   Thumb Code    40  wireless.o(.text)
    wireless_rx_data_payload                 0x00003333   Thumb Code    80  wireless.o(.text)
    wireless_set_rx_addr                     0x00003383   Thumb Code   118  wireless.o(.text)
    wireless_get_status                      0x000033f9   Thumb Code    32  wireless.o(.text)
    wireless_CSN_low                         0x0000375d   Thumb Code    18  wireless.o(.text)
    wireless_CSN_high                        0x0000376f   Thumb Code    18  wireless.o(.text)
    wireless_CE_low                          0x00003781   Thumb Code    16  wireless.o(.text)
    wireless_CE_high                         0x00003791   Thumb Code    16  wireless.o(.text)
    wireless_flush_tx_fifo                   0x000037a1   Thumb Code    28  wireless.o(.text)
    wireless_flush_rx_fifo                   0x000037bd   Thumb Code    28  wireless.o(.text)
    wireless_rx_fifo_empty                   0x000037d9   Thumb Code    24  wireless.o(.text)
    wireless_status_tx_ds_asserted           0x000037f1   Thumb Code    16  wireless.o(.text)
    wireless_status_tx_full_asserted         0x00003801   Thumb Code    16  wireless.o(.text)
    wireless_clear_max_rt                    0x00003811   Thumb Code    12  wireless.o(.text)
    .text                                    0x0000382c   Section        0  launchpad_io.o(.text)
    .text                                    0x000038f0   Section        0  mezz_audio.o(.text)
    mezz_audio_comparator_gpio_init          0x00003a75   Thumb Code    34  mezz_audio.o(.text)
    mezz_audio_gpio_init                     0x00003a97   Thumb Code    40  mezz_audio.o(.text)
    initialize_adc_timer                     0x00003abf   Thumb Code    78  mezz_audio.o(.text)
    NVIC_EnableIRQ                           0x00003b6d   Thumb Code    22  mezz_audio.o(.text)
    .text                                    0x00003bb0   Section        0  adc.o(.text)
    verify_base_addr                         0x00003bb1   Thumb Code    26  adc.o(.text)
    .text                                    0x00003cd8   Section        0  gpio_port.o(.text)
    verify_base_addr                         0x00003cd9   Thumb Code    64  gpio_port.o(.text)
    .text                                    0x00003f9c   Section        0  i2c.o(.text)
    .text                                    0x000041a4   Section        0  pc_buffer.o(.text)
    .text                                    0x00004220   Section        0  spi.o(.text)
    .text                                    0x000043ac   Section        0  uart.o(.text)
    .text                                    0x0000461c   Section        0  mcp47fvbxx.o(.text)
    .text                                    0x000047a0   Section        0  memcpya.o(.text)
    .text                                    0x000047c4   Section        0  memseta.o(.text)
    .text                                    0x000047e8   Section        0  strcpy.o(.text)
    .text                                    0x000047fa   Section        0  uldiv.o(.text)
    .text                                    0x0000485c   Section       36  init.o(.text)
    .text                                    0x00004880   Section        0  llshl.o(.text)
    .text                                    0x0000489e   Section        0  llushr.o(.text)
    FLASH                                    0x000048c0   Section      160  ws2812b_1.o(FLASH)
    $v0                                      0x000048c0   Number         0  ws2812b_1.o(FLASH)
    i.__0printf$8                            0x00004960   Section        0  printf8.o(i.__0printf$8)
    i.__scatterload_copy                     0x00004980   Section       14  handlers.o(i.__scatterload_copy)
    i.__scatterload_null                     0x0000498e   Section        2  handlers.o(i.__scatterload_null)
    i.__scatterload_zeroinit                 0x00004990   Section       14  handlers.o(i.__scatterload_zeroinit)
    i._printf_core                           0x000049a0   Section        0  printf8.o(i._printf_core)
    _printf_core                             0x000049a1   Thumb Code   996  printf8.o(i._printf_core)
    i._printf_post_padding                   0x00004db0   Section        0  printf8.o(i._printf_post_padding)
    _printf_post_padding                     0x00004db1   Thumb Code    36  printf8.o(i._printf_post_padding)
    i._printf_pre_padding                    0x00004dd4   Section        0  printf8.o(i._printf_pre_padding)
    _printf_pre_padding                      0x00004dd5   Thumb Code    46  printf8.o(i._printf_pre_padding)
    i.free                                   0x00004e04   Section        0  malloc.o(i.free)
    i.malloc                                 0x00004e54   Section        0  malloc.o(i.malloc)
    .constdata                               0x00004ec0   Section       38  main.o(.constdata)
    .constdata                               0x00004ee6   Section     1100  logo.black.o(.constdata)
    .constdata                               0x00005332   Section      350  o_image.o(.constdata)
    .constdata                               0x00005490   Section      350  x_image_bitmap.o(.constdata)
    .constdata                               0x000055f0   Section     4200  lcd_fonts.o(.constdata)
    .data                                    0x20000000   Section        4  main.o(.data)
    .data                                    0x20000004   Section        4  system_tm4c123.o(.data)
    .data                                    0x20000008   Section       10  ece210_api.o(.data)
    DELAY_1MS                                0x20000009   Data           1  ece210_api.o(.data)
    LAST_RX_VALUE                            0x2000000c   Data           4  ece210_api.o(.data)
    .data                                    0x20000012   Section        1  lcd_terminal.o(.data)
    .data                                    0x20000014   Section        5  ps2.o(.data)
    PS2_X_DATA                               0x20000014   Data           2  ps2.o(.data)
    PS2_Y_DATA                               0x20000016   Data           2  ps2.o(.data)
    PS2_DIR                                  0x20000018   Data           1  ps2.o(.data)
    .data                                    0x20000019   Section        2  serial_debug.o(.data)
    Rx_Interrupts_Enabled                    0x20000019   Data           1  serial_debug.o(.data)
    Tx_Interrupts_Enabled                    0x2000001a   Data           1  serial_debug.o(.data)
    .data                                    0x2000001c   Section        3  mezz_audio.o(.data)
    .data                                    0x20000020   Section        4  stdout.o(.data)
    .data                                    0x20000024   Section        4  mvars.o(.data)
    .data                                    0x20000028   Section        4  mvars.o(.data)
    .bss                                     0x2000002c   Section       24  ece210_api.o(.bss)
    ws2812_leds                              0x2000002c   Data          24  ece210_api.o(.bss)
    .bss                                     0x20000044   Section     2500  lcd_terminal.o(.bss)
    .bss                                     0x20000a08   Section       28  serial_debug.o(.bss)
    HEAP                                     0x20000a28   Section        0  startup_tm4c123.o(HEAP)
    STACK                                    0x20000a28   Section     4096  startup_tm4c123.o(STACK)

    Global Symbols

    Symbol Name                              Value     Ov Type        Size  Object(Section)

    BuildAttributes$$THM_ISAv4$E$P$D$K$B$S$7EM$VFPi3$EXTD16$VFPS$VFMA$PE$A:L22UL41UL21$X:L11$S22US41US21$IEEE1$IW$USESV6$~STKCKD$USESV7$~SHL$OSPACE$ROPI$EBA8$MICROLIB$REQ8$EABIv2 0x00000000   Number         0  anon$$obj.o ABSOLUTE
    __ARM_use_no_argv                        0x00000000   Number         0  main.o ABSOLUTE
    __Vectors                                0x00000000   Data           4  startup_tm4c123.o(RESET)
    _printf_a                                0x00000000   Number         0  stubs.o ABSOLUTE
    _printf_c                                0x00000000   Number         0  stubs.o ABSOLUTE
    _printf_charcount                        0x00000000   Number         0  stubs.o ABSOLUTE
    _printf_d                                0x00000000   Number         0  stubs.o ABSOLUTE
    _printf_e                                0x00000000   Number         0  stubs.o ABSOLUTE
    _printf_f                                0x00000000   Number         0  stubs.o ABSOLUTE
    _printf_flags                            0x00000000   Number         0  stubs.o ABSOLUTE
    _printf_fp_dec                           0x00000000   Number         0  stubs.o ABSOLUTE
    _printf_fp_hex                           0x00000000   Number         0  stubs.o ABSOLUTE
    _printf_g                                0x00000000   Number         0  stubs.o ABSOLUTE
    _printf_i                                0x00000000   Number         0  stubs.o ABSOLUTE
    _printf_int_dec                          0x00000000   Number         0  stubs.o ABSOLUTE
    _printf_l                                0x00000000   Number         0  stubs.o ABSOLUTE
    _printf_lc                               0x00000000   Number         0  stubs.o ABSOLUTE
    _printf_ll                               0x00000000   Number         0  stubs.o ABSOLUTE
    _printf_lld                              0x00000000   Number         0  stubs.o ABSOLUTE
    _printf_lli                              0x00000000   Number         0  stubs.o ABSOLUTE
    _printf_llo                              0x00000000   Number         0  stubs.o ABSOLUTE
    _printf_llu                              0x00000000   Number         0  stubs.o ABSOLUTE
    _printf_llx                              0x00000000   Number         0  stubs.o ABSOLUTE
    _printf_longlong_dec                     0x00000000   Number         0  stubs.o ABSOLUTE
    _printf_longlong_hex                     0x00000000   Number         0  stubs.o ABSOLUTE
    _printf_longlong_oct                     0x00000000   Number         0  stubs.o ABSOLUTE
    _printf_ls                               0x00000000   Number         0  stubs.o ABSOLUTE
    _printf_mbtowc                           0x00000000   Number         0  stubs.o ABSOLUTE
    _printf_n                                0x00000000   Number         0  stubs.o ABSOLUTE
    _printf_o                                0x00000000   Number         0  stubs.o ABSOLUTE
    _printf_p                                0x00000000   Number         0  stubs.o ABSOLUTE
    _printf_percent                          0x00000000   Number         0  stubs.o ABSOLUTE
    _printf_pre_padding                      0x00000000   Number         0  stubs.o ABSOLUTE
    _printf_return_value                     0x00000000   Number         0  stubs.o ABSOLUTE
    _printf_s                                0x00000000   Number         0  stubs.o ABSOLUTE
    _printf_sizespec                         0x00000000   Number         0  stubs.o ABSOLUTE
    _printf_str                              0x00000000   Number         0  stubs.o ABSOLUTE
    _printf_truncate_signed                  0x00000000   Number         0  stubs.o ABSOLUTE
    _printf_truncate_unsigned                0x00000000   Number         0  stubs.o ABSOLUTE
    _printf_u                                0x00000000   Number         0  stubs.o ABSOLUTE
    _printf_wc                               0x00000000   Number         0  stubs.o ABSOLUTE
    _printf_wctomb                           0x00000000   Number         0  stubs.o ABSOLUTE
    _printf_widthprec                        0x00000000   Number         0  stubs.o ABSOLUTE
    _printf_x                                0x00000000   Number         0  stubs.o ABSOLUTE
    __cpp_initialize__aeabi_                  - Undefined Weak Reference
    __cxa_finalize                            - Undefined Weak Reference
    __decompress                              - Undefined Weak Reference
    _clock_init                               - Undefined Weak Reference
    _microlib_exit                            - Undefined Weak Reference
    __Vectors_End                            0x0000026c   Data           0  startup_tm4c123.o(RESET)
    __Vectors_Size                           0x0000026c   Number         0  startup_tm4c123.o ABSOLUTE
    __main                                   0x0000026d   Thumb Code     0  entry.o(.ARM.Collect$$$$00000000)
    _main_stk                                0x0000026d   Thumb Code     0  entry2.o(.ARM.Collect$$$$00000001)
    _main_scatterload                        0x00000271   Thumb Code     0  entry5.o(.ARM.Collect$$$$00000004)
    __main_after_scatterload                 0x00000275   Thumb Code     0  entry5.o(.ARM.Collect$$$$00000004)
    _main_clock                              0x00000275   Thumb Code     0  entry7b.o(.ARM.Collect$$$$00000008)
    _main_cpp_init                           0x00000275   Thumb Code     0  entry8b.o(.ARM.Collect$$$$0000000A)
    _main_init                               0x00000275   Thumb Code     0  entry9a.o(.ARM.Collect$$$$0000000B)
    __rt_final_cpp                           0x0000027d   Thumb Code     0  entry10a.o(.ARM.Collect$$$$0000000D)
    __rt_final_exit                          0x0000027d   Thumb Code     0  entry11a.o(.ARM.Collect$$$$0000000F)
    play                                     0x00000281   Thumb Code   150  main.o(.text)
    select                                   0x00000317   Thumb Code   326  main.o(.text)
    start                                    0x0000045d   Thumb Code   122  main.o(.text)
    main                                     0x000004d7   Thumb Code    14  main.o(.text)
    btn_up_pressed                           0x000005a5   Thumb Code    20  lab_buttons.o(.text)
    btn_down_pressed                         0x000005b9   Thumb Code    22  lab_buttons.o(.text)
    btn_left_pressed                         0x000005cf   Thumb Code    22  lab_buttons.o(.text)
    btn_right_pressed                        0x000005e5   Thumb Code    22  lab_buttons.o(.text)
    Reset_Handler                            0x000005fd   Thumb Code     8  startup_tm4c123.o(.text)
    NMI_Handler                              0x00000605   Thumb Code     2  startup_tm4c123.o(.text)
    HardFault_Handler                        0x00000607   Thumb Code     2  startup_tm4c123.o(.text)
    MemManage_Handler                        0x00000609   Thumb Code     2  startup_tm4c123.o(.text)
    BusFault_Handler                         0x0000060b   Thumb Code     2  startup_tm4c123.o(.text)
    UsageFault_Handler                       0x0000060d   Thumb Code     2  startup_tm4c123.o(.text)
    SVC_Handler                              0x0000060f   Thumb Code     2  startup_tm4c123.o(.text)
    DebugMon_Handler                         0x00000611   Thumb Code     2  startup_tm4c123.o(.text)
    PendSV_Handler                           0x00000613   Thumb Code     2  startup_tm4c123.o(.text)
    SysTick_Handler                          0x00000615   Thumb Code     2  startup_tm4c123.o(.text)
    GPIOA_Handler                            0x00000617   Thumb Code     2  startup_tm4c123.o(.text)
    GPIOB_Handler                            0x00000619   Thumb Code     2  startup_tm4c123.o(.text)
    GPIOC_Handler                            0x0000061b   Thumb Code     2  startup_tm4c123.o(.text)
    GPIOD_Handler                            0x0000061d   Thumb Code     2  startup_tm4c123.o(.text)
    UART1_Handler                            0x00000623   Thumb Code     2  startup_tm4c123.o(.text)
    SSI0_Handler                             0x00000625   Thumb Code     2  startup_tm4c123.o(.text)
    I2C0_Handler                             0x00000627   Thumb Code     2  startup_tm4c123.o(.text)
    PMW0_FAULT_Handler                       0x00000629   Thumb Code     2  startup_tm4c123.o(.text)
    PWM0_0_Handler                           0x0000062b   Thumb Code     2  startup_tm4c123.o(.text)
    PWM0_1_Handler                           0x0000062d   Thumb Code     2  startup_tm4c123.o(.text)
    PWM0_2_Handler                           0x0000062f   Thumb Code     2  startup_tm4c123.o(.text)
    QEI0_Handler                             0x00000631   Thumb Code     2  startup_tm4c123.o(.text)
    ADC0SS1_Handler                          0x00000635   Thumb Code     2  startup_tm4c123.o(.text)
    ADC0SS3_Handler                          0x00000639   Thumb Code     2  startup_tm4c123.o(.text)
    WDT0_Handler                             0x0000063b   Thumb Code     2  startup_tm4c123.o(.text)
    TIMER0A_Handler                          0x0000063d   Thumb Code     2  startup_tm4c123.o(.text)
    TIMER0B_Handler                          0x0000063f   Thumb Code     2  startup_tm4c123.o(.text)
    TIMER1B_Handler                          0x00000643   Thumb Code     2  startup_tm4c123.o(.text)
    TIMER2A_Handler                          0x00000645   Thumb Code     2  startup_tm4c123.o(.text)
    TIMER2B_Handler                          0x00000647   Thumb Code     2  startup_tm4c123.o(.text)
    COMP0_Handler                            0x00000649   Thumb Code     2  startup_tm4c123.o(.text)
    COMP1_Handler                            0x0000064b   Thumb Code     2  startup_tm4c123.o(.text)
    COMP2_Handler                            0x0000064d   Thumb Code     2  startup_tm4c123.o(.text)
    SYSCTL_Handler                           0x0000064f   Thumb Code     2  startup_tm4c123.o(.text)
    FLASH_Handler                            0x00000651   Thumb Code     2  startup_tm4c123.o(.text)
    GPIOG_Handler                            0x00000655   Thumb Code     2  startup_tm4c123.o(.text)
    GPIOH_Handler                            0x00000657   Thumb Code     2  startup_tm4c123.o(.text)
    UART2_Handler                            0x00000659   Thumb Code     2  startup_tm4c123.o(.text)
    SSI1_Handler                             0x0000065b   Thumb Code     2  startup_tm4c123.o(.text)
    TIMER3B_Handler                          0x0000065f   Thumb Code     2  startup_tm4c123.o(.text)
    I2C1_Handler                             0x00000661   Thumb Code     2  startup_tm4c123.o(.text)
    QEI1_Handler                             0x00000663   Thumb Code     2  startup_tm4c123.o(.text)
    CAN0_Handler                             0x00000665   Thumb Code     2  startup_tm4c123.o(.text)
    CAN1_Handler                             0x00000667   Thumb Code     2  startup_tm4c123.o(.text)
    CAN2_Handler                             0x00000669   Thumb Code     2  startup_tm4c123.o(.text)
    HIB_Handler                              0x0000066b   Thumb Code     2  startup_tm4c123.o(.text)
    USB0_Handler                             0x0000066d   Thumb Code     2  startup_tm4c123.o(.text)
    PWM0_3_Handler                           0x0000066f   Thumb Code     2  startup_tm4c123.o(.text)
    UDMA_Handler                             0x00000671   Thumb Code     2  startup_tm4c123.o(.text)
    UDMAERR_Handler                          0x00000673   Thumb Code     2  startup_tm4c123.o(.text)
    ADC1SS0_Handler                          0x00000675   Thumb Code     2  startup_tm4c123.o(.text)
    ADC1SS1_Handler                          0x00000677   Thumb Code     2  startup_tm4c123.o(.text)
    ADC1SS3_Handler                          0x0000067b   Thumb Code     2  startup_tm4c123.o(.text)
    GPIOJ_Handler                            0x0000067d   Thumb Code     2  startup_tm4c123.o(.text)
    GPIOK_Handler                            0x0000067f   Thumb Code     2  startup_tm4c123.o(.text)
    GPIOL_Handler                            0x00000681   Thumb Code     2  startup_tm4c123.o(.text)
    SSI2_Handler                             0x00000683   Thumb Code     2  startup_tm4c123.o(.text)
    SSI3_Handler                             0x00000685   Thumb Code     2  startup_tm4c123.o(.text)
    UART3_Handler                            0x00000687   Thumb Code     2  startup_tm4c123.o(.text)
    UART4_Handler                            0x00000689   Thumb Code     2  startup_tm4c123.o(.text)
    UART5_Handler                            0x0000068b   Thumb Code     2  startup_tm4c123.o(.text)
    UART6_Handler                            0x0000068d   Thumb Code     2  startup_tm4c123.o(.text)
    UART7_Handler                            0x0000068f   Thumb Code     2  startup_tm4c123.o(.text)
    I2C2_Handler                             0x00000691   Thumb Code     2  startup_tm4c123.o(.text)
    I2C3_Handler                             0x00000693   Thumb Code     2  startup_tm4c123.o(.text)
    TIMER4A_Handler                          0x00000695   Thumb Code     2  startup_tm4c123.o(.text)
    TIMER4B_Handler                          0x00000697   Thumb Code     2  startup_tm4c123.o(.text)
    TIMER5B_Handler                          0x0000069b   Thumb Code     2  startup_tm4c123.o(.text)
    WTIMER0A_Handler                         0x0000069d   Thumb Code     2  startup_tm4c123.o(.text)
    WTIMER0B_Handler                         0x0000069f   Thumb Code     2  startup_tm4c123.o(.text)
    WTIMER1A_Handler                         0x000006a1   Thumb Code     2  startup_tm4c123.o(.text)
    WTIMER1B_Handler                         0x000006a3   Thumb Code     2  startup_tm4c123.o(.text)
    WTIMER2A_Handler                         0x000006a5   Thumb Code     2  startup_tm4c123.o(.text)
    WTIMER2B_Handler                         0x000006a7   Thumb Code     2  startup_tm4c123.o(.text)
    WTIMER3A_Handler                         0x000006a9   Thumb Code     2  startup_tm4c123.o(.text)
    WTIMER3B_Handler                         0x000006ab   Thumb Code     2  startup_tm4c123.o(.text)
    WTIMER4A_Handler                         0x000006ad   Thumb Code     2  startup_tm4c123.o(.text)
    WTIMER4B_Handler                         0x000006af   Thumb Code     2  startup_tm4c123.o(.text)
    WTIMER5A_Handler                         0x000006b1   Thumb Code     2  startup_tm4c123.o(.text)
    WTIMER5B_Handler                         0x000006b3   Thumb Code     2  startup_tm4c123.o(.text)
    FPU_Handler                              0x000006b5   Thumb Code     2  startup_tm4c123.o(.text)
    I2C4_Handler                             0x000006b7   Thumb Code     2  startup_tm4c123.o(.text)
    I2C5_Handler                             0x000006b9   Thumb Code     2  startup_tm4c123.o(.text)
    GPIOM_Handler                            0x000006bb   Thumb Code     2  startup_tm4c123.o(.text)
    GPION_Handler                            0x000006bd   Thumb Code     2  startup_tm4c123.o(.text)
    QEI2_Handler                             0x000006bf   Thumb Code     2  startup_tm4c123.o(.text)
    GPIOP0_Handler                           0x000006c1   Thumb Code     2  startup_tm4c123.o(.text)
    GPIOP1_Handler                           0x000006c3   Thumb Code     2  startup_tm4c123.o(.text)
    GPIOP2_Handler                           0x000006c5   Thumb Code     2  startup_tm4c123.o(.text)
    GPIOP3_Handler                           0x000006c7   Thumb Code     2  startup_tm4c123.o(.text)
    GPIOP4_Handler                           0x000006c9   Thumb Code     2  startup_tm4c123.o(.text)
    GPIOP5_Handler                           0x000006cb   Thumb Code     2  startup_tm4c123.o(.text)
    GPIOP6_Handler                           0x000006cd   Thumb Code     2  startup_tm4c123.o(.text)
    GPIOP7_Handler                           0x000006cf   Thumb Code     2  startup_tm4c123.o(.text)
    GPIOQ0_Handler                           0x000006d1   Thumb Code     2  startup_tm4c123.o(.text)
    GPIOQ1_Handler                           0x000006d3   Thumb Code     2  startup_tm4c123.o(.text)
    GPIOQ2_Handler                           0x000006d5   Thumb Code     2  startup_tm4c123.o(.text)
    GPIOQ3_Handler                           0x000006d7   Thumb Code     2  startup_tm4c123.o(.text)
    GPIOQ4_Handler                           0x000006d9   Thumb Code     2  startup_tm4c123.o(.text)
    GPIOQ5_Handler                           0x000006db   Thumb Code     2  startup_tm4c123.o(.text)
    GPIOQ6_Handler                           0x000006dd   Thumb Code     2  startup_tm4c123.o(.text)
    GPIOQ7_Handler                           0x000006df   Thumb Code     2  startup_tm4c123.o(.text)
    GPIOR_Handler                            0x000006e1   Thumb Code     2  startup_tm4c123.o(.text)
    GPIOS_Handler                            0x000006e3   Thumb Code     2  startup_tm4c123.o(.text)
    PMW1_0_Handler                           0x000006e5   Thumb Code     2  startup_tm4c123.o(.text)
    PWM1_1_Handler                           0x000006e7   Thumb Code     2  startup_tm4c123.o(.text)
    PWM1_2_Handler                           0x000006e9   Thumb Code     2  startup_tm4c123.o(.text)
    PWM1_3_Handler                           0x000006eb   Thumb Code     2  startup_tm4c123.o(.text)
    PWM1_FAULT_Handler                       0x000006ed   Thumb Code     2  startup_tm4c123.o(.text)
    SystemCoreClockUpdate                    0x000007af   Thumb Code   184  system_tm4c123.o(.text)
    SystemInit                               0x00000867   Thumb Code   112  system_tm4c123.o(.text)
    ece210_buttons_read                      0x0000098b   Thumb Code    58  ece210_api.o(.text)
    ece210_switches_read                     0x000009c5   Thumb Code    16  ece210_api.o(.text)
    ece210_red_leds_write                    0x000009d5   Thumb Code    14  ece210_api.o(.text)
    ece210_tiva_rgb_write                    0x000009e3   Thumb Code    18  ece210_api.o(.text)
    EnableInterrupts                         0x000009f5   Thumb Code     4  ece210_api.o(.text)
    DisableInterrupts                        0x000009f9   Thumb Code     4  ece210_api.o(.text)
    ece210_ws2812b_write                     0x000009fd   Thumb Code    78  ece210_api.o(.text)
    ece210_wait_mSec                         0x00000a4b   Thumb Code    40  ece210_api.o(.text)
    ece210_ps2_read_x                        0x00000ac3   Thumb Code     8  ece210_api.o(.text)
    ece210_ps2_read_y                        0x00000acb   Thumb Code     8  ece210_api.o(.text)
    ece210_ps2_read_position                 0x00000ad3   Thumb Code    58  ece210_api.o(.text)
    ece210_audio_set_comparator_threshold    0x00000b0d   Thumb Code    12  ece210_api.o(.text)
    ece210_audio_comparator_above_threshold  0x00000b19   Thumb Code     8  ece210_api.o(.text)
    ece210_audio_headphone_out               0x00000b21   Thumb Code    12  ece210_api.o(.text)
    ece210_draw_pixel                        0x00000b2d   Thumb Code    24  ece210_api.o(.text)
    ece210_lcd_draw_pixel                    0x00000b45   Thumb Code    24  ece210_api.o(.text)
    ece210_lcd_draw_line                     0x00000b5d   Thumb Code    36  ece210_api.o(.text)
    ece210_lcd_draw_circle                   0x00000b81   Thumb Code    28  ece210_api.o(.text)
    ece210_lcd_print_string                  0x00000b9d   Thumb Code    46  ece210_api.o(.text)
    ece210_audio_init                        0x00000bcb   Thumb Code    12  ece210_api.o(.text)
    ece210_audio_read                        0x00000bd7   Thumb Code     6  ece210_api.o(.text)
    ece210_wireless_init                     0x00000bdd   Thumb Code    68  ece210_api.o(.text)
    ece210_wireless_send                     0x00000c21   Thumb Code    26  ece210_api.o(.text)
    ece210_wireless_data_avaiable            0x00000c3b   Thumb Code    30  ece210_api.o(.text)
    ece210_wireless_get                      0x00000c59   Thumb Code     6  ece210_api.o(.text)
    ece210_initialize_board                  0x00000c5f   Thumb Code    96  ece210_api.o(.text)
    ece210_lcd_add_msg                       0x00000cbf   Thumb Code    20  ece210_api.o(.text)
    ece210_lcd_draw_rectangle                0x00000cd3   Thumb Code    36  ece210_api.o(.text)
    ece210_lcd_draw_image                    0x00000cf7   Thumb Code    40  ece210_api.o(.text)
    TIMER1A_Handler                          0x00000d1f   Thumb Code    74  ece210_api.o(.text)
    GPIOE_Handler                            0x00000d69   Thumb Code    14  ece210_api.o(.text)
    GPIOF_Handler                            0x00000d77   Thumb Code    66  ece210_api.o(.text)
    timer0Init                               0x00000ded   Thumb Code   124  gptimer.o(.text)
    gp_timer_enable_clock                    0x00000e69   Thumb Code   232  gptimer.o(.text)
    gp_timer_PWM                             0x00000f51   Thumb Code    66  gptimer.o(.text)
    gp_timer_start_count                     0x00000f93   Thumb Code    52  gptimer.o(.text)
    gp_timer_stop_count                      0x00000fc7   Thumb Code    18  gptimer.o(.text)
    gp_timer_configA                         0x00000fd9   Thumb Code    62  gptimer.o(.text)
    gp_timer_configB                         0x00001017   Thumb Code    66  gptimer.o(.text)
    gp_timer_config                          0x00001059   Thumb Code    68  gptimer.o(.text)
    gp_timer_enable                          0x0000109d   Thumb Code    30  gptimer.o(.text)
    gp_timer_disable                         0x000010bb   Thumb Code    30  gptimer.o(.text)
    gp_timer_get_count                       0x000010d9   Thumb Code     8  gptimer.o(.text)
    gp_timer_set_32_bit_period               0x000010e1   Thumb Code    34  gptimer.o(.text)
    ft6x06_set_addr                          0x00001135   Thumb Code    58  ft6x06.o(.text)
    ft6x06_write_data                        0x0000116f   Thumb Code    82  ft6x06.o(.text)
    ft6x06_read_data                         0x000011c1   Thumb Code    58  ft6x06.o(.text)
    ft6x06_init                              0x000011fb   Thumb Code   240  ft6x06.o(.text)
    test_ft6x06                              0x000012eb   Thumb Code    98  ft6x06.o(.text)
    io_expander_write_reg                    0x000013ed   Thumb Code    38  io_expander.o(.text)
    io_expander_read_reg                     0x00001413   Thumb Code    50  io_expander.o(.text)
    io_expander_configure_portA              0x00001445   Thumb Code    12  io_expander.o(.text)
    io_expander_configure_portB              0x00001451   Thumb Code    36  io_expander.o(.text)
    io_expander_init                         0x00001475   Thumb Code   256  io_expander.o(.text)
    delayms                                  0x0000157d   Thumb Code    26  lcd.o(.text)
    lcd_set_pos                              0x00001619   Thumb Code    58  lcd.o(.text)
    lcd_clear_screen                         0x00001653   Thumb Code    52  lcd.o(.text)
    lcd_draw_box                             0x00001687   Thumb Code   138  lcd.o(.text)
    lcd_draw_rectangle                       0x00001711   Thumb Code    82  lcd.o(.text)
    lcd_draw_pixel                           0x00001763   Thumb Code    28  lcd.o(.text)
    lcd_draw_char                            0x0000177f   Thumb Code   558  lcd.o(.text)
    lcd_draw_image_right                     0x000019ad   Thumb Code   184  lcd.o(.text)
    lcd_draw_image                           0x00001a65   Thumb Code   242  lcd.o(.text)
    lcd_config_gpio                          0x00001b57   Thumb Code   222  lcd.o(.text)
    lcd_config_screen                        0x00001c35   Thumb Code   544  lcd.o(.text)
    lcd_draw_line                            0x00001e55   Thumb Code   200  lcd.o(.text)
    lcd_draw_circle                          0x00001f1d   Thumb Code   366  lcd.o(.text)
    lcd_print_char                           0x0000208b   Thumb Code   140  lcd_fonts.o(.text)
    lcd_print_string                         0x00002117   Thumb Code   248  lcd_fonts.o(.text)
    terminal_init_screen                     0x0000227d   Thumb Code    50  lcd_terminal.o(.text)
    terminal_get_strings                     0x000022af   Thumb Code   202  lcd_terminal.o(.text)
    terminal_scroll                          0x00002379   Thumb Code   230  lcd_terminal.o(.text)
    terminal_add_msg                         0x0000245f   Thumb Code   224  lcd_terminal.o(.text)
    terminal_bubble_message                  0x0000253f   Thumb Code   252  lcd_terminal.o(.text)
    terminal_input_print_char                0x0000263b   Thumb Code   158  lcd_terminal.o(.text)
    terminal_init_input_box                  0x000026d9   Thumb Code   190  lcd_terminal.o(.text)
    terminal_input_rotate_char               0x00002797   Thumb Code   410  lcd_terminal.o(.text)
    terminal_input_next_char                 0x00002931   Thumb Code   322  lcd_terminal.o(.text)
    terminal_input_prev_char                 0x00002a73   Thumb Code   154  lcd_terminal.o(.text)
    terminal_input_upper_case                0x00002b0d   Thumb Code    92  lcd_terminal.o(.text)
    terminal_input_lower_case                0x00002b69   Thumb Code    92  lcd_terminal.o(.text)
    terminal_input_symbols                   0x00002bc5   Thumb Code    94  lcd_terminal.o(.text)
    terminal_input_clear                     0x00002c23   Thumb Code   202  lcd_terminal.o(.text)
    terminal_input_get_string                0x00002ced   Thumb Code    48  lcd_terminal.o(.text)
    ps2_initialize_adc                       0x00002e1f   Thumb Code    88  ps2.o(.text)
    ps2_initialize                           0x00002ec7   Thumb Code    16  ps2.o(.text)
    ps2_get_x                                0x00002ed7   Thumb Code     6  ps2.o(.text)
    ps2_get_y                                0x00002edd   Thumb Code     6  ps2.o(.text)
    ps2_get_direction                        0x00002ee3   Thumb Code    12  ps2.o(.text)
    TIMER5A_Handler                          0x00002eef   Thumb Code    30  ps2.o(.text)
    ADC0SS0_Handler                          0x00002f0d   Thumb Code   154  ps2.o(.text)
    ADC0SS2_Handler                          0x00002fa7   Thumb Code    40  ps2.o(.text)
    serial_debug_rx                          0x00003021   Thumb Code    46  serial_debug.o(.text)
    serial_debug_tx                          0x0000304f   Thumb Code    72  serial_debug.o(.text)
    fputc                                    0x00003097   Thumb Code    66  serial_debug.o(.text)
    fgetc                                    0x000030d9   Thumb Code    50  serial_debug.o(.text)
    init_serial_debug                        0x0000310b   Thumb Code   132  serial_debug.o(.text)
    UART0_Handler                            0x0000318f   Thumb Code   136  serial_debug.o(.text)
    spi_select                               0x00003231   Thumb Code    62  spi_select.o(.text)
    spi_select_init                          0x0000326f   Thumb Code    92  spi_select.o(.text)
    wait_uS_15                               0x000032d5   Thumb Code    14  wireless.o(.text)
    wireless_send_32                         0x00003419   Thumb Code   302  wireless.o(.text)
    wireless_get_32                          0x00003547   Thumb Code   130  wireless.o(.text)
    wireless_configure_device                0x000035c9   Thumb Code   202  wireless.o(.text)
    wireless_initialize                      0x00003693   Thumb Code   202  wireless.o(.text)
    lp_io_set_pin                            0x0000382d   Thumb Code    18  launchpad_io.o(.text)
    lp_io_clear_pin                          0x0000383f   Thumb Code    18  launchpad_io.o(.text)
    lp_io_read_pin                           0x00003851   Thumb Code    22  launchpad_io.o(.text)
    lp_io_init                               0x00003867   Thumb Code   112  launchpad_io.o(.text)
    mezz_initialize_adc                      0x000038f1   Thumb Code   182  mezz_audio.o(.text)
    mezz_audio_dac_init                      0x000039a7   Thumb Code   156  mezz_audio.o(.text)
    mezz_audio_set_headphone                 0x00003a43   Thumb Code    16  mezz_audio.o(.text)
    mezz_audio_set_comparator_threshold      0x00003a53   Thumb Code    16  mezz_audio.o(.text)
    mezz_audio_comparator_above_threshold    0x00003a63   Thumb Code    18  mezz_audio.o(.text)
    mezz_audio_init                          0x00003b0d   Thumb Code    40  mezz_audio.o(.text)
    TIMER3A_Handler                          0x00003b35   Thumb Code    26  mezz_audio.o(.text)
    ADC1SS2_Handler                          0x00003b4f   Thumb Code    30  mezz_audio.o(.text)
    adc_get_irq_num                          0x00003bcb   Thumb Code    32  adc.o(.text)
    adc_get_rcgc_mask                        0x00003beb   Thumb Code    28  adc.o(.text)
    adc_get_pr_mask                          0x00003c07   Thumb Code    28  adc.o(.text)
    initialize_adc                           0x00003c23   Thumb Code   110  adc.o(.text)
    get_adc_value                            0x00003c91   Thumb Code    58  adc.o(.text)
    gpio_get_irq_num                         0x00003d19   Thumb Code    74  gpio_port.o(.text)
    gpio_enable_port                         0x00003d63   Thumb Code   156  gpio_port.o(.text)
    gpio_config_digital_enable               0x00003dff   Thumb Code    34  gpio_port.o(.text)
    gpio_config_enable_output                0x00003e21   Thumb Code    34  gpio_port.o(.text)
    gpio_config_enable_input                 0x00003e43   Thumb Code    34  gpio_port.o(.text)
    gpio_config_enable_pullup                0x00003e65   Thumb Code    34  gpio_port.o(.text)
    gpio_config_enable_pulldown              0x00003e87   Thumb Code    34  gpio_port.o(.text)
    gpio_config_analog_enable                0x00003ea9   Thumb Code    34  gpio_port.o(.text)
    gpio_config_alternate_function           0x00003ecb   Thumb Code    34  gpio_port.o(.text)
    gpio_config_port_control                 0x00003eed   Thumb Code    54  gpio_port.o(.text)
    gpio_config_open_drain                   0x00003f23   Thumb Code    34  gpio_port.o(.text)
    gpio_config_falling_edge_irq             0x00003f45   Thumb Code    56  gpio_port.o(.text)
    initializeI2CMaster                      0x00003f9d   Thumb Code   160  i2c.o(.text)
    i2cVerifyBaseAddr                        0x0000403d   Thumb Code    36  i2c.o(.text)
    i2cSetSlaveAddr                          0x00004061   Thumb Code    30  i2c.o(.text)
    i2cStop                                  0x0000407f   Thumb Code    26  i2c.o(.text)
    I2CMasterBusy                            0x00004099   Thumb Code    34  i2c.o(.text)
    I2CMasterAdrAck                          0x000040bb   Thumb Code    34  i2c.o(.text)
    I2CMasterDatAck                          0x000040dd   Thumb Code    34  i2c.o(.text)
    i2cSendByte                              0x000040ff   Thumb Code    82  i2c.o(.text)
    i2cGetByte                               0x00004151   Thumb Code    60  i2c.o(.text)
    pc_buffer_init                           0x000041a5   Thumb Code    26  pc_buffer.o(.text)
    pc_buffer_add                            0x000041bf   Thumb Code    28  pc_buffer.o(.text)
    pc_buffer_remove                         0x000041db   Thumb Code    30  pc_buffer.o(.text)
    pc_buffer_empty                          0x000041f9   Thumb Code    18  pc_buffer.o(.text)
    pc_buffer_full                           0x0000420b   Thumb Code    22  pc_buffer.o(.text)
    spiVerifyBaseAddr                        0x00004221   Thumb Code    34  spi.o(.text)
    initialize_spi                           0x00004243   Thumb Code   244  spi.o(.text)
    spiTx                                    0x00004337   Thumb Code    94  spi.o(.text)
    verify_uart_base                         0x000043ad   Thumb Code    54  uart.o(.text)
    uart_get_rcgc_mask                       0x000043e3   Thumb Code    68  uart.o(.text)
    uart_get_pr_mask                         0x00004427   Thumb Code    68  uart.o(.text)
    uart_get_irq_num                         0x0000446b   Thumb Code    68  uart.o(.text)
    uart_tx_poll                             0x000044af   Thumb Code    38  uart.o(.text)
    uart_tx_poll_string                      0x000044d5   Thumb Code    50  uart.o(.text)
    uart_rx_poll                             0x00004507   Thumb Code    70  uart.o(.text)
    uart_init                                0x0000454d   Thumb Code   190  uart.o(.text)
    dac_byte_write                           0x0000461d   Thumb Code    96  mcp47fvbxx.o(.text)
    dac_byte_read                            0x0000467d   Thumb Code   132  mcp47fvbxx.o(.text)
    dac_init                                 0x00004701   Thumb Code   154  mcp47fvbxx.o(.text)
    __aeabi_memcpy                           0x000047a1   Thumb Code    36  memcpya.o(.text)
    __aeabi_memcpy4                          0x000047a1   Thumb Code     0  memcpya.o(.text)
    __aeabi_memcpy8                          0x000047a1   Thumb Code     0  memcpya.o(.text)
    __aeabi_memset                           0x000047c5   Thumb Code    14  memseta.o(.text)
    __aeabi_memset4                          0x000047c5   Thumb Code     0  memseta.o(.text)
    __aeabi_memset8                          0x000047c5   Thumb Code     0  memseta.o(.text)
    __aeabi_memclr                           0x000047d3   Thumb Code     4  memseta.o(.text)
    __aeabi_memclr4                          0x000047d3   Thumb Code     0  memseta.o(.text)
    __aeabi_memclr8                          0x000047d3   Thumb Code     0  memseta.o(.text)
    _memset$wrapper                          0x000047d7   Thumb Code    18  memseta.o(.text)
    strcpy                                   0x000047e9   Thumb Code    18  strcpy.o(.text)
    __aeabi_uldivmod                         0x000047fb   Thumb Code    98  uldiv.o(.text)
    __scatterload                            0x0000485d   Thumb Code    28  init.o(.text)
    __scatterload_rt2                        0x0000485d   Thumb Code     0  init.o(.text)
    __aeabi_llsl                             0x00004881   Thumb Code    30  llshl.o(.text)
    _ll_shift_l                              0x00004881   Thumb Code     0  llshl.o(.text)
    __aeabi_llsr                             0x0000489f   Thumb Code    32  llushr.o(.text)
    _ll_ushift_r                             0x0000489f   Thumb Code     0  llushr.o(.text)
    WS2812B_write                            0x000048c1   Thumb Code   160  ws2812b_1.o(FLASH)
    __0printf$8                              0x00004961   Thumb Code    22  printf8.o(i.__0printf$8)
    __1printf$8                              0x00004961   Thumb Code     0  printf8.o(i.__0printf$8)
    __2printf                                0x00004961   Thumb Code     0  printf8.o(i.__0printf$8)
    __scatterload_copy                       0x00004981   Thumb Code    14  handlers.o(i.__scatterload_copy)
    __scatterload_null                       0x0000498f   Thumb Code     2  handlers.o(i.__scatterload_null)
    __scatterload_zeroinit                   0x00004991   Thumb Code    14  handlers.o(i.__scatterload_zeroinit)
    free                                     0x00004e05   Thumb Code    76  malloc.o(i.free)
    malloc                                   0x00004e55   Thumb Code    92  malloc.o(i.malloc)
    Logo_bitmap                              0x00004ee6   Data        1100  logo.black.o(.constdata)
    O_bitmap                                 0x00005332   Data         350  o_image.o(.constdata)
    X_bitmap                                 0x00005490   Data         350  x_image_bitmap.o(.constdata)
    calibri_14ptBitmaps                      0x000055f0   Data        2074  lcd_fonts.o(.constdata)
    calibri_14ptDescriptors                  0x00005e0a   Data         380  lcd_fonts.o(.constdata)
    calibri_14ptFontInfo                     0x00005f88   Data          12  lcd_fonts.o(.constdata)
    calibri_48ptBitmaps                      0x00005f94   Data        1680  lcd_fonts.o(.constdata)
    calibri_48ptDescriptors                  0x00006624   Data          40  lcd_fonts.o(.constdata)
    calibri_48ptFontInfo                     0x0000664c   Data          12  lcd_fonts.o(.constdata)
    Region$$Table$$Base                      0x00006658   Number         0  anon$$obj.o(Region$$Table)
    Region$$Table$$Limit                     0x00006678   Number         0  anon$$obj.o(Region$$Table)
    character                                0x20000000   Data           4  main.o(.data)
    SystemCoreClock                          0x20000004   Data           4  system_tm4c123.o(.data)
    ALERT_AUDIO_COMP                         0x20000008   Data           1  ece210_api.o(.data)
    AlertTouch                               0x20000010   Data           1  ece210_api.o(.data)
    AlertButtons                             0x20000011   Data           1  ece210_api.o(.data)
    User_Input_Index                         0x20000012   Data           1  lcd_terminal.o(.data)
    AUDIO_DATA                               0x2000001c   Data           2  mezz_audio.o(.data)
    ALERT_ADC                                0x2000001e   Data           1  mezz_audio.o(.data)
    __stdout                                 0x20000020   Data           4  stdout.o(.data)
    __microlib_freelist                      0x20000024   Data           4  mvars.o(.data)
    __microlib_freelist_initialised          0x20000028   Data           4  mvars.o(.data)
    LCD_Terminal                             0x20000044   Data        1540  lcd_terminal.o(.bss)
    User_Input                               0x20000648   Data         960  lcd_terminal.o(.bss)
    UART0_Tx_Buffer                          0x20000a08   Data          14  serial_debug.o(.bss)
    UART0_Rx_Buffer                          0x20000a16   Data          14  serial_debug.o(.bss)
    __heap_base                              0x20000a28   Data           0  startup_tm4c123.o(HEAP)
    __heap_limit                             0x20000a28   Data           0  startup_tm4c123.o(HEAP)
    __initial_sp                             0x20001a28   Data           0  startup_tm4c123.o(STACK)



==============================================================================

Memory Map of the image

  Image Entry point : 0x000005fd

  Load Region LR_1 (Base: 0x00000000, Size: 0x000066a4, Max: 0xffffffff, ABSOLUTE)

    Execution Region ER_RO (Exec base: 0x00000000, Load base: 0x00000000, Size: 0x00006678, Max: 0xffffffff, ABSOLUTE)

    Exec Addr    Load Addr    Size         Type   Attr      Idx    E Section Name        Object

    0x00000000   0x00000000   0x0000026c   Data   RO          182    RESET               startup_tm4c123.o
    0x0000026c   0x0000026c   0x00000000   Code   RO          876  * .ARM.Collect$$$$00000000  mc_w.l(entry.o)
    0x0000026c   0x0000026c   0x00000004   Code   RO         1177    .ARM.Collect$$$$00000001  mc_w.l(entry2.o)
    0x00000270   0x00000270   0x00000004   Code   RO         1180    .ARM.Collect$$$$00000004  mc_w.l(entry5.o)
    0x00000274   0x00000274   0x00000000   Code   RO         1182    .ARM.Collect$$$$00000008  mc_w.l(entry7b.o)
    0x00000274   0x00000274   0x00000000   Code   RO         1184    .ARM.Collect$$$$0000000A  mc_w.l(entry8b.o)
    0x00000274   0x00000274   0x00000008   Code   RO         1185    .ARM.Collect$$$$0000000B  mc_w.l(entry9a.o)
    0x0000027c   0x0000027c   0x00000000   Code   RO         1187    .ARM.Collect$$$$0000000D  mc_w.l(entry10a.o)
    0x0000027c   0x0000027c   0x00000000   Code   RO         1189    .ARM.Collect$$$$0000000F  mc_w.l(entry11a.o)
    0x0000027c   0x0000027c   0x00000004   Code   RO         1178    .ARM.Collect$$$$00002712  mc_w.l(entry2.o)
    0x00000280   0x00000280   0x00000324   Code   RO            4    .text               main.o
    0x000005a4   0x000005a4   0x00000056   Code   RO           96    .text               lab_buttons.o
    0x000005fa   0x000005fa   0x00000002   PAD
    0x000005fc   0x000005fc   0x000000fc   Code   RO          183  * .text               startup_tm4c123.o
    0x000006f8   0x000006f8   0x0000024c   Code   RO          190    .text               system_tm4c123.o
    0x00000944   0x00000944   0x00000488   Code   RO          220    .text               ece210.lib(ece210_api.o)
    0x00000dcc   0x00000dcc   0x00000368   Code   RO          361    .text               ece210.lib(gptimer.o)
    0x00001134   0x00001134   0x000002b8   Code   RO          393    .text               ece210.lib(ft6x06.o)
    0x000013ec   0x000013ec   0x00000190   Code   RO          421    .text               ece210.lib(io_expander.o)
    0x0000157c   0x0000157c   0x00000b0e   Code   RO          452    .text               ece210.lib(lcd.o)
    0x0000208a   0x0000208a   0x00000184   Code   RO          476    .text               ece210.lib(lcd_fonts.o)
    0x0000220e   0x0000220e   0x00000002   PAD
    0x00002210   0x00002210   0x00000b18   Code   RO          506    .text               ece210.lib(lcd_terminal.o)
    0x00002d28   0x00002d28   0x000002f8   Code   RO          544    .text               ece210.lib(ps2.o)
    0x00003020   0x00003020   0x00000210   Code   RO          574    .text               ece210.lib(serial_debug.o)
    0x00003230   0x00003230   0x000000a4   Code   RO          610    .text               ece210.lib(spi_select.o)
    0x000032d4   0x000032d4   0x00000558   Code   RO          634    .text               ece210.lib(wireless.o)
    0x0000382c   0x0000382c   0x000000c4   Code   RO          669    .text               ece210.lib(launchpad_io.o)
    0x000038f0   0x000038f0   0x000002c0   Code   RO          693    .text               ece210.lib(mezz_audio.o)
    0x00003bb0   0x00003bb0   0x00000128   Code   RO          723    .text               ece210.lib(adc.o)
    0x00003cd8   0x00003cd8   0x000002c4   Code   RO          747    .text               ece210.lib(gpio_port.o)
    0x00003f9c   0x00003f9c   0x00000208   Code   RO          771    .text               ece210.lib(i2c.o)
    0x000041a4   0x000041a4   0x0000007c   Code   RO          792    .text               ece210.lib(pc_buffer.o)
    0x00004220   0x00004220   0x0000018c   Code   RO          807    .text               ece210.lib(spi.o)
    0x000043ac   0x000043ac   0x00000270   Code   RO          831    .text               ece210.lib(uart.o)
    0x0000461c   0x0000461c   0x00000184   Code   RO          855    .text               ece210.lib(mcp47fvbxx.o)
    0x000047a0   0x000047a0   0x00000024   Code   RO          880    .text               mc_w.l(memcpya.o)
    0x000047c4   0x000047c4   0x00000024   Code   RO          882    .text               mc_w.l(memseta.o)
    0x000047e8   0x000047e8   0x00000012   Code   RO          884    .text               mc_w.l(strcpy.o)
    0x000047fa   0x000047fa   0x00000062   Code   RO         1193    .text               mc_w.l(uldiv.o)
    0x0000485c   0x0000485c   0x00000024   Code   RO         1208    .text               mc_w.l(init.o)
    0x00004880   0x00004880   0x0000001e   Code   RO         1210    .text               mc_w.l(llshl.o)
    0x0000489e   0x0000489e   0x00000020   Code   RO         1212    .text               mc_w.l(llushr.o)
    0x000048be   0x000048be   0x00000002   PAD
    0x000048c0   0x000048c0   0x000000a0   Code   RO          662    FLASH               ece210.lib(ws2812b_1.o)
    0x00004960   0x00004960   0x00000020   Code   RO         1095    i.__0printf$8       mc_w.l(printf8.o)
    0x00004980   0x00004980   0x0000000e   Code   RO         1220    i.__scatterload_copy  mc_w.l(handlers.o)
    0x0000498e   0x0000498e   0x00000002   Code   RO         1221    i.__scatterload_null  mc_w.l(handlers.o)
    0x00004990   0x00004990   0x0000000e   Code   RO         1222    i.__scatterload_zeroinit  mc_w.l(handlers.o)
    0x0000499e   0x0000499e   0x00000002   PAD
    0x000049a0   0x000049a0   0x00000410   Code   RO         1102    i._printf_core      mc_w.l(printf8.o)
    0x00004db0   0x00004db0   0x00000024   Code   RO         1103    i._printf_post_padding  mc_w.l(printf8.o)
    0x00004dd4   0x00004dd4   0x0000002e   Code   RO         1104    i._printf_pre_padding  mc_w.l(printf8.o)
    0x00004e02   0x00004e02   0x00000002   PAD
    0x00004e04   0x00004e04   0x00000050   Code   RO         1149    i.free              mc_w.l(malloc.o)
    0x00004e54   0x00004e54   0x0000006c   Code   RO         1150    i.malloc            mc_w.l(malloc.o)
    0x00004ec0   0x00004ec0   0x00000026   Data   RO            5    .constdata          main.o
    0x00004ee6   0x00004ee6   0x0000044c   Data   RO          120    .constdata          logo.black.o
    0x00005332   0x00005332   0x0000015e   Data   RO          141    .constdata          o_image.o
    0x00005490   0x00005490   0x0000015e   Data   RO          162    .constdata          x_image_bitmap.o
    0x000055ee   0x000055ee   0x00000002   PAD
    0x000055f0   0x000055f0   0x00001068   Data   RO          477    .constdata          ece210.lib(lcd_fonts.o)
    0x00006658   0x00006658   0x00000020   Data   RO         1218    Region$$Table       anon$$obj.o


    Execution Region ER_RW (Exec base: 0x20000000, Load base: 0x00006678, Size: 0x0000002c, Max: 0xffffffff, ABSOLUTE)

    Exec Addr    Load Addr    Size         Type   Attr      Idx    E Section Name        Object

    0x20000000   0x00006678   0x00000004   Data   RW            6    .data               main.o
    0x20000004   0x0000667c   0x00000004   Data   RW          191    .data               system_tm4c123.o
    0x20000008   0x00006680   0x0000000a   Data   RW          222    .data               ece210.lib(ece210_api.o)
    0x20000012   0x0000668a   0x00000001   Data   RW          508    .data               ece210.lib(lcd_terminal.o)
    0x20000013   0x0000668b   0x00000001   PAD
    0x20000014   0x0000668c   0x00000005   Data   RW          545    .data               ece210.lib(ps2.o)
    0x20000019   0x00006691   0x00000002   Data   RW          576    .data               ece210.lib(serial_debug.o)
    0x2000001b   0x00006693   0x00000001   PAD
    0x2000001c   0x00006694   0x00000003   Data   RW          694    .data               ece210.lib(mezz_audio.o)
    0x2000001f   0x00006697   0x00000001   PAD
    0x20000020   0x00006698   0x00000004   Data   RW          879    .data               mc_w.l(stdout.o)
    0x20000024   0x0000669c   0x00000004   Data   RW         1195    .data               mc_w.l(mvars.o)
    0x20000028   0x000066a0   0x00000004   Data   RW         1196    .data               mc_w.l(mvars.o)


    Execution Region ER_ZI (Exec base: 0x2000002c, Load base: 0x000066a4, Size: 0x000019fc, Max: 0xffffffff, ABSOLUTE)

    Exec Addr    Load Addr    Size         Type   Attr      Idx    E Section Name        Object

    0x2000002c        -       0x00000018   Zero   RW          221    .bss                ece210.lib(ece210_api.o)
    0x20000044        -       0x000009c4   Zero   RW          507    .bss                ece210.lib(lcd_terminal.o)
    0x20000a08        -       0x0000001c   Zero   RW          575    .bss                ece210.lib(serial_debug.o)
    0x20000a24   0x000066a4   0x00000004   PAD
    0x20000a28        -       0x00000000   Zero   RW          181    HEAP                startup_tm4c123.o
    0x20000a28        -       0x00001000   Zero   RW          180    STACK               startup_tm4c123.o


==============================================================================

Image component sizes


      Code (inc. data)   RO Data    RW Data    ZI Data      Debug   Object Name

        86          0          0          0          0       1249   lab_buttons.o
         0          0       1100          0          0        494   logo.black.o
       804        192         38          4          0       6397   main.o
         0          0        350          0          0        479   o_image.o
       252         10        620          0       4096       5448   startup_tm4c123.o
       588        134          0          4          0       1569   system_tm4c123.o
         0          0        350          0          0        499   x_image_bitmap.o

    ----------------------------------------------------------------------
      1732        336       2492          8       4096      16135   Object Totals
         0          0         32          0          0          0   (incl. Generated)
         2          0          2          0          0          0   (incl. Padding)

    ----------------------------------------------------------------------

      Code (inc. data)   RO Data    RW Data    ZI Data      Debug   Library Member Name

       296         14          0          0          0       2641   adc.o
      1160         74          0         10         24      50238   ece210_api.o
       696        160          0          0          0      29084   ft6x06.o
       708         32          0          0          0       5170   gpio_port.o
       872         28          0          0          0      31273   gptimer.o
       520         24          0          0          0       3685   i2c.o
       400          8          0          0          0       1670   io_expander.o
       196         26          0          0          0       1834   launchpad_io.o
      2830         38          0          0          0       7764   lcd.o
       388          0       4200          0          0       3494   lcd_fonts.o
      2840         40          0          1       2500       6101   lcd_terminal.o
       388          6          0          0          0       1768   mcp47fvbxx.o
       704         46          0          3          0       3796   mezz_audio.o
       124          0          0          0          0       1951   pc_buffer.o
       760         60          0          5          0      29881   ps2.o
       528         26          0          2         28       5553   serial_debug.o
       396         24          0          0          0       1881   spi.o
       164         10          0          0          0        881   spi_select.o
       624         50          0          0          0       3376   uart.o
      1368         28          0          0          0      12392   wireless.o
       160          0          0          0          0        480   ws2812b_1.o
         0          0          0          0          0          0   entry.o
         0          0          0          0          0          0   entry10a.o
         0          0          0          0          0          0   entry11a.o
         8          4          0          0          0          0   entry2.o
         4          0          0          0          0          0   entry5.o
         0          0          0          0          0          0   entry7b.o
         0          0          0          0          0          0   entry8b.o
         8          4          0          0          0          0   entry9a.o
        30          0          0          0          0          0   handlers.o
        36          8          0          0          0         68   init.o
        30          0          0          0          0         68   llshl.o
        32          0          0          0          0         68   llushr.o
       188         20          0          0          0        160   malloc.o
        36          0          0          0          0         68   memcpya.o
        36          0          0          0          0        108   memseta.o
         0          0          0          8          0          0   mvars.o
      1154         54          0          0          0        352   printf8.o
         0          0          0          4          0          0   stdout.o
        18          0          0          0          0         68   strcpy.o
        98          0          0          0          0         92   uldiv.o

    ----------------------------------------------------------------------
     17808        784       4200         36       2556     205965   Library Totals
         8          0          0          3          4          0   (incl. Padding)

    ----------------------------------------------------------------------

      Code (inc. data)   RO Data    RW Data    ZI Data      Debug   Library Name

     16122        694       4200         21       2552     204913   ece210.lib
      1678         90          0         12          0       1052   mc_w.l

    ----------------------------------------------------------------------
     17808        784       4200         36       2556     205965   Library Totals

    ----------------------------------------------------------------------

==============================================================================


      Code (inc. data)   RO Data    RW Data    ZI Data      Debug   

     19540       1120       6692         44       6652     217584   Grand Totals
     19540       1120       6692         44       6652     217584   ELF Image Totals
     19540       1120       6692         44          0          0   ROM Totals

==============================================================================

    Total RO  Size (Code + RO Data)                26232 (  25.62kB)
    Total RW  Size (RW Data + ZI Data)              6696 (   6.54kB)
    Total ROM Size (Code + RO Data + RW Data)      26276 (  25.66kB)

==============================================================================

